Component: ARM Compiler 5.06 update 7 (build 960) Tool: armlink [4d3601]

==============================================================================

Section Cross References

    startup_cw32f030.o(RESET) refers to startup_cw32f030.o(STACK) for __initial_sp
    startup_cw32f030.o(RESET) refers to startup_cw32f030.o(.text) for Reset_Handler
    startup_cw32f030.o(RESET) refers to interrupts_cw32f030.o(i.NMI_Handler) for NMI_Handler
    startup_cw32f030.o(RESET) refers to interrupts_cw32f030.o(i.HardFault_Handler) for HardFault_Handler
    startup_cw32f030.o(RESET) refers to interrupts_cw32f030.o(i.SVC_Handler) for SVC_Handler
    startup_cw32f030.o(RESET) refers to interrupts_cw32f030.o(i.PendSV_Handler) for PendSV_Handler
    startup_cw32f030.o(RESET) refers to cw32f030_systick.o(i.SysTick_Handler) for SysTick_Handler
    startup_cw32f030.o(RESET) refers to interrupts_cw32f030.o(i.WDT_IRQHandler) for WDT_IRQHandler
    startup_cw32f030.o(RESET) refers to interrupts_cw32f030.o(i.LVD_IRQHandler) for LVD_IRQHandler
    startup_cw32f030.o(RESET) refers to interrupts_cw32f030.o(i.RTC_IRQHandler) for RTC_IRQHandler
    startup_cw32f030.o(RESET) refers to interrupts_cw32f030.o(i.FLASHRAM_IRQHandler) for FLASHRAM_IRQHandler
    startup_cw32f030.o(RESET) refers to interrupts_cw32f030.o(i.RCC_IRQHandler) for RCC_IRQHandler
    startup_cw32f030.o(RESET) refers to interrupts_cw32f030.o(i.GPIOA_IRQHandler) for GPIOA_IRQHandler
    startup_cw32f030.o(RESET) refers to interrupts_cw32f030.o(i.GPIOB_IRQHandler) for GPIOB_IRQHandler
    startup_cw32f030.o(RESET) refers to interrupts_cw32f030.o(i.GPIOC_IRQHandler) for GPIOC_IRQHandler
    startup_cw32f030.o(RESET) refers to interrupts_cw32f030.o(i.GPIOF_IRQHandler) for GPIOF_IRQHandler
    startup_cw32f030.o(RESET) refers to interrupts_cw32f030.o(i.DMACH1_IRQHandler) for DMACH1_IRQHandler
    startup_cw32f030.o(RESET) refers to interrupts_cw32f030.o(i.DMACH23_IRQHandler) for DMACH23_IRQHandler
    startup_cw32f030.o(RESET) refers to interrupts_cw32f030.o(i.DMACH45_IRQHandler) for DMACH45_IRQHandler
    startup_cw32f030.o(RESET) refers to interrupts_cw32f030.o(i.ADC_IRQHandler) for ADC_IRQHandler
    startup_cw32f030.o(RESET) refers to interrupts_cw32f030.o(i.ATIM_IRQHandler) for ATIM_IRQHandler
    startup_cw32f030.o(RESET) refers to interrupts_cw32f030.o(i.VC1_IRQHandler) for VC1_IRQHandler
    startup_cw32f030.o(RESET) refers to interrupts_cw32f030.o(i.VC2_IRQHandler) for VC2_IRQHandler
    startup_cw32f030.o(RESET) refers to interrupts_cw32f030.o(i.GTIM1_IRQHandler) for GTIM1_IRQHandler
    startup_cw32f030.o(RESET) refers to interrupts_cw32f030.o(i.GTIM2_IRQHandler) for GTIM2_IRQHandler
    startup_cw32f030.o(RESET) refers to interrupts_cw32f030.o(i.GTIM3_IRQHandler) for GTIM3_IRQHandler
    startup_cw32f030.o(RESET) refers to interrupts_cw32f030.o(i.GTIM4_IRQHandler) for GTIM4_IRQHandler
    startup_cw32f030.o(RESET) refers to main.o(i.BTIM1_IRQHandler) for BTIM1_IRQHandler
    startup_cw32f030.o(RESET) refers to interrupts_cw32f030.o(i.BTIM2_IRQHandler) for BTIM2_IRQHandler
    startup_cw32f030.o(RESET) refers to interrupts_cw32f030.o(i.BTIM3_IRQHandler) for BTIM3_IRQHandler
    startup_cw32f030.o(RESET) refers to interrupts_cw32f030.o(i.I2C1_IRQHandler) for I2C1_IRQHandler
    startup_cw32f030.o(RESET) refers to interrupts_cw32f030.o(i.I2C2_IRQHandler) for I2C2_IRQHandler
    startup_cw32f030.o(RESET) refers to interrupts_cw32f030.o(i.SPI1_IRQHandler) for SPI1_IRQHandler
    startup_cw32f030.o(RESET) refers to interrupts_cw32f030.o(i.SPI2_IRQHandler) for SPI2_IRQHandler
    startup_cw32f030.o(RESET) refers to interrupts_cw32f030.o(i.UART1_IRQHandler) for UART1_IRQHandler
    startup_cw32f030.o(RESET) refers to interrupts_cw32f030.o(i.UART2_IRQHandler) for UART2_IRQHandler
    startup_cw32f030.o(RESET) refers to interrupts_cw32f030.o(i.UART3_IRQHandler) for UART3_IRQHandler
    startup_cw32f030.o(RESET) refers to interrupts_cw32f030.o(i.AWT_IRQHandler) for AWT_IRQHandler
    startup_cw32f030.o(RESET) refers to interrupts_cw32f030.o(i.FAULT_IRQHandler) for FAULT_IRQHandler
    startup_cw32f030.o(.text) refers to system_cw32f030.o(i.SystemInit) for SystemInit
    startup_cw32f030.o(.text) refers to entry.o(.ARM.Collect$$$$00000000) for __main
    main.o(i.ADC_Configuration) refers to cw32f030_adc.o(i.ADC_SingleChOneModeCfg) for ADC_SingleChOneModeCfg
    main.o(i.ADC_Configuration) refers to cw32f030_adc.o(i.ADC_Enable) for ADC_Enable
    main.o(i.ADC_Configuration) refers to cw32f030_adc.o(i.ADC_SoftwareStartConvCmd) for ADC_SoftwareStartConvCmd
    main.o(i.BTIM1_IRQHandler) refers to cw32f030_btim.o(i.BTIM_GetITStatus) for BTIM_GetITStatus
    main.o(i.BTIM1_IRQHandler) refers to cw32f030_btim.o(i.BTIM_ClearITPendingBit) for BTIM_ClearITPendingBit
    main.o(i.BTIM1_IRQHandler) refers to main.o(.data) for .data
    main.o(i.BTIM_init) refers to cw32f030_btim.o(i.BTIM_TimeBaseInit) for BTIM_TimeBaseInit
[...]
    Removing cw32f030_i2c.o(i.I2C_SlaveRecDataFromMaster), (70 bytes).
    Removing cw32f030_i2c.o(i.I2C_SlaveSendDataToMaster), (56 bytes).
    Removing cw32f030_i2c.o(i.I2C_Slave_Init), (54 bytes).
    Removing cw32f030_iwdt.o(.rev16_text), (4 bytes).
    Removing cw32f030_iwdt.o(.revsh_text), (4 bytes).
    Removing cw32f030_iwdt.o(i.IWDT_DeInit), (24 bytes).
    Removing cw32f030_iwdt.o(i.IWDT_GetCounterValue), (16 bytes).
    Removing cw32f030_iwdt.o(i.IWDT_GetFlagStatus), (16 bytes).
    Removing cw32f030_iwdt.o(i.IWDT_ITConfig), (48 bytes).
    Removing cw32f030_iwdt.o(i.IWDT_Init), (72 bytes).
    Removing cw32f030_iwdt.o(i.IWDT_SetPrescaler), (44 bytes).
    Removing cw32f030_iwdt.o(i.IWDT_SetReloadValue), (32 bytes).
    Removing cw32f030_iwdt.o(i.IWDT_SetWindowValue), (32 bytes).
    Removing cw32f030_lvd.o(.rev16_text), (4 bytes).
    Removing cw32f030_lvd.o(.revsh_text), (4 bytes).
    Removing cw32f030_lvd.o(i.LVD_ClearIrq), (16 bytes).
    Removing cw32f030_lvd.o(i.LVD_DeInit), (12 bytes).
    Removing cw32f030_lvd.o(i.LVD_Disable), (16 bytes).
    Removing cw32f030_lvd.o(i.LVD_DisableIrq), (32 bytes).
    Removing cw32f030_lvd.o(i.LVD_DisableNvic), (28 bytes).
    Removing cw32f030_lvd.o(i.LVD_Enable), (16 bytes).
    Removing cw32f030_lvd.o(i.LVD_EnableIrq), (24 bytes).
    Removing cw32f030_lvd.o(i.LVD_EnableNvic), (48 bytes).
    Removing cw32f030_lvd.o(i.LVD_GetFilterResult), (16 bytes).
    Removing cw32f030_lvd.o(i.LVD_GetFlagStatus), (20 bytes).
    Removing cw32f030_lvd.o(i.LVD_GetIrqStatus), (16 bytes).
    Removing cw32f030_lvd.o(i.LVD_Init), (60 bytes).
    Removing cw32f030_lvd.o(i.LVD_TrigConfig), (24 bytes).
    Removing cw32f030_lvd.o(i.__NVIC_ClearPendingIRQ), (24 bytes).
    Removing cw32f030_pwr.o(.rev16_text), (4 bytes).
    Removing cw32f030_pwr.o(.revsh_text), (4 bytes).
    Removing cw32f030_pwr.o(i.PWR_Config), (28 bytes).
    Removing cw32f030_pwr.o(i.PWR_GotoLpmMode), (4 bytes).
    Removing cw32f030_ram.o(.rev16_text), (4 bytes).
    Removing cw32f030_ram.o(.revsh_text), (4 bytes).
    Removing cw32f030_ram.o(i.RAM_ClearITPendingBit), (16 bytes).
    Removing cw32f030_ram.o(i.RAM_GetErrorAddress), (12 bytes).
    Removing cw32f030_ram.o(i.RAM_GetITStatus), (20 bytes).
    Removing cw32f030_ram.o(i.RAM_ITConfig), (24 bytes).
    Removing cw32f030_rcc.o(.rev16_text), (4 bytes).
    Removing cw32f030_rcc.o(.revsh_text), (4 bytes).
    Removing cw32f030_rcc.o(i.RCC_AHBPeriphClk_Enable), (24 bytes).
    Removing cw32f030_rcc.o(i.RCC_AHBPeriphReset), (24 bytes).
    Removing cw32f030_rcc.o(i.RCC_APBPeriphClk_Enable1), (24 bytes).
    Removing cw32f030_rcc.o(i.RCC_APBPeriphClk_Enable2), (24 bytes).
    Removing cw32f030_rcc.o(i.RCC_APBPeriphReset1), (24 bytes).
    Removing cw32f030_rcc.o(i.RCC_APBPeriphReset2), (24 bytes).
    Removing cw32f030_rcc.o(i.RCC_ATIMITRSelect), (24 bytes).
    Removing cw32f030_rcc.o(i.RCC_BTIM1ITRSelect), (24 bytes).
    Removing cw32f030_rcc.o(i.RCC_BTIM2ITRSelect), (24 bytes).
    Removing cw32f030_rcc.o(i.RCC_BTIM3ITRSelect), (24 bytes).
    Removing cw32f030_rcc.o(i.RCC_CCS_Config), (36 bytes).
    Removing cw32f030_rcc.o(i.RCC_ClearITPendingBit), (16 bytes).
    Removing cw32f030_rcc.o(i.RCC_ClearRstFlag), (16 bytes).
    Removing cw32f030_rcc.o(i.RCC_DeInit), (92 bytes).
    Removing cw32f030_rcc.o(i.RCC_GTIM1ITRSelect), (24 bytes).
    Removing cw32f030_rcc.o(i.RCC_GTIM2ITRSelect), (24 bytes).
    Removing cw32f030_rcc.o(i.RCC_GTIM3ITRSelect), (24 bytes).
    Removing cw32f030_rcc.o(i.RCC_GTIM4ITRSelect), (24 bytes).
    Removing cw32f030_rcc.o(i.RCC_GetAllRstFlag), (12 bytes).
    Removing cw32f030_rcc.o(i.RCC_GetAllStableFlag), (12 bytes).
    Removing cw32f030_rcc.o(i.RCC_GetITStatus), (20 bytes).
    Removing cw32f030_rcc.o(i.RCC_GetRstFlag), (20 bytes).
    Removing cw32f030_rcc.o(i.RCC_GetStableFlag), (20 bytes).
    Removing cw32f030_rcc.o(i.RCC_HCLK_OUT), (48 bytes).
    Removing cw32f030_rcc.o(i.RCC_HSE_Disable), (28 bytes).
    Removing cw32f030_rcc.o(i.RCC_HSE_Enable), (156 bytes).
    Removing cw32f030_rcc.o(i.RCC_HSE_OUT), (52 bytes).
    Removing cw32f030_rcc.o(i.RCC_HSI_Disable), (28 bytes).
    Removing cw32f030_rcc.o(i.RCC_HSI_OUT), (48 bytes).
    Removing cw32f030_rcc.o(i.RCC_ITConfig), (36 bytes).
    Removing cw32f030_rcc.o(i.RCC_LOCKUP_Config), (32 bytes).
    Removing cw32f030_rcc.o(i.RCC_LSELOCK_Config), (24 bytes).
    Removing cw32f030_rcc.o(i.RCC_LSE_Disable), (28 bytes).
    Removing cw32f030_rcc.o(i.RCC_LSE_Enable), (96 bytes).
    Removing cw32f030_rcc.o(i.RCC_LSE_OUT), (56 bytes).
    Removing cw32f030_rcc.o(i.RCC_LSI_Disable), (28 bytes).
    Removing cw32f030_rcc.o(i.RCC_LSI_Enable), (44 bytes).
    Removing cw32f030_rcc.o(i.RCC_LSI_OUT), (56 bytes).
    Removing cw32f030_rcc.o(i.RCC_MCO_OUT), (56 bytes).
    Removing cw32f030_rcc.o(i.RCC_PCLK_OUT), (52 bytes).
    Removing cw32f030_rcc.o(i.RCC_PLL_Disable), (28 bytes).
    Removing cw32f030_rcc.o(i.RCC_PLL_OUT), (52 bytes).
    Removing cw32f030_rcc.o(i.RCC_SWDIO_Config), (32 bytes).
    Removing cw32f030_rcc.o(i.RCC_SYSCLKSRC_Config), (44 bytes).
    Removing cw32f030_rcc.o(i.RCC_Sysctrl_GetPClkFreq), (24 bytes).
    Removing cw32f030_rcc.o(i.RCC_WAKEUPCLK_Config), (32 bytes).
    Removing cw32f030_rtc.o(.rev16_text), (4 bytes).
    Removing cw32f030_rtc.o(.revsh_text), (4 bytes).
    Removing cw32f030_rtc.o(i.RTC_AWTCmd), (92 bytes).
    Removing cw32f030_rtc.o(i.RTC_AWTConfig), (96 bytes).
    Removing cw32f030_rtc.o(i.RTC_AlarmCmd), (112 bytes).
    Removing cw32f030_rtc.o(i.RTC_BCDToBin), (16 bytes).
    Removing cw32f030_rtc.o(i.RTC_BinToBCD), (22 bytes).
    Removing cw32f030_rtc.o(i.RTC_CalibrationCmd), (92 bytes).
    Removing cw32f030_rtc.o(i.RTC_CalibrationConfig), (100 bytes).
    Removing cw32f030_rtc.o(i.RTC_ClearITPendingBit), (52 bytes).
    Removing cw32f030_rtc.o(i.RTC_Cmd), (64 bytes).
    Removing cw32f030_rtc.o(i.RTC_DeInit), (104 bytes).
    Removing cw32f030_rtc.o(i.RTC_GetAlarm), (88 bytes).
    Removing cw32f030_rtc.o(i.RTC_GetDate), (32 bytes).
    Removing cw32f030_rtc.o(i.RTC_GetITState), (28 bytes).
    Removing cw32f030_rtc.o(i.RTC_GetTamperDate), (36 bytes).
    Removing cw32f030_rtc.o(i.RTC_GetTamperTime), (44 bytes).
    Removing cw32f030_rtc.o(i.RTC_GetTime), (60 bytes).
    Removing cw32f030_rtc.o(i.RTC_ITConfig), (64 bytes).
    Removing cw32f030_rtc.o(i.RTC_Init), (132 bytes).
    Removing cw32f030_rtc.o(i.RTC_OutputConfig), (92 bytes).
    Removing cw32f030_rtc.o(i.RTC_SetAlarm), (104 bytes).
    Removing cw32f030_rtc.o(i.RTC_SetClockSource), (52 bytes).
    Removing cw32f030_rtc.o(i.RTC_SetDate), (72 bytes).
    Removing cw32f030_rtc.o(i.RTC_SetInterval), (92 bytes).
    Removing cw32f030_rtc.o(i.RTC_SetTime), (116 bytes).
    Removing cw32f030_rtc.o(i.RTC_TamperCmd), (92 bytes).
    Removing cw32f030_rtc.o(i.RTC_TamperTriggerConfig), (92 bytes).
    Removing cw32f030_spi.o(.rev16_text), (4 bytes).
    Removing cw32f030_spi.o(.revsh_text), (4 bytes).
    Removing cw32f030_spi.o(i.SPI1_DeInit), (24 bytes).
    Removing cw32f030_spi.o(i.SPI2_DeInit), (24 bytes).
    Removing cw32f030_spi.o(i.SPI_BiDirectionalLineConfig), (4 bytes).
    Removing cw32f030_spi.o(i.SPI_ClearFlag), (8 bytes).
    Removing cw32f030_spi.o(i.SPI_ClearITPendingBit), (8 bytes).
    Removing cw32f030_spi.o(i.SPI_Cmd), (16 bytes).
    Removing cw32f030_spi.o(i.SPI_DMACmd), (16 bytes).
    Removing cw32f030_spi.o(i.SPI_DataSizeConfig), (14 bytes).
    Removing cw32f030_spi.o(i.SPI_FlushSendBuff), (10 bytes).
    Removing cw32f030_spi.o(i.SPI_GetFlagStatus), (10 bytes).
    Removing cw32f030_spi.o(i.SPI_GetITStatus), (10 bytes).
    Removing cw32f030_spi.o(i.SPI_ITConfig), (16 bytes).
    Removing cw32f030_spi.o(i.SPI_Init), (52 bytes).
    Removing cw32f030_spi.o(i.SPI_MISOOutputConfig), (18 bytes).
    Removing cw32f030_spi.o(i.SPI_NSSInternalSoftwareConfig), (4 bytes).
    Removing cw32f030_spi.o(i.SPI_ReceiveData), (6 bytes).
    Removing cw32f030_spi.o(i.SPI_SendData), (4 bytes).
    Removing cw32f030_spi.o(i.SPI_StructInit), (26 bytes).
    Removing cw32f030_systick.o(.rev16_text), (4 bytes).
    Removing cw32f030_systick.o(.revsh_text), (4 bytes).
    Removing cw32f030_systick.o(i.GetTick), (12 bytes).
    Removing cw32f030_systick.o(i.InitTick), (88 bytes).
    Removing cw32f030_systick.o(i.ResumeTick), (16 bytes).
    Removing cw32f030_systick.o(i.SuspendTick), (16 bytes).
    Removing cw32f030_systick.o(i.SysTickDelay), (36 bytes).
    Removing cw32f030_systick.o(i.__NVIC_SetPriority), (68 bytes).
    Removing cw32f030_uart.o(.rev16_text), (4 bytes).
    Removing cw32f030_uart.o(.revsh_text), (4 bytes).
    Removing cw32f030_uart.o(i.UART1_DeInit), (24 bytes).
    Removing cw32f030_uart.o(i.UART2_DeInit), (24 bytes).
    Removing cw32f030_uart.o(i.UART3_DeInit), (24 bytes).
    Removing cw32f030_uart.o(i.USART_ClearFlag), (8 bytes).
    Removing cw32f030_uart.o(i.USART_ClearITPendingBit), (8 bytes).
    Removing cw32f030_uart.o(i.USART_ClockInit), (28 bytes).
    Removing cw32f030_uart.o(i.USART_ClockStructInit), (8 bytes).
    Removing cw32f030_uart.o(i.USART_DMACmd), (20 bytes).
    Removing cw32f030_uart.o(i.USART_GetFlagStatus), (10 bytes).
    Removing cw32f030_uart.o(i.USART_GetITStatus), (10 bytes).
    Removing cw32f030_uart.o(i.USART_HalfDuplexCmd), (16 bytes).
    Removing cw32f030_uart.o(i.USART_ITConfig), (20 bytes).
    Removing cw32f030_uart.o(i.USART_Init), (228 bytes).
    Removing cw32f030_uart.o(i.USART_ReceiveData), (8 bytes).
    Removing cw32f030_uart.o(i.USART_ReceiveData_8bit), (6 bytes).
    Removing cw32f030_uart.o(i.USART_SendData), (8 bytes).
    Removing cw32f030_uart.o(i.USART_SendData_8bit), (4 bytes).
    Removing cw32f030_uart.o(i.USART_SetMultiMode), (32 bytes).
    Removing cw32f030_uart.o(i.USART_StructInit), (26 bytes).
    Removing cw32f030_uart.o(i.USART_TxRxEN), (20 bytes).
    Removing cw32f030_uart.o(i.USART_TxRxINV), (20 bytes).
    Removing cw32f030_vc.o(.rev16_text), (4 bytes).
    Removing cw32f030_vc.o(.revsh_text), (4 bytes).
    Removing cw32f030_vc.o(i.VC1VC2_BlankInit), (12 bytes).
    Removing cw32f030_vc.o(i.VC1VC2_DIVDeInit), (16 bytes).
    Removing cw32f030_vc.o(i.VC1VC2_DIVInit), (76 bytes).
    Removing cw32f030_vc.o(i.VC1VC2_INNInit), (80 bytes).
    Removing cw32f030_vc.o(i.VC1VC2_OutInit), (8 bytes).
    Removing cw32f030_vc.o(i.VC1_BlankCfg), (32 bytes).
    Removing cw32f030_vc.o(i.VC1_ChannelDeInit), (24 bytes).
    Removing cw32f030_vc.o(i.VC1_ChannelInit), (72 bytes).
    Removing cw32f030_vc.o(i.VC1_ClearIrq), (16 bytes).
    Removing cw32f030_vc.o(i.VC1_DisableChannel), (16 bytes).
    Removing cw32f030_vc.o(i.VC1_DisableFilter), (16 bytes).
    Removing cw32f030_vc.o(i.VC1_DisableIrq), (24 bytes).
    Removing cw32f030_vc.o(i.VC1_EnableChannel), (28 bytes).
    Removing cw32f030_vc.o(i.VC1_EnableFilter), (16 bytes).
    Removing cw32f030_vc.o(i.VC1_EnableIrq), (28 bytes).
    Removing cw32f030_vc.o(i.VC1_GetFlagStatus), (20 bytes).
    Removing cw32f030_vc.o(i.VC1_ITConfig), (24 bytes).
    Removing cw32f030_vc.o(i.VC1_OutputCfg), (28 bytes).
    Removing cw32f030_vc.o(i.VC1_PolarityCfg), (24 bytes).
    Removing cw32f030_vc.o(i.VC1_WindowEnable), (24 bytes).
    Removing cw32f030_vc.o(i.VC2_BlankCfg), (32 bytes).
    Removing cw32f030_vc.o(i.VC2_ChannelDeInit), (24 bytes).
    Removing cw32f030_vc.o(i.VC2_ChannelInit), (72 bytes).
    Removing cw32f030_vc.o(i.VC2_ClearIrq), (16 bytes).
    Removing cw32f030_vc.o(i.VC2_DisableChannel), (16 bytes).
    Removing cw32f030_vc.o(i.VC2_DisableFilter), (16 bytes).
    Removing cw32f030_vc.o(i.VC2_DisableIrq), (24 bytes).
    Removing cw32f030_vc.o(i.VC2_EnableChannel), (28 bytes).
    Removing cw32f030_vc.o(i.VC2_EnableFilter), (16 bytes).
    Removing cw32f030_vc.o(i.VC2_EnableIrq), (28 bytes).
    Removing cw32f030_vc.o(i.VC2_GetFlagStatus), (20 bytes).
    Removing cw32f030_vc.o(i.VC2_ITConfig), (24 bytes).
    Removing cw32f030_vc.o(i.VC2_OutputCfg), (28 bytes).
    Removing cw32f030_vc.o(i.VC2_PolarityCfg), (24 bytes).
    Removing cw32f030_vc.o(i.VC2_WindowEnable), (24 bytes).
    Removing cw32f030_vc.o(i.VC_DeInit), (32 bytes).
    Removing cw32f030_vc.o(i.VC_DisableNvic), (40 bytes).
    Removing cw32f030_vc.o(i.VC_EnableNvic), (104 bytes).
    Removing cw32f030_vc.o(i.__NVIC_ClearPendingIRQ), (24 bytes).
    Removing cw32f030_wwdt.o(.rev16_text), (4 bytes).
    Removing cw32f030_wwdt.o(.revsh_text), (4 bytes).
    Removing cw32f030_wwdt.o(i.WWDT_ClearFlag), (16 bytes).
    Removing cw32f030_wwdt.o(i.WWDT_Cmd), (16 bytes).
    Removing cw32f030_wwdt.o(i.WWDT_DeInit), (24 bytes).
    Removing cw32f030_wwdt.o(i.WWDT_EnableIT), (16 bytes).
    Removing cw32f030_wwdt.o(i.WWDT_GetCounterValue), (16 bytes).
    Removing cw32f030_wwdt.o(i.WWDT_GetFlagStatus), (12 bytes).
    Removing cw32f030_wwdt.o(i.WWDT_GetWindowValue), (16 bytes).
    Removing cw32f030_wwdt.o(i.WWDT_Init), (52 bytes).
    Removing cw32f030_wwdt.o(i.WWDT_Refresh), (24 bytes).
    Removing cw32f030_wwdt.o(i.WWDT_SetPrescaler), (20 bytes).
    Removing cw32f030_wwdt.o(i.WWDT_SetWindowValue), (24 bytes).
    Removing system_cw32f030.o(.rev16_text), (4 bytes).
    Removing system_cw32f030.o(.revsh_text), (4 bytes).
    Removing system_cw32f030.o(i.FirmwareDelay), (16 bytes).
    Removing system_cw32f030.o(i.MemClr), (18 bytes).
    Removing system_cw32f030.o(i.SystemCoreClockUpdate), (16 bytes).
    Removing system_cw32f030.o(i.delay10us), (80 bytes).
    Removing fflti.o(.text), (22 bytes).
    Removing ffixi.o(.text), (50 bytes).
    Removing dfixui.o(.text), (60 bytes).
    Removing cw32f030_iwdt.o(i.IWDT_Cmd), (16 bytes).
    Removing cw32f030_iwdt.o(i.IWDT_Refresh), (16 bytes).
    Removing cw32f030_iwdt.o(i.IWDT_Unlock), (16 bytes).
    Removing cw32f030_iwdt.o(i.IWDT_Lock), (16 bytes).
    Removing cw32f030_iwdt.o(i.IWDT_Stop), (24 bytes).
    Removing cw32f030_iwdt.o(i.IWDT_ClearOVFlag), (16 bytes).

491 unused section(s) (total 28173 bytes) removed from the image.

==============================================================================

Image Symbol Table

    Local Symbols

    Symbol Name                              Value     Ov Type        Size  Object(Section)

    RESET                                    0x00000000   Section      192  startup_cw32f030.o(RESET)
    ../clib/../cmprslib/zerorunl.c           0x00000000   Number         0  __dczerorl.o ABSOLUTE
    ../clib/microlib/division.c              0x00000000   Number         0  ldiv.o ABSOLUTE
    ../clib/microlib/division.c              0x00000000   Number         0  idiv.o ABSOLUTE
    ../clib/microlib/division.c              0x00000000   Number         0  uidiv.o ABSOLUTE
    ../clib/microlib/division.c              0x00000000   Number         0  uldiv.o ABSOLUTE
    ../clib/microlib/init/entry.s            0x00000000   Number         0  entry10b.o ABSOLUTE
    ../clib/microlib/init/entry.s            0x00000000   Number         0  entry.o ABSOLUTE
    ../clib/microlib/init/entry.s            0x00000000   Number         0  entry10a.o ABSOLUTE
    ../clib/microlib/init/entry.s            0x00000000   Number         0  entry7b.o ABSOLUTE
    ../clib/microlib/init/entry.s            0x00000000   Number         0  entry8b.o ABSOLUTE
    ../clib/microlib/init/entry.s            0x00000000   Number         0  entry9b.o ABSOLUTE
    ../clib/microlib/init/entry.s            0x00000000   Number         0  entry9a.o ABSOLUTE
    ../clib/microlib/init/entry.s            0x00000000   Number         0  entry8a.o ABSOLUTE
    ../clib/microlib/init/entry.s            0x00000000   Number         0  entry2.o ABSOLUTE
    ../clib/microlib/init/entry.s            0x00000000   Number         0  entry5.o ABSOLUTE
    ../clib/microlib/init/entry.s            0x00000000   Number         0  entry7a.o ABSOLUTE
    ../clib/microlib/init/entry.s            0x00000000   Number         0  entry12b.o ABSOLUTE
    ../clib/microlib/init/entry.s            0x00000000   Number         0  entry12a.o ABSOLUTE
    ../clib/microlib/init/entry.s            0x00000000   Number         0  entry11b.o ABSOLUTE
    ../clib/microlib/init/entry.s            0x00000000   Number         0  entry11a.o ABSOLUTE
    ../clib/microlib/longlong.c              0x00000000   Number         0  llushr.o ABSOLUTE
    ../clib/microlib/longlong.c              0x00000000   Number         0  llsshr.o ABSOLUTE
    ../clib/microlib/longlong.c              0x00000000   Number         0  llshl.o ABSOLUTE
    ../clib/microlib/malloc/malloc.c         0x00000000   Number         0  malloc.o ABSOLUTE
    ../clib/microlib/malloc/malloc.c         0x00000000   Number         0  mallocr.o ABSOLUTE
    ../clib/microlib/malloc/malloc.c         0x00000000   Number         0  malloca.o ABSOLUTE
    ../clib/microlib/malloc/malloc.c         0x00000000   Number         0  mallocra.o ABSOLUTE
    ../clib/microlib/malloc/mvars.c          0x00000000   Number         0  mvars.o ABSOLUTE
    ../clib/microlib/printf/printf.c         0x00000000   Number         0  printf7.o ABSOLUTE
    ../clib/microlib/printf/printf.c         0x00000000   Number         0  printf6.o ABSOLUTE
    ../clib/microlib/printf/printf.c         0x00000000   Number         0  printf5.o ABSOLUTE
    ../clib/microlib/printf/printf.c         0x00000000   Number         0  printf4.o ABSOLUTE
    ../clib/microlib/printf/printf.c         0x00000000   Number         0  printf3.o ABSOLUTE
    ../clib/microlib/printf/printf.c         0x00000000   Number         0  printf1.o ABSOLUTE
    ../clib/microlib/printf/printf.c         0x00000000   Number         0  printf0.o ABSOLUTE
    ../clib/microlib/printf/printf.c         0x00000000   Number         0  printfb.o ABSOLUTE
    ../clib/microlib/printf/printf.c         0x00000000   Number         0  printf2.o ABSOLUTE
    ../clib/microlib/printf/printf.c         0x00000000   Number         0  printfa.o ABSOLUTE
    ../clib/microlib/printf/printf.c         0x00000000   Number         0  printf8.o ABSOLUTE
    ../clib/microlib/printf/stubs.s          0x00000000   Number         0  stubs.o ABSOLUTE
    ../clib/microlib/stdio/fputc.c           0x00000000   Number         0  fputc.o ABSOLUTE
    ../clib/microlib/stdio/semi.s            0x00000000   Number         0  semi.o ABSOLUTE
    ../clib/microlib/stdio/streams.c         0x00000000   Number         0  stdout.o ABSOLUTE
    ../clib/microlib/string/memcpy.c         0x00000000   Number         0  memcpya.o ABSOLUTE
    ../clib/microlib/string/memcpy.c         0x00000000   Number         0  memcpyb.o ABSOLUTE
    ../clib/microlib/stubs.s                 0x00000000   Number         0  iusesemip.o ABSOLUTE
    ../clib/microlib/stubs.s                 0x00000000   Number         0  iusefp.o ABSOLUTE
    ../fplib/microlib/f2d.c                  0x00000000   Number         0  f2d.o ABSOLUTE
    ../fplib/microlib/fpadd.c                0x00000000   Number         0  dadd.o ABSOLUTE
    ../fplib/microlib/fpadd.c                0x00000000   Number         0  fadd.o ABSOLUTE
    ../fplib/microlib/fpdiv.c                0x00000000   Number         0  ddiv.o ABSOLUTE
    ../fplib/microlib/fpdiv.c                0x00000000   Number         0  fdiv.o ABSOLUTE
    ../fplib/microlib/fpepilogue.c           0x00000000   Number         0  depilogue.o ABSOLUTE
    ../fplib/microlib/fpepilogue.c           0x00000000   Number         0  fepilogue.o ABSOLUTE
    ../fplib/microlib/fpfix.c                0x00000000   Number         0  dfixul.o ABSOLUTE
    ../fplib/microlib/fpfix.c                0x00000000   Number         0  dfixui.o ABSOLUTE
    ../fplib/microlib/fpfix.c                0x00000000   Number         0  ffixui.o ABSOLUTE
    ../fplib/microlib/fpfix.c                0x00000000   Number         0  ffixi.o ABSOLUTE
    ../fplib/microlib/fpflt.c                0x00000000   Number         0  ffltui.o ABSOLUTE
    ../fplib/microlib/fpflt.c                0x00000000   Number         0  fflti.o ABSOLUTE
    ../fplib/microlib/fpmul.c                0x00000000   Number         0  dmul.o ABSOLUTE
    ../fplib/microlib/fpmul.c                0x00000000   Number         0  fmul.o ABSOLUTE
    ../fplib/microlib/fpscalb.c              0x00000000   Number         0  fscalb.o ABSOLUTE
    ..\Libraries\src\cw32f030_adc.c          0x00000000   Number         0  cw32f030_adc.o ABSOLUTE
    ..\Libraries\src\cw32f030_atim.c         0x00000000   Number         0  cw32f030_atim.o ABSOLUTE
    ..\Libraries\src\cw32f030_awt.c          0x00000000   Number         0  cw32f030_awt.o ABSOLUTE
    ..\Libraries\src\cw32f030_btim.c         0x00000000   Number         0  cw32f030_btim.o ABSOLUTE
    ..\Libraries\src\cw32f030_crc.c          0x00000000   Number         0  cw32f030_crc.o ABSOLUTE
    ..\Libraries\src\cw32f030_debug.c        0x00000000   Number         0  cw32f030_debug.o ABSOLUTE
    ..\Libraries\src\cw32f030_digitalsign.c  0x00000000   Number         0  cw32f030_digitalsign.o ABSOLUTE
    ..\Libraries\src\cw32f030_dma.c          0x00000000   Number         0  cw32f030_dma.o ABSOLUTE
    ..\Libraries\src\cw32f030_flash.c        0x00000000   Number         0  cw32f030_flash.o ABSOLUTE
    ..\Libraries\src\cw32f030_gpio.c         0x00000000   Number         0  cw32f030_gpio.o ABSOLUTE
    ..\Libraries\src\cw32f030_gtim.c         0x00000000   Number         0  cw32f030_gtim.o ABSOLUTE
    ..\Libraries\src\cw32f030_i2c.c          0x00000000   Number         0  cw32f030_i2c.o ABSOLUTE
    ..\Libraries\src\cw32f030_iwdt.c         0x00000000   Number         0  cw32f030_iwdt.o ABSOLUTE
    ..\Libraries\src\cw32f030_lvd.c          0x00000000   Number         0  cw32f030_lvd.o ABSOLUTE
    ..\Libraries\src\cw32f030_pwr.c          0x00000000   Number         0  cw32f030_pwr.o ABSOLUTE
    ..\Libraries\src\cw32f030_ram.c          0x00000000   Number         0  cw32f030_ram.o ABSOLUTE
    ..\Libraries\src\cw32f030_rcc.c          0x00000000   Number         0  cw32f030_rcc.o ABSOLUTE
    ..\Libraries\src\cw32f030_rtc.c          0x00000000   Number         0  cw32f030_rtc.o ABSOLUTE
    ..\Libraries\src\cw32f030_spi.c          0x00000000   Number         0  cw32f030_spi.o ABSOLUTE
    ..\Libraries\src\cw32f030_systick.c      0x00000000   Number         0  cw32f030_systick.o ABSOLUTE
    ..\Libraries\src\cw32f030_uart.c         0x00000000   Number         0  cw32f030_uart.o ABSOLUTE
    ..\Libraries\src\cw32f030_vc.c           0x00000000   Number         0  cw32f030_vc.o ABSOLUTE
    ..\Libraries\src\cw32f030_wwdt.c         0x00000000   Number         0  cw32f030_wwdt.o ABSOLUTE
    ..\Libraries\src\system_cw32f030.c       0x00000000   Number         0  system_cw32f030.o ABSOLUTE
    ..\\Libraries\\src\\cw32f030_adc.c       0x00000000   Number         0  cw32f030_adc.o ABSOLUTE
    ..\\Libraries\\src\\cw32f030_atim.c      0x00000000   Number         0  cw32f030_atim.o ABSOLUTE
    ..\\Libraries\\src\\cw32f030_awt.c       0x00000000   Number         0  cw32f030_awt.o ABSOLUTE
    ..\\Libraries\\src\\cw32f030_btim.c      0x00000000   Number         0  cw32f030_btim.o ABSOLUTE
    ..\\Libraries\\src\\cw32f030_crc.c       0x00000000   Number         0  cw32f030_crc.o ABSOLUTE
    ..\\Libraries\\src\\cw32f030_debug.c     0x00000000   Number         0  cw32f030_debug.o ABSOLUTE
    ..\\Libraries\\src\\cw32f030_digitalsign.c 0x00000000   Number         0  cw32f030_digitalsign.o ABSOLUTE
    ..\\Libraries\\src\\cw32f030_dma.c       0x00000000   Number         0  cw32f030_dma.o ABSOLUTE
    ..\\Libraries\\src\\cw32f030_flash.c     0x00000000   Number         0  cw32f030_flash.o ABSOLUTE
    ..\\Libraries\\src\\cw32f030_gpio.c      0x00000000   Number         0  cw32f030_gpio.o ABSOLUTE
    ..\\Libraries\\src\\cw32f030_gtim.c      0x00000000   Number         0  cw32f030_gtim.o ABSOLUTE
    ..\\Libraries\\src\\cw32f030_i2c.c       0x00000000   Number         0  cw32f030_i2c.o ABSOLUTE
    ..\\Libraries\\src\\cw32f030_iwdt.c      0x00000000   Number         0  cw32f030_iwdt.o ABSOLUTE
    ..\\Libraries\\src\\cw32f030_lvd.c       0x00000000   Number         0  cw32f030_lvd.o ABSOLUTE
    ..\\Libraries\\src\\cw32f030_pwr.c       0x00000000   Number         0  cw32f030_pwr.o ABSOLUTE
    ..\\Libraries\\src\\cw32f030_ram.c       0x00000000   Number         0  cw32f030_ram.o ABSOLUTE
    ..\\Libraries\\src\\cw32f030_rcc.c       0x00000000   Number         0  cw32f030_rcc.o ABSOLUTE
    ..\\Libraries\\src\\cw32f030_rtc.c       0x00000000   Number         0  cw32f030_rtc.o ABSOLUTE
    ..\\Libraries\\src\\cw32f030_spi.c       0x00000000   Number         0  cw32f030_spi.o ABSOLUTE
    ..\\Libraries\\src\\cw32f030_systick.c   0x00000000   Number         0  cw32f030_systick.o ABSOLUTE
    ..\\Libraries\\src\\cw32f030_uart.c      0x00000000   Number         0  cw32f030_uart.o ABSOLUTE
    ..\\Libraries\\src\\cw32f030_vc.c        0x00000000   Number         0  cw32f030_vc.o ABSOLUTE
    ..\\Libraries\\src\\cw32f030_wwdt.c      0x00000000   Number         0  cw32f030_wwdt.o ABSOLUTE
    ..\\Libraries\\src\\system_cw32f030.c    0x00000000   Number         0  system_cw32f030.o ABSOLUTE
    USER\MAIN.c                              0x00000000   Number         0  main.o ABSOLUTE
    USER\OLED_I2C.c                          0x00000000   Number         0  oled_i2c.o ABSOLUTE
    USER\\MAIN.c                             0x00000000   Number         0  main.o ABSOLUTE
    USER\\OLED_I2C.c                         0x00000000   Number         0  oled_i2c.o ABSOLUTE
    USER\\font.c                             0x00000000   Number         0  font.o ABSOLUTE
    USER\\interrupts_cw32f030.c              0x00000000   Number         0  interrupts_cw32f030.o ABSOLUTE
    USER\font.c                              0x00000000   Number         0  font.o ABSOLUTE
    USER\global.c                            0x00000000   Number         0  global.o ABSOLUTE
    USER\interrupts_cw32f030.c               0x00000000   Number         0  interrupts_cw32f030.o ABSOLUTE
    USER\startup_cw32f030.s                  0x00000000   Number         0  startup_cw32f030.o ABSOLUTE
    cdrcmple.s                               0x00000000   Number         0  cdrcmple.o ABSOLUTE
    dc.s                                     0x00000000   Number         0  dc.o ABSOLUTE
    handlers.s                               0x00000000   Number         0  handlers.o ABSOLUTE
    init.s                                   0x00000000   Number         0  init.o ABSOLUTE
    .ARM.Collect$$$$00000000                 0x000000c0   Section        0  entry.o(.ARM.Collect$$$$00000000)
    .ARM.Collect$$$$00000001                 0x000000c0   Section        4  entry2.o(.ARM.Collect$$$$00000001)
    .ARM.Collect$$$$00000004                 0x000000c4   Section        4  entry5.o(.ARM.Collect$$$$00000004)
    .ARM.Collect$$$$00000008                 0x000000c8   Section        0  entry7b.o(.ARM.Collect$$$$00000008)
    .ARM.Collect$$$$0000000A                 0x000000c8   Section        0  entry8b.o(.ARM.Collect$$$$0000000A)
    .ARM.Collect$$$$0000000B                 0x000000c8   Section        8  entry9a.o(.ARM.Collect$$$$0000000B)
    .ARM.Collect$$$$0000000E                 0x000000d0   Section        4  entry12b.o(.ARM.Collect$$$$0000000E)
    .ARM.Collect$$$$0000000F                 0x000000d4   Section        0  entry10a.o(.ARM.Collect$$$$0000000F)
    .ARM.Collect$$$$00000011                 0x000000d4   Section        0  entry11a.o(.ARM.Collect$$$$00000011)
    .ARM.Collect$$$$00002712                 0x000000d4   Section        4  entry2.o(.ARM.Collect$$$$00002712)
    __lit__00000000                          0x000000d4   Data           4  entry2.o(.ARM.Collect$$$$00002712)
    .text                                    0x000000d8   Section       60  startup_cw32f030.o(.text)
    .text                                    0x00000114   Section        0  uidiv.o(.text)
    .text                                    0x00000140   Section        0  memcpya.o(.text)
    .text                                    0x00000164   Section        0  fadd.o(.text)
    .text                                    0x00000216   Section        0  fmul.o(.text)
    .text                                    0x00000290   Section        0  fdiv.o(.text)
    .text                                    0x0000030c   Section        0  fscalb.o(.text)
    .text                                    0x00000324   Section        0  dadd.o(.text)
    .text                                    0x0000048c   Section        0  ffltui.o(.text)
    .text                                    0x0000049a   Section        0  ffixui.o(.text)
    .text                                    0x000004c2   Section        0  f2d.o(.text)
    .text                                    0x000004ea   Section        0  uldiv.o(.text)
    .text                                    0x0000054a   Section        0  llshl.o(.text)
    .text                                    0x0000056a   Section        0  llushr.o(.text)
    .text                                    0x0000058c   Section        0  llsshr.o(.text)
    .text                                    0x000005b2   Section        0  fepilogue.o(.text)
    .text                                    0x000005b2   Section        0  iusefp.o(.text)
    .text                                    0x00000634   Section        0  depilogue.o(.text)
    .text                                    0x000006f4   Section        0  dmul.o(.text)
    .text                                    0x000007c4   Section        0  ddiv.o(.text)
    .text                                    0x000008b4   Section        0  dfixul.o(.text)
    .text                                    0x000008f4   Section       40  cdrcmple.o(.text)
    .text                                    0x0000091c   Section       36  init.o(.text)
    .text                                    0x00000940   Section        0  iusesemip.o(.text)
    .text                                    0x00000940   Section        0  __dczerorl.o(.text)
    .text                                    0x00000940   Section        0  semi.o(.text)
    i.ADC_BufEnSingleCh                      0x0000097c   Section        0  cw32f030_adc.o(i.ADC_BufEnSingleCh)
    i.ADC_ClearITPendingBit                  0x000009b0   Section        0  cw32f030_adc.o(i.ADC_ClearITPendingBit)
    i.ADC_Configuration                      0x000009c0   Section        0  main.o(i.ADC_Configuration)
    i.ADC_Enable                             0x00000a1c   Section        0  cw32f030_adc.o(i.ADC_Enable)
    i.ADC_GetConversionValue                 0x00000a38   Section        0  cw32f030_adc.o(i.ADC_GetConversionValue)
    i.ADC_GetITStatus                        0x00000a44   Section        0  cw32f030_adc.o(i.ADC_GetITStatus)
    i.ADC_IRQHandler                         0x00000a58   Section        0  interrupts_cw32f030.o(i.ADC_IRQHandler)
    i.ADC_Init                               0x00000a5c   Section        0  cw32f030_adc.o(i.ADC_Init)
    i.ADC_SingleChCommon                     0x00000ab0   Section        0  cw32f030_adc.o(i.ADC_SingleChCommon)
    i.ADC_SingleChOneModeCfg                 0x00000aec   Section        0  cw32f030_adc.o(i.ADC_SingleChOneModeCfg)
    i.ADC_SoftwareStartConvCmd               0x00000b04   Section        0  cw32f030_adc.o(i.ADC_SoftwareStartConvCmd)
    i.ADC_WdtConfig                          0x00000b20   Section        0  cw32f030_adc.o(i.ADC_WdtConfig)
    i.ATIM_IRQHandler                        0x00000b6c   Section        0  interrupts_cw32f030.o(i.ATIM_IRQHandler)
    i.AWT_IRQHandler                         0x00000b6e   Section        0  interrupts_cw32f030.o(i.AWT_IRQHandler)
    i.BTIM1_IRQHandler                       0x00000b70   Section        0  main.o(i.BTIM1_IRQHandler)
    i.BTIM2_IRQHandler                       0x00000bb8   Section        0  interrupts_cw32f030.o(i.BTIM2_IRQHandler)
    i.BTIM3_IRQHandler                       0x00000bba   Section        0  interrupts_cw32f030.o(i.BTIM3_IRQHandler)
    i.BTIM_ClearITPendingBit                 0x00000bbc   Section        0  cw32f030_btim.o(i.BTIM_ClearITPendingBit)
    i.BTIM_Cmd                               0x00000bc4   Section        0  cw32f030_btim.o(i.BTIM_Cmd)
    i.BTIM_GetITStatus                       0x00000bd8   Section        0  cw32f030_btim.o(i.BTIM_GetITStatus)
    i.BTIM_ITConfig                          0x00000be2   Section        0  cw32f030_btim.o(i.BTIM_ITConfig)
    i.BTIM_TimeBaseInit                      0x00000bf4   Section        0  cw32f030_btim.o(i.BTIM_TimeBaseInit)
    i.BTIM_init                              0x00000c14   Section        0  main.o(i.BTIM_init)
    i.DMACH1_IRQHandler                      0x00000c68   Section        0  interrupts_cw32f030.o(i.DMACH1_IRQHandler)
    i.DMACH23_IRQHandler                     0x00000c6a   Section        0  interrupts_cw32f030.o(i.DMACH23_IRQHandler)
    i.DMACH45_IRQHandler                     0x00000c6c   Section        0  interrupts_cw32f030.o(i.DMACH45_IRQHandler)
    i.FAULT_IRQHandler                       0x00000c6e   Section        0  interrupts_cw32f030.o(i.FAULT_IRQHandler)
    i.FLASHRAM_IRQHandler                    0x00000c70   Section        0  interrupts_cw32f030.o(i.FLASHRAM_IRQHandler)
    i.FLASH_SetLatency                       0x00000c74   Section        0  cw32f030_flash.o(i.FLASH_SetLatency)
    i.GPIOA_IRQHandler                       0x00000c90   Section        0  interrupts_cw32f030.o(i.GPIOA_IRQHandler)
    i.GPIOB_IRQHandler                       0x00000c92   Section        0  interrupts_cw32f030.o(i.GPIOB_IRQHandler)
    i.GPIOC_IRQHandler                       0x00000c94   Section        0  interrupts_cw32f030.o(i.GPIOC_IRQHandler)
    i.GPIOF_IRQHandler                       0x00000c96   Section        0  interrupts_cw32f030.o(i.GPIOF_IRQHandler)
    i.GPIO_Configuration                     0x00000c98   Section        0  main.o(i.GPIO_Configuration)
    i.GPIO_Init                              0x00000cd8   Section        0  cw32f030_gpio.o(i.GPIO_Init)
    i.GPIO_WritePin                          0x00000dbc   Section        0  cw32f030_gpio.o(i.GPIO_WritePin)
    i.GTIM1_IRQHandler                       0x00000dc8   Section        0  interrupts_cw32f030.o(i.GTIM1_IRQHandler)
    i.GTIM2_IRQHandler                       0x00000dca   Section        0  interrupts_cw32f030.o(i.GTIM2_IRQHandler)
    i.GTIM3_IRQHandler                       0x00000dcc   Section        0  interrupts_cw32f030.o(i.GTIM3_IRQHandler)
    i.GTIM4_IRQHandler                       0x00000dce   Section        0  interrupts_cw32f030.o(i.GTIM4_IRQHandler)
    i.GetConslonsCode_from_EXFlash           0x00000dd0   Section        0  font.o(i.GetConslonsCode_from_EXFlash)
    i.GetGBKCode_from_EXFlash                0x00000e00   Section        0  font.o(i.GetGBKCode_from_EXFlash)
    i.HardFault_Handler                      0x00000e20   Section        0  interrupts_cw32f030.o(i.HardFault_Handler)
    i.I2C1_DeInit                            0x00000e24   Section        0  cw32f030_i2c.o(i.I2C1_DeInit)
    i.I2C1_IRQHandler                        0x00000e44   Section        0  interrupts_cw32f030.o(i.I2C1_IRQHandler)
    i.I2C2_IRQHandler                        0x00000e46   Section        0  interrupts_cw32f030.o(i.I2C2_IRQHandler)
    i.I2C_AcknowledgeConfig                  0x00000e48   Section        0  cw32f030_i2c.o(i.I2C_AcknowledgeConfig)
    i.I2C_BaudGeneratorEnable                0x00000e5a   Section        0  cw32f030_i2c.o(i.I2C_BaudGeneratorEnable)
    i.I2C_ClearIrq                           0x00000e6e   Section        0  cw32f030_i2c.o(i.I2C_ClearIrq)
    i.I2C_Cmd                                0x00000e78   Section        0  cw32f030_i2c.o(i.I2C_Cmd)
    i.I2C_FilterConfig                       0x00000e8a   Section        0  cw32f030_i2c.o(i.I2C_FilterConfig)
    i.I2C_GenerateSTART                      0x00000e9e   Section        0  cw32f030_i2c.o(i.I2C_GenerateSTART)
    i.I2C_GenerateSTOP                       0x00000ec2   Section        0  cw32f030_i2c.o(i.I2C_GenerateSTOP)
    i.I2C_GetIrq                             0x00000ed4   Section        0  cw32f030_i2c.o(i.I2C_GetIrq)
    i.I2C_GetState                           0x00000edc   Section        0  cw32f030_i2c.o(i.I2C_GetState)
    i.I2C_MasterWriteEepromData1             0x00000ee2   Section        0  oled_i2c.o(i.I2C_MasterWriteEepromData1)
    i.I2C_Master_Init                        0x00000f7a   Section        0  cw32f030_i2c.o(i.I2C_Master_Init)
    i.I2C_OLED_ClearPoint                    0x00000fac   Section        0  oled_i2c.o(i.I2C_OLED_ClearPoint)
    i.I2C_OLED_Clear_Line                    0x00000fe0   Section        0  oled_i2c.o(i.I2C_OLED_Clear_Line)
    i.I2C_OLED_DrawPoint                     0x00000ffc   Section        0  oled_i2c.o(i.I2C_OLED_DrawPoint)
    i.I2C_OLED_Init                          0x0000102c   Section        0  oled_i2c.o(i.I2C_OLED_Init)
    i.I2C_OLED_Move                          0x000010cc   Section        0  oled_i2c.o(i.I2C_OLED_Move)
    i.I2C_OLED_ShowChar                      0x00001128   Section        0  oled_i2c.o(i.I2C_OLED_ShowChar)
    i.I2C_OLED_ShowChar_CH                   0x000011b0   Section        0  oled_i2c.o(i.I2C_OLED_ShowChar_CH)
    i.I2C_OLED_ShowString                    0x00001218   Section        0  oled_i2c.o(i.I2C_OLED_ShowString)
    i.I2C_OLED_UPdata                        0x000012a8   Section        0  oled_i2c.o(i.I2C_OLED_UPdata)
    i.I2C_Send7bitAddress                    0x00001308   Section        0  cw32f030_i2c.o(i.I2C_Send7bitAddress)
    i.I2C_SendData                           0x0000131a   Section        0  cw32f030_i2c.o(i.I2C_SendData)
    i.I2C_init                               0x00001320   Section        0  oled_i2c.o(i.I2C_init)
    i.LVD_IRQHandler                         0x000013a0   Section        0  interrupts_cw32f030.o(i.LVD_IRQHandler)
    i.NMI_Handler                            0x000013a2   Section        0  interrupts_cw32f030.o(i.NMI_Handler)
    i.OLED_StrEscCharacter                   0x000013a4   Section        0  oled_i2c.o(i.OLED_StrEscCharacter)
    i.PendSV_Handler                         0x000014d8   Section        0  interrupts_cw32f030.o(i.PendSV_Handler)
    i.RCC_Configuration                      0x000014dc   Section        0  main.o(i.RCC_Configuration)
    i.RCC_HCLKPRS_Config                     0x00001524   Section        0  cw32f030_rcc.o(i.RCC_HCLKPRS_Config)
    i.RCC_HSI_Enable                         0x00001544   Section        0  cw32f030_rcc.o(i.RCC_HSI_Enable)
    i.RCC_IRQHandler                         0x0000156c   Section        0  interrupts_cw32f030.o(i.RCC_IRQHandler)
    i.RCC_PCLKPRS_Config                     0x00001570   Section        0  cw32f030_rcc.o(i.RCC_PCLKPRS_Config)
    i.RCC_PLL_Enable                         0x00001590   Section        0  cw32f030_rcc.o(i.RCC_PLL_Enable)
    i.RCC_SysClk_Switch                      0x00001618   Section        0  cw32f030_rcc.o(i.RCC_SysClk_Switch)
    i.RCC_Sysctrl_GetHClkFreq                0x00001658   Section        0  cw32f030_rcc.o(i.RCC_Sysctrl_GetHClkFreq)
    i.RCC_SystemCoreClockUpdate              0x000016d4   Section        0  cw32f030_rcc.o(i.RCC_SystemCoreClockUpdate)
    i.RTC_IRQHandler                         0x000016e0   Section        0  interrupts_cw32f030.o(i.RTC_IRQHandler)
    i.SPI1_IRQHandler                        0x000016e2   Section        0  interrupts_cw32f030.o(i.SPI1_IRQHandler)
    i.SPI2_IRQHandler                        0x000016e4   Section        0  interrupts_cw32f030.o(i.SPI2_IRQHandler)
    i.SVC_Handler                            0x000016e6   Section        0  interrupts_cw32f030.o(i.SVC_Handler)
    i.SysTick_Handler                        0x000016e8   Section        0  cw32f030_systick.o(i.SysTick_Handler)
    i.SystemInit                             0x000016f8   Section        0  system_cw32f030.o(i.SystemInit)
    i.TempSampleComu                         0x00001734   Section        0  main.o(i.TempSampleComu)
    i.UART1_IRQHandler                       0x000017cc   Section        0  interrupts_cw32f030.o(i.UART1_IRQHandler)
    i.UART2_IRQHandler                       0x000017ce   Section        0  interrupts_cw32f030.o(i.UART2_IRQHandler)
    i.UART3_IRQHandler                       0x000017d0   Section        0  interrupts_cw32f030.o(i.UART3_IRQHandler)
    i.VC1_IRQHandler                         0x000017d2   Section        0  interrupts_cw32f030.o(i.VC1_IRQHandler)
    i.VC2_IRQHandler                         0x000017d4   Section        0  interrupts_cw32f030.o(i.VC2_IRQHandler)
    i.WDT_IRQHandler                         0x000017d6   Section        0  interrupts_cw32f030.o(i.WDT_IRQHandler)
    i.WriteCmd                               0x000017d8   Section        0  oled_i2c.o(i.WriteCmd)
    i.WriteDat                               0x000017ec   Section        0  oled_i2c.o(i.WriteDat)
    i.__0printf                              0x00001800   Section        0  printfa.o(i.__0printf)
    i.__0sprintf                             0x00001820   Section        0  printfa.o(i.__0sprintf)
    i.__ARM_clz                              0x00001848   Section        0  depilogue.o(i.__ARM_clz)
    i.__ARM_common_switch8                   0x00001876   Section        0  cw32f030_i2c.o(i.__ARM_common_switch8)
    i.__scatterload_copy                     0x00001890   Section       14  handlers.o(i.__scatterload_copy)
    i.__scatterload_null                     0x0000189e   Section        2  handlers.o(i.__scatterload_null)
    i.__scatterload_zeroinit                 0x000018a0   Section       14  handlers.o(i.__scatterload_zeroinit)
    i._fp_digits                             0x000018b0   Section        0  printfa.o(i._fp_digits)
    _fp_digits                               0x000018b1   Thumb Code   344  printfa.o(i._fp_digits)
    i._printf_core                           0x00001a24   Section        0  printfa.o(i._printf_core)
    _printf_core                             0x00001a25   Thumb Code  1760  printfa.o(i._printf_core)
    i._printf_post_padding                   0x00002114   Section        0  printfa.o(i._printf_post_padding)
    _printf_post_padding                     0x00002115   Thumb Code    32  printfa.o(i._printf_post_padding)
    i._printf_pre_padding                    0x00002134   Section        0  printfa.o(i._printf_pre_padding)
    _printf_pre_padding                      0x00002135   Thumb Code    44  printfa.o(i._printf_pre_padding)
    i._sputc                                 0x00002160   Section        0  printfa.o(i._sputc)
    _sputc                                   0x00002161   Thumb Code    10  printfa.o(i._sputc)
    i.delay1ms                               0x0000216c   Section        0  system_cw32f030.o(i.delay1ms)
    i.fputc                                  0x000021b8   Section        0  fputc.o(i.fputc)
    i.free                                   0x000021cc   Section        0  malloc.o(i.free)
    i.main                                   0x00002220   Section        0  main.o(i.main)
    i.malloc                                 0x000022ac   Section        0  malloc.o(i.malloc)
    .constdata                               0x00002318   Section     1520  font.o(.constdata)
    ASCII8x16_Table                          0x00002318   Data        1520  font.o(.constdata)
    .constdata                               0x00002908   Section      100  cw32f030_rcc.o(.constdata)
    .data                                    0x20000000   Section      404  main.o(.data)
    count2                                   0x20000008   Data           4  main.o(.data)
    .data                                    0x20000194   Section       12  oled_i2c.o(.data)
    .data                                    0x200001a0   Section       16  font.o(.data)
    .data                                    0x200001b0   Section       12  cw32f030_systick.o(.data)
    .data                                    0x200001bc   Section        4  system_cw32f030.o(.data)
    .data                                    0x200001c0   Section        4  stdout.o(.data)
    .data                                    0x200001c4   Section        4  mvars.o(.data)
    .data                                    0x200001c8   Section        4  mvars.o(.data)
    .bss                                     0x200001cc   Section     1024  oled_i2c.o(.bss)
    HEAP                                     0x200005d0   Section      512  startup_cw32f030.o(HEAP)
    STACK                                    0x200007d0   Section      512  startup_cw32f030.o(STACK)

    Global Symbols

    Symbol Name                              Value     Ov Type        Size  Object(Section)

    BuildAttributes$$THM_ISAv3M$S$PE$A:L22$X:L11$S22$IEEE1$IW$USESV6$~STKCKD$USESV7$~SHL$OTIME$ROPI$EBA8$MICROLIB$REQ8$PRES8$EABIv2 0x00000000   Number         0  anon$$obj.o ABSOLUTE
    __ARM_use_no_argv                        0x00000000   Number         0  main.o ABSOLUTE
    __Vectors                                0x00000000   Data           0  startup_cw32f030.o(RESET)
    _printf_a                                0x00000000   Number         0  stubs.o ABSOLUTE
    _printf_c                                0x00000000   Number         0  stubs.o ABSOLUTE
    _printf_charcount                        0x00000000   Number         0  stubs.o ABSOLUTE
    _printf_d                                0x00000000   Number         0  stubs.o ABSOLUTE
    _printf_e                                0x00000000   Number         0  stubs.o ABSOLUTE
    _printf_f                                0x00000000   Number         0  stubs.o ABSOLUTE
    _printf_flags                            0x00000000   Number         0  stubs.o ABSOLUTE
    _printf_fp_dec                           0x00000000   Number         0  stubs.o ABSOLUTE
    _printf_fp_hex                           0x00000000   Number         0  stubs.o ABSOLUTE
    _printf_g                                0x00000000   Number         0  stubs.o ABSOLUTE
    _printf_i                                0x00000000   Number         0  stubs.o ABSOLUTE
    _printf_int_dec                          0x00000000   Number         0  stubs.o ABSOLUTE
    _printf_l                                0x00000000   Number         0  stubs.o ABSOLUTE
    _printf_lc                               0x00000000   Number         0  stubs.o ABSOLUTE
    _printf_ll                               0x00000000   Number         0  stubs.o ABSOLUTE
    _printf_lld                              0x00000000   Number         0  stubs.o ABSOLUTE
    _printf_lli                              0x00000000   Number         0  stubs.o ABSOLUTE
    _printf_llo                              0x00000000   Number         0  stubs.o ABSOLUTE
    _printf_llu                              0x00000000   Number         0  stubs.o ABSOLUTE
    _printf_llx                              0x00000000   Number         0  stubs.o ABSOLUTE
    _printf_longlong_dec                     0x00000000   Number         0  stubs.o ABSOLUTE
    _printf_longlong_hex                     0x00000000   Number         0  stubs.o ABSOLUTE
    _printf_longlong_oct                     0x00000000   Number         0  stubs.o ABSOLUTE
    _printf_ls                               0x00000000   Number         0  stubs.o ABSOLUTE
    _printf_mbtowc                           0x00000000   Number         0  stubs.o ABSOLUTE
    _printf_n                                0x00000000   Number         0  stubs.o ABSOLUTE
    _printf_o                                0x00000000   Number         0  stubs.o ABSOLUTE
    _printf_p                                0x00000000   Number         0  stubs.o ABSOLUTE
    _printf_percent                          0x00000000   Number         0  stubs.o ABSOLUTE
    _printf_pre_padding                      0x00000000   Number         0  stubs.o ABSOLUTE
    _printf_return_value                     0x00000000   Number         0  stubs.o ABSOLUTE
    _printf_s                                0x00000000   Number         0  stubs.o ABSOLUTE
    _printf_sizespec                         0x00000000   Number         0  stubs.o ABSOLUTE
    _printf_str                              0x00000000   Number         0  stubs.o ABSOLUTE
    _printf_truncate_signed                  0x00000000   Number         0  stubs.o ABSOLUTE
    _printf_truncate_unsigned                0x00000000   Number         0  stubs.o ABSOLUTE
    _printf_u                                0x00000000   Number         0  stubs.o ABSOLUTE
    _printf_wc                               0x00000000   Number         0  stubs.o ABSOLUTE
    _printf_wctomb                           0x00000000   Number         0  stubs.o ABSOLUTE
    _printf_widthprec                        0x00000000   Number         0  stubs.o ABSOLUTE
    _printf_x                                0x00000000   Number         0  stubs.o ABSOLUTE
    __arm_fini_                               - Undefined Weak Reference
    __cpp_initialize__aeabi_                  - Undefined Weak Reference
    __cxa_finalize                            - Undefined Weak Reference
    _clock_init                               - Undefined Weak Reference
    _microlib_exit                            - Undefined Weak Reference
    __Vectors_End                            0x000000c0   Data           0  startup_cw32f030.o(RESET)
    __Vectors_Size                           0x000000c0   Number         0  startup_cw32f030.o ABSOLUTE
    __main                                   0x000000c1   Thumb Code     0  entry.o(.ARM.Collect$$$$00000000)
    _main_stk                                0x000000c1   Thumb Code     0  entry2.o(.ARM.Collect$$$$00000001)
    _main_scatterload                        0x000000c5   Thumb Code     0  entry5.o(.ARM.Collect$$$$00000004)
    __main_after_scatterload                 0x000000c9   Thumb Code     0  entry5.o(.ARM.Collect$$$$00000004)
    _main_clock                              0x000000c9   Thumb Code     0  entry7b.o(.ARM.Collect$$$$00000008)
    _main_cpp_init                           0x000000c9   Thumb Code     0  entry8b.o(.ARM.Collect$$$$0000000A)
    _main_init                               0x000000c9   Thumb Code     0  entry9a.o(.ARM.Collect$$$$0000000B)
    __rt_lib_shutdown_fini                   0x000000d1   Thumb Code     0  entry12b.o(.ARM.Collect$$$$0000000E)
    __rt_final_cpp                           0x000000d5   Thumb Code     0  entry10a.o(.ARM.Collect$$$$0000000F)
    __rt_final_exit                          0x000000d5   Thumb Code     0  entry11a.o(.ARM.Collect$$$$00000011)
    Reset_Handler                            0x000000d9   Thumb Code    26  startup_cw32f030.o(.text)
    __aeabi_uidiv                            0x00000115   Thumb Code     0  uidiv.o(.text)
    __aeabi_uidivmod                         0x00000115   Thumb Code    44  uidiv.o(.text)
    __aeabi_memcpy                           0x00000141   Thumb Code    36  memcpya.o(.text)
    __aeabi_memcpy4                          0x00000141   Thumb Code     0  memcpya.o(.text)
    __aeabi_memcpy8                          0x00000141   Thumb Code     0  memcpya.o(.text)
    __aeabi_fadd                             0x00000165   Thumb Code   162  fadd.o(.text)
    __aeabi_fsub                             0x00000207   Thumb Code     8  fadd.o(.text)
    __aeabi_frsub                            0x0000020f   Thumb Code     8  fadd.o(.text)
    __aeabi_fmul                             0x00000217   Thumb Code   122  fmul.o(.text)
    __aeabi_fdiv                             0x00000291   Thumb Code   124  fdiv.o(.text)
    __ARM_scalbnf                            0x0000030d   Thumb Code    24  fscalb.o(.text)
    scalbnf                                  0x0000030d   Thumb Code     0  fscalb.o(.text)
    __aeabi_dadd                             0x00000325   Thumb Code   330  dadd.o(.text)
    __aeabi_dsub                             0x0000046f   Thumb Code    12  dadd.o(.text)
    __aeabi_drsub                            0x0000047b   Thumb Code    12  dadd.o(.text)
    __aeabi_ui2f                             0x0000048d   Thumb Code    14  ffltui.o(.text)
    __aeabi_f2uiz                            0x0000049b   Thumb Code    40  ffixui.o(.text)
    __aeabi_f2d                              0x000004c3   Thumb Code    40  f2d.o(.text)
    __aeabi_uldivmod                         0x000004eb   Thumb Code    96  uldiv.o(.text)
    __aeabi_llsl                             0x0000054b   Thumb Code    32  llshl.o(.text)
    _ll_shift_l                              0x0000054b   Thumb Code     0  llshl.o(.text)
    __aeabi_llsr                             0x0000056b   Thumb Code    34  llushr.o(.text)
    _ll_ushift_r                             0x0000056b   Thumb Code     0  llushr.o(.text)
    __aeabi_lasr                             0x0000058d   Thumb Code    38  llsshr.o(.text)
    _ll_sshift_r                             0x0000058d   Thumb Code     0  llsshr.o(.text)
    __I$use$fp                               0x000005b3   Thumb Code     0  iusefp.o(.text)
    _float_round                             0x000005b3   Thumb Code    16  fepilogue.o(.text)
    _float_epilogue                          0x000005c3   Thumb Code   114  fepilogue.o(.text)
    _double_round                            0x00000635   Thumb Code    26  depilogue.o(.text)
    _double_epilogue                         0x0000064f   Thumb Code   164  depilogue.o(.text)
    __aeabi_dmul                             0x000006f5   Thumb Code   202  dmul.o(.text)
    __aeabi_ddiv                             0x000007c5   Thumb Code   234  ddiv.o(.text)
    __aeabi_d2ulz                            0x000008b5   Thumb Code    54  dfixul.o(.text)
    __aeabi_cdrcmple                         0x000008f5   Thumb Code    38  cdrcmple.o(.text)
    __scatterload                            0x0000091d   Thumb Code    28  init.o(.text)
    __scatterload_rt2                        0x0000091d   Thumb Code     0  init.o(.text)
    __I$use$semihosting$fputc                0x00000941   Thumb Code     0  iusesemip.o(.text)
    __decompress                             0x00000941   Thumb Code     0  __dczerorl.o(.text)
    __decompress0                            0x00000941   Thumb Code    58  __dczerorl.o(.text)
    __semihosting_library_function           0x00000941   Thumb Code     0  semi.o(.text)
    ADC_BufEnSingleCh                        0x0000097d   Thumb Code    46  cw32f030_adc.o(i.ADC_BufEnSingleCh)
    ADC_ClearITPendingBit                    0x000009b1   Thumb Code    10  cw32f030_adc.o(i.ADC_ClearITPendingBit)
    ADC_Configuration                        0x000009c1   Thumb Code    86  main.o(i.ADC_Configuration)
    ADC_Enable                               0x00000a1d   Thumb Code    24  cw32f030_adc.o(i.ADC_Enable)
    ADC_GetConversionValue                   0x00000a39   Thumb Code     8  cw32f030_adc.o(i.ADC_GetConversionValue)
    ADC_GetITStatus                          0x00000a45   Thumb Code    16  cw32f030_adc.o(i.ADC_GetITStatus)
    ADC_IRQHandler                           0x00000a59   Thumb Code     2  interrupts_cw32f030.o(i.ADC_IRQHandler)
    ADC_Init                                 0x00000a5d   Thumb Code    74  cw32f030_adc.o(i.ADC_Init)
    ADC_SingleChCommon                       0x00000ab1   Thumb Code    54  cw32f030_adc.o(i.ADC_SingleChCommon)
    ADC_SingleChOneModeCfg                   0x00000aed   Thumb Code    18  cw32f030_adc.o(i.ADC_SingleChOneModeCfg)
    ADC_SoftwareStartConvCmd                 0x00000b05   Thumb Code    22  cw32f030_adc.o(i.ADC_SoftwareStartConvCmd)
    ADC_WdtConfig                            0x00000b21   Thumb Code    70  cw32f030_adc.o(i.ADC_WdtConfig)
    ATIM_IRQHandler                          0x00000b6d   Thumb Code     2  interrupts_cw32f030.o(i.ATIM_IRQHandler)
    AWT_IRQHandler                           0x00000b6f   Thumb Code     2  interrupts_cw32f030.o(i.AWT_IRQHandler)
    BTIM1_IRQHandler                         0x00000b71   Thumb Code    58  main.o(i.BTIM1_IRQHandler)
    BTIM2_IRQHandler                         0x00000bb9   Thumb Code     2  interrupts_cw32f030.o(i.BTIM2_IRQHandler)
    BTIM3_IRQHandler                         0x00000bbb   Thumb Code     2  interrupts_cw32f030.o(i.BTIM3_IRQHandler)
    BTIM_ClearITPendingBit                   0x00000bbd   Thumb Code     8  cw32f030_btim.o(i.BTIM_ClearITPendingBit)
    BTIM_Cmd                                 0x00000bc5   Thumb Code    20  cw32f030_btim.o(i.BTIM_Cmd)
    BTIM_GetITStatus                         0x00000bd9   Thumb Code    10  cw32f030_btim.o(i.BTIM_GetITStatus)
    BTIM_ITConfig                            0x00000be3   Thumb Code    16  cw32f030_btim.o(i.BTIM_ITConfig)
    BTIM_TimeBaseInit                        0x00000bf5   Thumb Code    28  cw32f030_btim.o(i.BTIM_TimeBaseInit)
    BTIM_init                                0x00000c15   Thumb Code    72  main.o(i.BTIM_init)
    DMACH1_IRQHandler                        0x00000c69   Thumb Code     2  interrupts_cw32f030.o(i.DMACH1_IRQHandler)
    DMACH23_IRQHandler                       0x00000c6b   Thumb Code     2  interrupts_cw32f030.o(i.DMACH23_IRQHandler)
    DMACH45_IRQHandler                       0x00000c6d   Thumb Code     2  interrupts_cw32f030.o(i.DMACH45_IRQHandler)
    FAULT_IRQHandler                         0x00000c6f   Thumb Code     2  interrupts_cw32f030.o(i.FAULT_IRQHandler)
    FLASHRAM_IRQHandler                      0x00000c71   Thumb Code     2  interrupts_cw32f030.o(i.FLASHRAM_IRQHandler)
    FLASH_SetLatency                         0x00000c75   Thumb Code    18  cw32f030_flash.o(i.FLASH_SetLatency)
    GPIOA_IRQHandler                         0x00000c91   Thumb Code     2  interrupts_cw32f030.o(i.GPIOA_IRQHandler)
    GPIOB_IRQHandler                         0x00000c93   Thumb Code     2  interrupts_cw32f030.o(i.GPIOB_IRQHandler)
    GPIOC_IRQHandler                         0x00000c95   Thumb Code     2  interrupts_cw32f030.o(i.GPIOC_IRQHandler)
    GPIOF_IRQHandler                         0x00000c97   Thumb Code     2  interrupts_cw32f030.o(i.GPIOF_IRQHandler)
    GPIO_Configuration                       0x00000c99   Thumb Code    50  main.o(i.GPIO_Configuration)
    GPIO_Init                                0x00000cd9   Thumb Code   224  cw32f030_gpio.o(i.GPIO_Init)
    GPIO_WritePin                            0x00000dbd   Thumb Code    12  cw32f030_gpio.o(i.GPIO_WritePin)
    GTIM1_IRQHandler                         0x00000dc9   Thumb Code     2  interrupts_cw32f030.o(i.GTIM1_IRQHandler)
    GTIM2_IRQHandler                         0x00000dcb   Thumb Code     2  interrupts_cw32f030.o(i.GTIM2_IRQHandler)
    GTIM3_IRQHandler                         0x00000dcd   Thumb Code     2  interrupts_cw32f030.o(i.GTIM3_IRQHandler)
    GTIM4_IRQHandler                         0x00000dcf   Thumb Code     2  interrupts_cw32f030.o(i.GTIM4_IRQHandler)
    GetConslonsCode_from_EXFlash             0x00000dd1   Thumb Code    46  font.o(i.GetConslonsCode_from_EXFlash)
    GetGBKCode_from_EXFlash                  0x00000e01   Thumb Code    12  font.o(i.GetGBKCode_from_EXFlash)
    HardFault_Handler                        0x00000e21   Thumb Code     2  interrupts_cw32f030.o(i.HardFault_Handler)
    I2C1_DeInit                              0x00000e25   Thumb Code    24  cw32f030_i2c.o(i.I2C1_DeInit)
    I2C1_IRQHandler                          0x00000e45   Thumb Code     2  interrupts_cw32f030.o(i.I2C1_IRQHandler)
    I2C2_IRQHandler                          0x00000e47   Thumb Code     2  interrupts_cw32f030.o(i.I2C2_IRQHandler)
    I2C_AcknowledgeConfig                    0x00000e49   Thumb Code    18  cw32f030_i2c.o(i.I2C_AcknowledgeConfig)
    I2C_BaudGeneratorEnable                  0x00000e5b   Thumb Code    20  cw32f030_i2c.o(i.I2C_BaudGeneratorEnable)
    I2C_ClearIrq                             0x00000e6f   Thumb Code    10  cw32f030_i2c.o(i.I2C_ClearIrq)
    I2C_Cmd                                  0x00000e79   Thumb Code    18  cw32f030_i2c.o(i.I2C_Cmd)
    I2C_FilterConfig                         0x00000e8b   Thumb Code    20  cw32f030_i2c.o(i.I2C_FilterConfig)
    I2C_GenerateSTART                        0x00000e9f   Thumb Code    36  cw32f030_i2c.o(i.I2C_GenerateSTART)
    I2C_GenerateSTOP                         0x00000ec3   Thumb Code    18  cw32f030_i2c.o(i.I2C_GenerateSTOP)
    I2C_GetIrq                               0x00000ed5   Thumb Code     8  cw32f030_i2c.o(i.I2C_GetIrq)
    I2C_GetState                             0x00000edd   Thumb Code     6  cw32f030_i2c.o(i.I2C_GetState)
    I2C_MasterWriteEepromData1               0x00000ee3   Thumb Code   152  oled_i2c.o(i.I2C_MasterWriteEepromData1)
    I2C_Master_Init                          0x00000f7b   Thumb Code    50  cw32f030_i2c.o(i.I2C_Master_Init)
    I2C_OLED_ClearPoint                      0x00000fad   Thumb Code    44  oled_i2c.o(i.I2C_OLED_ClearPoint)
    I2C_OLED_Clear_Line                      0x00000fe1   Thumb Code    24  oled_i2c.o(i.I2C_OLED_Clear_Line)
    I2C_OLED_DrawPoint                       0x00000ffd   Thumb Code    40  oled_i2c.o(i.I2C_OLED_DrawPoint)
    I2C_OLED_Init                            0x0000102d   Thumb Code   160  oled_i2c.o(i.I2C_OLED_Init)
    I2C_OLED_Move                            0x000010cd   Thumb Code    88  oled_i2c.o(i.I2C_OLED_Move)
    I2C_OLED_ShowChar                        0x00001129   Thumb Code   132  oled_i2c.o(i.I2C_OLED_ShowChar)
    I2C_OLED_ShowChar_CH                     0x000011b1   Thumb Code   102  oled_i2c.o(i.I2C_OLED_ShowChar_CH)
    I2C_OLED_ShowString                      0x00001219   Thumb Code   138  oled_i2c.o(i.I2C_OLED_ShowString)
    I2C_OLED_UPdata                          0x000012a9   Thumb Code    86  oled_i2c.o(i.I2C_OLED_UPdata)
    I2C_Send7bitAddress                      0x00001309   Thumb Code    18  cw32f030_i2c.o(i.I2C_Send7bitAddress)
    I2C_SendData                             0x0000131b   Thumb Code     4  cw32f030_i2c.o(i.I2C_SendData)
    I2C_init                                 0x00001321   Thumb Code   112  oled_i2c.o(i.I2C_init)
    LVD_IRQHandler                           0x000013a1   Thumb Code     2  interrupts_cw32f030.o(i.LVD_IRQHandler)
    NMI_Handler                              0x000013a3   Thumb Code     2  interrupts_cw32f030.o(i.NMI_Handler)
    OLED_StrEscCharacter                     0x000013a5   Thumb Code   304  oled_i2c.o(i.OLED_StrEscCharacter)
    PendSV_Handler                           0x000014d9   Thumb Code     2  interrupts_cw32f030.o(i.PendSV_Handler)
    RCC_Configuration                        0x000014dd   Thumb Code    60  main.o(i.RCC_Configuration)
    RCC_HCLKPRS_Config                       0x00001525   Thumb Code    18  cw32f030_rcc.o(i.RCC_HCLKPRS_Config)
    RCC_HSI_Enable                           0x00001545   Thumb Code    30  cw32f030_rcc.o(i.RCC_HSI_Enable)
    RCC_IRQHandler                           0x0000156d   Thumb Code     2  interrupts_cw32f030.o(i.RCC_IRQHandler)
    RCC_PCLKPRS_Config                       0x00001571   Thumb Code    18  cw32f030_rcc.o(i.RCC_PCLKPRS_Config)
    RCC_PLL_Enable                           0x00001591   Thumb Code   124  cw32f030_rcc.o(i.RCC_PLL_Enable)
    RCC_SysClk_Switch                        0x00001619   Thumb Code    46  cw32f030_rcc.o(i.RCC_SysClk_Switch)
    RCC_Sysctrl_GetHClkFreq                  0x00001659   Thumb Code   104  cw32f030_rcc.o(i.RCC_Sysctrl_GetHClkFreq)
    RCC_SystemCoreClockUpdate                0x000016d5   Thumb Code     6  cw32f030_rcc.o(i.RCC_SystemCoreClockUpdate)
    RTC_IRQHandler                           0x000016e1   Thumb Code     2  interrupts_cw32f030.o(i.RTC_IRQHandler)
    SPI1_IRQHandler                          0x000016e3   Thumb Code     2  interrupts_cw32f030.o(i.SPI1_IRQHandler)
    SPI2_IRQHandler                          0x000016e5   Thumb Code     2  interrupts_cw32f030.o(i.SPI2_IRQHandler)
    SVC_Handler                              0x000016e7   Thumb Code     2  interrupts_cw32f030.o(i.SVC_Handler)
    SysTick_Handler                          0x000016e9   Thumb Code    12  cw32f030_systick.o(i.SysTick_Handler)
    SystemInit                               0x000016f9   Thumb Code    46  system_cw32f030.o(i.SystemInit)
    TempSampleComu                           0x00001735   Thumb Code   130  main.o(i.TempSampleComu)
    UART1_IRQHandler                         0x000017cd   Thumb Code     2  interrupts_cw32f030.o(i.UART1_IRQHandler)
    UART2_IRQHandler                         0x000017cf   Thumb Code     2  interrupts_cw32f030.o(i.UART2_IRQHandler)
    UART3_IRQHandler                         0x000017d1   Thumb Code     2  interrupts_cw32f030.o(i.UART3_IRQHandler)
    VC1_IRQHandler                           0x000017d3   Thumb Code     2  interrupts_cw32f030.o(i.VC1_IRQHandler)
    VC2_IRQHandler                           0x000017d5   Thumb Code     2  interrupts_cw32f030.o(i.VC2_IRQHandler)
    WDT_IRQHandler                           0x000017d7   Thumb Code     2  interrupts_cw32f030.o(i.WDT_IRQHandler)
    WriteCmd                                 0x000017d9   Thumb Code    16  oled_i2c.o(i.WriteCmd)
    WriteDat                                 0x000017ed   Thumb Code    16  oled_i2c.o(i.WriteDat)
    __0printf                                0x00001801   Thumb Code    24  printfa.o(i.__0printf)
    __1printf                                0x00001801   Thumb Code     0  printfa.o(i.__0printf)
    __2printf                                0x00001801   Thumb Code     0  printfa.o(i.__0printf)
    __c89printf                              0x00001801   Thumb Code     0  printfa.o(i.__0printf)
    printf                                   0x00001801   Thumb Code     0  printfa.o(i.__0printf)
    __0sprintf                               0x00001821   Thumb Code    36  printfa.o(i.__0sprintf)
    __1sprintf                               0x00001821   Thumb Code     0  printfa.o(i.__0sprintf)
    __2sprintf                               0x00001821   Thumb Code     0  printfa.o(i.__0sprintf)
    __c89sprintf                             0x00001821   Thumb Code     0  printfa.o(i.__0sprintf)
    sprintf                                  0x00001821   Thumb Code     0  printfa.o(i.__0sprintf)
    __ARM_clz                                0x00001849   Thumb Code    46  depilogue.o(i.__ARM_clz)
    __ARM_common_switch8                     0x00001877   Thumb Code    26  cw32f030_i2c.o(i.__ARM_common_switch8)
    __scatterload_copy                       0x00001891   Thumb Code    14  handlers.o(i.__scatterload_copy)
    __scatterload_null                       0x0000189f   Thumb Code     2  handlers.o(i.__scatterload_null)
    __scatterload_zeroinit                   0x000018a1   Thumb Code    14  handlers.o(i.__scatterload_zeroinit)
    delay1ms                                 0x0000216d   Thumb Code    64  system_cw32f030.o(i.delay1ms)
    fputc                                    0x000021b9   Thumb Code    18  fputc.o(i.fputc)
    free                                     0x000021cd   Thumb Code    80  malloc.o(i.free)
    main                                     0x00002221   Thumb Code   116  main.o(i.main)
    malloc                                   0x000022ad   Thumb Code    92  malloc.o(i.malloc)
    hsiprs_tbl                               0x00002908   Data          64  cw32f030_rcc.o(.constdata)
    Region$$Table$$Base                      0x0000296c   Number         0  anon$$obj.o(Region$$Table)
    Region$$Table$$Limit                     0x0000298c   Number         0  anon$$obj.o(Region$$Table)
    timecount                                0x20000000   Data           4  main.o(.data)
    canshu                                   0x20000004   Data           4  main.o(.data)
    Table                                    0x2000000c   Data         392  main.o(.data)
    I2C_P_x                                  0x20000194   Data           1  oled_i2c.o(.data)
    I2C_P_y                                  0x20000195   Data           1  oled_i2c.o(.data)
    I2C_OFFSET_W                             0x20000196   Data           2  oled_i2c.o(.data)
    I2C_OFFSET_H                             0x20000198   Data           2  oled_i2c.o(.data)
    Fonttemp                                 0x2000019c   Data           4  oled_i2c.o(.data)
    Font8x16                                 0x200001a0   Data          16  font.o(.data)
    uwTickFreq                               0x200001b0   Data           1  cw32f030_systick.o(.data)
    uwTickPrio                               0x200001b4   Data           4  cw32f030_systick.o(.data)
    uwTick                                   0x200001b8   Data           4  cw32f030_systick.o(.data)
    SystemCoreClock                          0x200001bc   Data           4  system_cw32f030.o(.data)
    __stdout                                 0x200001c0   Data           4  stdout.o(.data)
    __microlib_freelist                      0x200001c4   Data           4  mvars.o(.data)
    __microlib_freelist_initialised          0x200001c8   Data           4  mvars.o(.data)
    I2C_OLED_GRAM                            0x200001cc   Data        1024  oled_i2c.o(.bss)
    __heap_base                              0x200005d0   Data           0  startup_cw32f030.o(HEAP)
    __heap_limit                             0x200007d0   Data           0  startup_cw32f030.o(HEAP)
    __initial_sp                             0x200009d0   Data           0  startup_cw32f030.o(STACK)



==============================================================================

Memory Map of the image

  Image Entry point : 0x000000c1

  Load Region LR_IROM1 (Base: 0x00000000, Size: 0x00002b58, Max: 0x00010000, ABSOLUTE, COMPRESSED[0x00002ac8])

    Execution Region ER_IROM1 (Exec base: 0x00000000, Load base: 0x00000000, Size: 0x0000298c, Max: 0x00010000, ABSOLUTE)

    Exec Addr    Load Addr    Size         Type   Attr      Idx    E Section Name        Object

    0x00000000   0x00000000   0x000000c0   Data   RO          341    RESET               startup_cw32f030.o
    0x000000c0   0x000000c0   0x00000000   Code   RO         3689  * .ARM.Collect$$$$00000000  mc_p.l(entry.o)
    0x000000c0   0x000000c0   0x00000004   Code   RO         4013    .ARM.Collect$$$$00000001  mc_p.l(entry2.o)
    0x000000c4   0x000000c4   0x00000004   Code   RO         4016    .ARM.Collect$$$$00000004  mc_p.l(entry5.o)
    0x000000c8   0x000000c8   0x00000000   Code   RO         4018    .ARM.Collect$$$$00000008  mc_p.l(entry7b.o)
    0x000000c8   0x000000c8   0x00000000   Code   RO         4020    .ARM.Collect$$$$0000000A  mc_p.l(entry8b.o)
    0x000000c8   0x000000c8   0x00000008   Code   RO         4021    .ARM.Collect$$$$0000000B  mc_p.l(entry9a.o)
    0x000000d0   0x000000d0   0x00000004   Code   RO         4028    .ARM.Collect$$$$0000000E  mc_p.l(entry12b.o)
    0x000000d4   0x000000d4   0x00000000   Code   RO         4023    .ARM.Collect$$$$0000000F  mc_p.l(entry10a.o)
    0x000000d4   0x000000d4   0x00000000   Code   RO         4025    .ARM.Collect$$$$00000011  mc_p.l(entry11a.o)
    0x000000d4   0x000000d4   0x00000004   Code   RO         4014    .ARM.Collect$$$$00002712  mc_p.l(entry2.o)
    0x000000d8   0x000000d8   0x0000003c   Code   RO          342    .text               startup_cw32f030.o
    0x00000114   0x00000114   0x0000002c   Code   RO         3692    .text               mc_p.l(uidiv.o)
    0x00000140   0x00000140   0x00000024   Code   RO         3698    .text               mc_p.l(memcpya.o)
    0x00000164   0x00000164   0x000000b2   Code   RO         3991    .text               mf_p.l(fadd.o)
    0x00000216   0x00000216   0x0000007a   Code   RO         3993    .text               mf_p.l(fmul.o)
    0x00000290   0x00000290   0x0000007c   Code   RO         3995    .text               mf_p.l(fdiv.o)
    0x0000030c   0x0000030c   0x00000018   Code   RO         3997    .text               mf_p.l(fscalb.o)
    0x00000324   0x00000324   0x00000168   Code   RO         3999    .text               mf_p.l(dadd.o)
    0x0000048c   0x0000048c   0x0000000e   Code   RO         4003    .text               mf_p.l(ffltui.o)
    0x0000049a   0x0000049a   0x00000028   Code   RO         4007    .text               mf_p.l(ffixui.o)
    0x000004c2   0x000004c2   0x00000028   Code   RO         4011    .text               mf_p.l(f2d.o)
    0x000004ea   0x000004ea   0x00000060   Code   RO         4032    .text               mc_p.l(uldiv.o)
    0x0000054a   0x0000054a   0x00000020   Code   RO         4034    .text               mc_p.l(llshl.o)
    0x0000056a   0x0000056a   0x00000022   Code   RO         4036    .text               mc_p.l(llushr.o)
    0x0000058c   0x0000058c   0x00000026   Code   RO         4038    .text               mc_p.l(llsshr.o)
    0x000005b2   0x000005b2   0x00000000   Code   RO         4042    .text               mc_p.l(iusefp.o)
    0x000005b2   0x000005b2   0x00000082   Code   RO         4043    .text               mf_p.l(fepilogue.o)
    0x00000634   0x00000634   0x000000be   Code   RO         4045    .text               mf_p.l(depilogue.o)
    0x000006f2   0x000006f2   0x00000002   PAD
    0x000006f4   0x000006f4   0x000000d0   Code   RO         4049    .text               mf_p.l(dmul.o)
    0x000007c4   0x000007c4   0x000000f0   Code   RO         4051    .text               mf_p.l(ddiv.o)
    0x000008b4   0x000008b4   0x00000040   Code   RO         4053    .text               mf_p.l(dfixul.o)
    0x000008f4   0x000008f4   0x00000028   Code   RO         4055    .text               mf_p.l(cdrcmple.o)
    0x0000091c   0x0000091c   0x00000024   Code   RO         4057    .text               mc_p.l(init.o)
    0x00000940   0x00000940   0x00000000   Code   RO         4059    .text               mc_p.l(semi.o)
    0x00000940   0x00000940   0x00000000   Code   RO         4060    .text               mc_p.l(iusesemip.o)
    0x00000940   0x00000940   0x0000003a   Code   RO         4069    .text               mc_p.l(__dczerorl.o)
    0x0000097a   0x0000097a   0x00000002   PAD
    0x0000097c   0x0000097c   0x00000034   Code   RO          614    i.ADC_BufEnSingleCh  cw32f030_adc.o
    0x000009b0   0x000009b0   0x00000010   Code   RO          616    i.ADC_ClearITPendingBit  cw32f030_adc.o
    0x000009c0   0x000009c0   0x0000005c   Code   RO          348    i.ADC_Configuration  main.o
    0x00000a1c   0x00000a1c   0x0000001c   Code   RO          625    i.ADC_Enable        cw32f030_adc.o
    0x00000a38   0x00000a38   0x0000000c   Code   RO          630    i.ADC_GetConversionValue  cw32f030_adc.o
    0x00000a44   0x00000a44   0x00000014   Code   RO          631    i.ADC_GetITStatus   cw32f030_adc.o
    0x00000a58   0x00000a58   0x00000002   Code   RO            3    i.ADC_IRQHandler    interrupts_cw32f030.o
    0x00000a5a   0x00000a5a   0x00000002   PAD
    0x00000a5c   0x00000a5c   0x00000054   Code   RO          640    i.ADC_Init          cw32f030_adc.o
    0x00000ab0   0x00000ab0   0x0000003c   Code   RO          650    i.ADC_SingleChCommon  cw32f030_adc.o
    0x00000aec   0x00000aec   0x00000018   Code   RO          653    i.ADC_SingleChOneModeCfg  cw32f030_adc.o
    0x00000b04   0x00000b04   0x0000001c   Code   RO          654    i.ADC_SoftwareStartConvCmd  cw32f030_adc.o
    0x00000b20   0x00000b20   0x0000004c   Code   RO          660    i.ADC_WdtConfig     cw32f030_adc.o
    0x00000b6c   0x00000b6c   0x00000002   Code   RO            4    i.ATIM_IRQHandler   interrupts_cw32f030.o
    0x00000b6e   0x00000b6e   0x00000002   Code   RO            5    i.AWT_IRQHandler    interrupts_cw32f030.o
    0x00000b70   0x00000b70   0x00000048   Code   RO          349    i.BTIM1_IRQHandler  main.o
    0x00000bb8   0x00000bb8   0x00000002   Code   RO            6    i.BTIM2_IRQHandler  interrupts_cw32f030.o
    0x00000bba   0x00000bba   0x00000002   Code   RO            7    i.BTIM3_IRQHandler  interrupts_cw32f030.o
    0x00000bbc   0x00000bbc   0x00000008   Code   RO         1318    i.BTIM_ClearITPendingBit  cw32f030_btim.o
    0x00000bc4   0x00000bc4   0x00000014   Code   RO         1319    i.BTIM_Cmd          cw32f030_btim.o
    0x00000bd8   0x00000bd8   0x0000000a   Code   RO         1325    i.BTIM_GetITStatus  cw32f030_btim.o
    0x00000be2   0x00000be2   0x00000010   Code   RO         1327    i.BTIM_ITConfig     cw32f030_btim.o
    0x00000bf2   0x00000bf2   0x00000002   PAD
    0x00000bf4   0x00000bf4   0x00000020   Code   RO         1336    i.BTIM_TimeBaseInit  cw32f030_btim.o
    0x00000c14   0x00000c14   0x00000054   Code   RO          350    i.BTIM_init         main.o
    0x00000c68   0x00000c68   0x00000002   Code   RO            8    i.DMACH1_IRQHandler  interrupts_cw32f030.o
    0x00000c6a   0x00000c6a   0x00000002   Code   RO            9    i.DMACH23_IRQHandler  interrupts_cw32f030.o
    0x00000c6c   0x00000c6c   0x00000002   Code   RO           10    i.DMACH45_IRQHandler  interrupts_cw32f030.o
    0x00000c6e   0x00000c6e   0x00000002   Code   RO           11    i.FAULT_IRQHandler  interrupts_cw32f030.o
    0x00000c70   0x00000c70   0x00000002   Code   RO           12    i.FLASHRAM_IRQHandler  interrupts_cw32f030.o
    0x00000c72   0x00000c72   0x00000002   PAD
    0x00000c74   0x00000c74   0x0000001c   Code   RO         1648    i.FLASH_SetLatency  cw32f030_flash.o
    0x00000c90   0x00000c90   0x00000002   Code   RO           13    i.GPIOA_IRQHandler  interrupts_cw32f030.o
    0x00000c92   0x00000c92   0x00000002   Code   RO           14    i.GPIOB_IRQHandler  interrupts_cw32f030.o
    0x00000c94   0x00000c94   0x00000002   Code   RO           15    i.GPIOC_IRQHandler  interrupts_cw32f030.o
    0x00000c96   0x00000c96   0x00000002   Code   RO           16    i.GPIOF_IRQHandler  interrupts_cw32f030.o
    0x00000c98   0x00000c98   0x00000040   Code   RO          351    i.GPIO_Configuration  main.o
    0x00000cd8   0x00000cd8   0x000000e4   Code   RO         1772    i.GPIO_Init         cw32f030_gpio.o
    0x00000dbc   0x00000dbc   0x0000000c   Code   RO         1778    i.GPIO_WritePin     cw32f030_gpio.o
    0x00000dc8   0x00000dc8   0x00000002   Code   RO           17    i.GTIM1_IRQHandler  interrupts_cw32f030.o
    0x00000dca   0x00000dca   0x00000002   Code   RO           18    i.GTIM2_IRQHandler  interrupts_cw32f030.o
    0x00000dcc   0x00000dcc   0x00000002   Code   RO           19    i.GTIM3_IRQHandler  interrupts_cw32f030.o
    0x00000dce   0x00000dce   0x00000002   Code   RO           20    i.GTIM4_IRQHandler  interrupts_cw32f030.o
    0x00000dd0   0x00000dd0   0x0000002e   Code   RO          570    i.GetConslonsCode_from_EXFlash  font.o
    0x00000dfe   0x00000dfe   0x00000002   PAD
    0x00000e00   0x00000e00   0x00000020   Code   RO          571    i.GetGBKCode_from_EXFlash  font.o
    0x00000e20   0x00000e20   0x00000002   Code   RO           21    i.HardFault_Handler  interrupts_cw32f030.o
    0x00000e22   0x00000e22   0x00000002   PAD
    0x00000e24   0x00000e24   0x00000020   Code   RO         2042    i.I2C1_DeInit       cw32f030_i2c.o
    0x00000e44   0x00000e44   0x00000002   Code   RO           22    i.I2C1_IRQHandler   interrupts_cw32f030.o
    0x00000e46   0x00000e46   0x00000002   Code   RO           23    i.I2C2_IRQHandler   interrupts_cw32f030.o
    0x00000e48   0x00000e48   0x00000012   Code   RO         2046    i.I2C_AcknowledgeConfig  cw32f030_i2c.o
    0x00000e5a   0x00000e5a   0x00000014   Code   RO         2047    i.I2C_BaudGeneratorEnable  cw32f030_i2c.o
    0x00000e6e   0x00000e6e   0x0000000a   Code   RO         2048    i.I2C_ClearIrq      cw32f030_i2c.o
    0x00000e78   0x00000e78   0x00000012   Code   RO         2049    i.I2C_Cmd           cw32f030_i2c.o
    0x00000e8a   0x00000e8a   0x00000014   Code   RO         2050    i.I2C_FilterConfig  cw32f030_i2c.o
    0x00000e9e   0x00000e9e   0x00000024   Code   RO         2052    i.I2C_GenerateSTART  cw32f030_i2c.o
    0x00000ec2   0x00000ec2   0x00000012   Code   RO         2053    i.I2C_GenerateSTOP  cw32f030_i2c.o
    0x00000ed4   0x00000ed4   0x00000008   Code   RO         2054    i.I2C_GetIrq        cw32f030_i2c.o
    0x00000edc   0x00000edc   0x00000006   Code   RO         2055    i.I2C_GetState      cw32f030_i2c.o
    0x00000ee2   0x00000ee2   0x00000098   Code   RO          418    i.I2C_MasterWriteEepromData1  oled_i2c.o
    0x00000f7a   0x00000f7a   0x00000032   Code   RO         2060    i.I2C_Master_Init   cw32f030_i2c.o
    0x00000fac   0x00000fac   0x00000034   Code   RO          420    i.I2C_OLED_ClearPoint  oled_i2c.o
    0x00000fe0   0x00000fe0   0x0000001c   Code   RO          421    i.I2C_OLED_Clear_Line  oled_i2c.o
    0x00000ffc   0x00000ffc   0x00000030   Code   RO          426    i.I2C_OLED_DrawPoint  oled_i2c.o
    0x0000102c   0x0000102c   0x000000a0   Code   RO          427    i.I2C_OLED_Init     oled_i2c.o
    0x000010cc   0x000010cc   0x0000005c   Code   RO          428    i.I2C_OLED_Move     oled_i2c.o
    0x00001128   0x00001128   0x00000088   Code   RO          431    i.I2C_OLED_ShowChar  oled_i2c.o
    0x000011b0   0x000011b0   0x00000066   Code   RO          432    i.I2C_OLED_ShowChar_CH  oled_i2c.o
    0x00001216   0x00001216   0x00000002   PAD
    0x00001218   0x00001218   0x00000090   Code   RO          434    i.I2C_OLED_ShowString  oled_i2c.o
    0x000012a8   0x000012a8   0x00000060   Code   RO          435    i.I2C_OLED_UPdata   oled_i2c.o
    0x00001308   0x00001308   0x00000012   Code   RO         2062    i.I2C_Send7bitAddress  cw32f030_i2c.o
    0x0000131a   0x0000131a   0x00000004   Code   RO         2063    i.I2C_SendData      cw32f030_i2c.o
    0x0000131e   0x0000131e   0x00000002   PAD
    0x00001320   0x00001320   0x00000080   Code   RO          436    i.I2C_init          oled_i2c.o
    0x000013a0   0x000013a0   0x00000002   Code   RO           24    i.LVD_IRQHandler    interrupts_cw32f030.o
    0x000013a2   0x000013a2   0x00000002   Code   RO           25    i.NMI_Handler       interrupts_cw32f030.o
    0x000013a4   0x000013a4   0x00000134   Code   RO          437    i.OLED_StrEscCharacter  oled_i2c.o
    0x000014d8   0x000014d8   0x00000002   Code   RO           26    i.PendSV_Handler    interrupts_cw32f030.o
    0x000014da   0x000014da   0x00000002   PAD
    0x000014dc   0x000014dc   0x00000048   Code   RO          352    i.RCC_Configuration  main.o
    0x00001524   0x00001524   0x00000020   Code   RO         2501    i.RCC_HCLKPRS_Config  cw32f030_rcc.o
    0x00001544   0x00001544   0x00000028   Code   RO         2507    i.RCC_HSI_Enable    cw32f030_rcc.o
    0x0000156c   0x0000156c   0x00000002   Code   RO           27    i.RCC_IRQHandler    interrupts_cw32f030.o
    0x0000156e   0x0000156e   0x00000002   PAD
    0x00001570   0x00001570   0x00000020   Code   RO         2519    i.RCC_PCLKPRS_Config  cw32f030_rcc.o
    0x00001590   0x00001590   0x00000088   Code   RO         2522    i.RCC_PLL_Enable    cw32f030_rcc.o
    0x00001618   0x00001618   0x00000040   Code   RO         2526    i.RCC_SysClk_Switch  cw32f030_rcc.o
    0x00001658   0x00001658   0x0000007c   Code   RO         2527    i.RCC_Sysctrl_GetHClkFreq  cw32f030_rcc.o
    0x000016d4   0x000016d4   0x0000000c   Code   RO         2529    i.RCC_SystemCoreClockUpdate  cw32f030_rcc.o
    0x000016e0   0x000016e0   0x00000002   Code   RO           28    i.RTC_IRQHandler    interrupts_cw32f030.o
    0x000016e2   0x000016e2   0x00000002   Code   RO           29    i.SPI1_IRQHandler   interrupts_cw32f030.o
    0x000016e4   0x000016e4   0x00000002   Code   RO           30    i.SPI2_IRQHandler   interrupts_cw32f030.o
    0x000016e6   0x000016e6   0x00000002   Code   RO           31    i.SVC_Handler       interrupts_cw32f030.o
    0x000016e8   0x000016e8   0x00000010   Code   RO         3110    i.SysTick_Handler   cw32f030_systick.o
    0x000016f8   0x000016f8   0x0000003c   Code   RO         3638    i.SystemInit        system_cw32f030.o
    0x00001734   0x00001734   0x00000098   Code   RO          353    i.TempSampleComu    main.o
    0x000017cc   0x000017cc   0x00000002   Code   RO           32    i.UART1_IRQHandler  interrupts_cw32f030.o
    0x000017ce   0x000017ce   0x00000002   Code   RO           33    i.UART2_IRQHandler  interrupts_cw32f030.o
    0x000017d0   0x000017d0   0x00000002   Code   RO           34    i.UART3_IRQHandler  interrupts_cw32f030.o
    0x000017d2   0x000017d2   0x00000002   Code   RO           35    i.VC1_IRQHandler    interrupts_cw32f030.o
    0x000017d4   0x000017d4   0x00000002   Code   RO           36    i.VC2_IRQHandler    interrupts_cw32f030.o
    0x000017d6   0x000017d6   0x00000002   Code   RO           37    i.WDT_IRQHandler    interrupts_cw32f030.o
    0x000017d8   0x000017d8   0x00000014   Code   RO          438    i.WriteCmd          oled_i2c.o
    0x000017ec   0x000017ec   0x00000014   Code   RO          439    i.WriteDat          oled_i2c.o
    0x00001800   0x00001800   0x00000020   Code   RO         3935    i.__0printf         mc_p.l(printfa.o)
    0x00001820   0x00001820   0x00000028   Code   RO         3937    i.__0sprintf        mc_p.l(printfa.o)
    0x00001848   0x00001848   0x0000002e   Code   RO         4047    i.__ARM_clz         mf_p.l(depilogue.o)
    0x00001876   0x00001876   0x0000001a   Code   RO         2210    i.__ARM_common_switch8  cw32f030_i2c.o
    0x00001890   0x00001890   0x0000000e   Code   RO         4063    i.__scatterload_copy  mc_p.l(handlers.o)
    0x0000189e   0x0000189e   0x00000002   Code   RO         4064    i.__scatterload_null  mc_p.l(handlers.o)
    0x000018a0   0x000018a0   0x0000000e   Code   RO         4065    i.__scatterload_zeroinit  mc_p.l(handlers.o)
    0x000018ae   0x000018ae   0x00000002   PAD
    0x000018b0   0x000018b0   0x00000174   Code   RO         3942    i._fp_digits        mc_p.l(printfa.o)
    0x00001a24   0x00001a24   0x000006f0   Code   RO         3943    i._printf_core      mc_p.l(printfa.o)
    0x00002114   0x00002114   0x00000020   Code   RO         3944    i._printf_post_padding  mc_p.l(printfa.o)
    0x00002134   0x00002134   0x0000002c   Code   RO         3945    i._printf_pre_padding  mc_p.l(printfa.o)
    0x00002160   0x00002160   0x0000000a   Code   RO         3947    i._sputc            mc_p.l(printfa.o)
    0x0000216a   0x0000216a   0x00000002   PAD
    0x0000216c   0x0000216c   0x0000004c   Code   RO         3640    i.delay1ms          system_cw32f030.o
    0x000021b8   0x000021b8   0x00000012   Code   RO         4029    i.fputc             mc_p.l(fputc.o)
    0x000021ca   0x000021ca   0x00000002   PAD
    0x000021cc   0x000021cc   0x00000054   Code   RO         3963    i.free              mc_p.l(malloc.o)
    0x00002220   0x00002220   0x0000008c   Code   RO          354    i.main              main.o
    0x000022ac   0x000022ac   0x0000006c   Code   RO         3964    i.malloc            mc_p.l(malloc.o)
    0x00002318   0x00002318   0x000005f0   Data   RO          572    .constdata          font.o
    0x00002908   0x00002908   0x00000064   Data   RO         2531    .constdata          cw32f030_rcc.o
    0x0000296c   0x0000296c   0x00000020   Data   RO         4061    Region$$Table       anon$$obj.o


    Execution Region RW_IRAM1 (Exec base: 0x20000000, Load base: 0x0000298c, Size: 0x000009d0, Max: 0x00020000, ABSOLUTE, COMPRESSED[0x0000013c])

    Exec Addr    Load Addr    Size         Type   Attr      Idx    E Section Name        Object

    0x20000000   COMPRESSED   0x00000194   Data   RW          355    .data               main.o
    0x20000194   COMPRESSED   0x0000000c   Data   RW          441    .data               oled_i2c.o
    0x200001a0   COMPRESSED   0x00000010   Data   RW          576    .data               font.o
    0x200001b0   COMPRESSED   0x0000000c   Data   RW         3112    .data               cw32f030_systick.o
    0x200001bc   COMPRESSED   0x00000004   Data   RW         3641    .data               system_cw32f030.o
    0x200001c0   COMPRESSED   0x00000004   Data   RW         4031    .data               mc_p.l(stdout.o)
    0x200001c4   COMPRESSED   0x00000004   Data   RW         4040    .data               mc_p.l(mvars.o)
    0x200001c8   COMPRESSED   0x00000004   Data   RW         4041    .data               mc_p.l(mvars.o)
    0x200001cc        -       0x00000400   Zero   RW          440    .bss                oled_i2c.o
    0x200005cc   COMPRESSED   0x00000004   PAD
    0x200005d0        -       0x00000200   Zero   RW          340    HEAP                startup_cw32f030.o
    0x200007d0        -       0x00000200   Zero   RW          339    STACK               startup_cw32f030.o


==============================================================================

Image component sizes


      Code (inc. data)   RO Data    RW Data    ZI Data      Debug   Object Name

       400         58          0          0          0       5709   cw32f030_adc.o
        86          4          0          0          0       3051   cw32f030_btim.o
        28         10          0          0          0        515   cw32f030_flash.o
       240          4          0          0          0       1696   cw32f030_gpio.o
       284          8          0          0          0       7755   cw32f030_i2c.o
       440        102        100          0          0       5063   cw32f030_rcc.o
        16          4          0         12          0       1693   cw32f030_systick.o
        78         20       1520         16          0       2882   font.o
        70          0          0          0          0     217265   interrupts_cw32f030.o
       676        104          0        404          0      13871   main.o
      1486         72          0         12       1024      11128   oled_i2c.o
        60         22        192          0       1024        608   startup_cw32f030.o
       136         26          0          4          0       1782   system_cw32f030.o

    ----------------------------------------------------------------------
      4018        434       1844        448       2052     273018   Object Totals
         0          0         32          0          0          0   (incl. Generated)
        18          0          0          0          4          0   (incl. Padding)

    ----------------------------------------------------------------------

      Code (inc. data)   RO Data    RW Data    ZI Data      Debug   Library Member Name

        58          0          0          0          0          0   __dczerorl.o
         0          0          0          0          0          0   entry.o
         0          0          0          0          0          0   entry10a.o
         0          0          0          0          0          0   entry11a.o
         4          0          0          0          0          0   entry12b.o
         8          4          0          0          0          0   entry2.o
         4          0          0          0          0          0   entry5.o
         0          0          0          0          0          0   entry7b.o
         0          0          0          0          0          0   entry8b.o
         8          4          0          0          0          0   entry9a.o
        18          0          0          0          0         72   fputc.o
        30          0          0          0          0          0   handlers.o
        36          8          0          0          0         68   init.o
         0          0          0          0          0          0   iusefp.o
         0          0          0          0          0          0   iusesemip.o
        32          0          0          0          0         68   llshl.o
        38          0          0          0          0         68   llsshr.o
        34          0          0          0          0         68   llushr.o
       192         20          0          0          0        144   malloc.o
        36          0          0          0          0         60   memcpya.o
         0          0          0          8          0          0   mvars.o
      2306        102          0          0          0        556   printfa.o
         0          0          0          0          0          0   semi.o
         0          0          0          4          0          0   stdout.o
        44          0          0          0          0         72   uidiv.o
        96          0          0          0          0         84   uldiv.o
        40          2          0          0          0         68   cdrcmple.o
       360          6          0          0          0        140   dadd.o
       240          6          0          0          0         84   ddiv.o
       236          0          0          0          0        216   depilogue.o
        64         10          0          0          0         68   dfixul.o
       208          6          0          0          0         88   dmul.o
        40          0          0          0          0         60   f2d.o
       178          0          0          0          0        108   fadd.o
       124          0          0          0          0         72   fdiv.o
       130          0          0          0          0        144   fepilogue.o
        40          0          0          0          0         60   ffixui.o
        14          0          0          0          0         68   ffltui.o
       122          0          0          0          0         72   fmul.o
        24          0          0          0          0         60   fscalb.o

    ----------------------------------------------------------------------
      4774        168          0         12          0       2568   Library Totals
        10          0          0          0          0          0   (incl. Padding)

    ----------------------------------------------------------------------

      Code (inc. data)   RO Data    RW Data    ZI Data      Debug   Library Name

      2944        138          0         12          0       1260   mc_p.l
      1820         30          0          0          0       1308   mf_p.l

    ----------------------------------------------------------------------
      4774        168          0         12          0       2568   Library Totals

    ----------------------------------------------------------------------

==============================================================================


      Code (inc. data)   RO Data    RW Data    ZI Data      Debug   

      8792        602       1844        460       2052     270258   Grand Totals
      8792        602       1844        316       2052     270258   ELF Image Totals (compressed)
      8792        602       1844        316          0          0   ROM Totals

==============================================================================

    Total RO  Size (Code + RO Data)                10636 (  10.39kB)
    Total RW  Size (RW Data + ZI Data)              2512 (   2.45kB)
    Total ROM Size (Code + RO Data + RW Data)      10952 (  10.70kB)

==============================================================================

