Component: ARM Compiler 5.06 update 7 (build 960) Tool: armlink [4d3601]

==============================================================================

Section Cross References

    interrupts_cw32f030.o(i.DMACH1_IRQHandler) refers to cw32f030_dma.o(i.DMA_GetITStatus) for DMA_GetITStatus
    interrupts_cw32f030.o(i.DMACH1_IRQHandler) refers to cw32f030_dma.o(i.DMA_ClearITPendingBit) for DMA_ClearITPendingBit
    interrupts_cw32f030.o(i.DMACH1_IRQHandler) refers to init.o(i.DMACH1_IRQHandlerCallBack) for DMACH1_IRQHandlerCallBack
    interrupts_cw32f030.o(i.GTIM1_IRQHandler) refers to cw32f030_gtim.o(i.GTIM_GetITStatus) for GTIM_GetITStatus
    interrupts_cw32f030.o(i.GTIM1_IRQHandler) refers to cw32f030_gtim.o(i.GTIM_ClearITPendingBit) for GTIM_ClearITPendingBit
    startup_cw32f030.o(RESET) refers to startup_cw32f030.o(STACK) for __initial_sp
    startup_cw32f030.o(RESET) refers to startup_cw32f030.o(.text) for Reset_Handler
    startup_cw32f030.o(RESET) refers to interrupts_cw32f030.o(i.NMI_Handler) for NMI_Handler
    startup_cw32f030.o(RESET) refers to interrupts_cw32f030.o(i.HardFault_Handler) for HardFault_Handler
    startup_cw32f030.o(RESET) refers to interrupts_cw32f030.o(i.SVC_Handler) for SVC_Handler
    startup_cw32f030.o(RESET) refers to interrupts_cw32f030.o(i.PendSV_Handler) for PendSV_Handler
    startup_cw32f030.o(RESET) refers to cw32f030_systick.o(i.SysTick_Handler) for SysTick_Handler
    startup_cw32f030.o(RESET) refers to interrupts_cw32f030.o(i.WDT_IRQHandler) for WDT_IRQHandler
    startup_cw32f030.o(RESET) refers to interrupts_cw32f030.o(i.LVD_IRQHandler) for LVD_IRQHandler
    startup_cw32f030.o(RESET) refers to interrupts_cw32f030.o(i.RTC_IRQHandler) for RTC_IRQHandler
    startup_cw32f030.o(RESET) refers to interrupts_cw32f030.o(i.FLASHRAM_IRQHandler) for FLASHRAM_IRQHandler
    startup_cw32f030.o(RESET) refers to interrupts_cw32f030.o(i.RCC_IRQHandler) for RCC_IRQHandler
    startup_cw32f030.o(RESET) refers to interrupts_cw32f030.o(i.GPIOA_IRQHandler) for GPIOA_IRQHandler
    startup_cw32f030.o(RESET) refers to interrupts_cw32f030.o(i.GPIOB_IRQHandler) for GPIOB_IRQHandler
    startup_cw32f030.o(RESET) refers to interrupts_cw32f030.o(i.GPIOC_IRQHandler) for GPIOC_IRQHandler
    startup_cw32f030.o(RESET) refers to interrupts_cw32f030.o(i.GPIOF_IRQHandler) for GPIOF_IRQHandler
    startup_cw32f030.o(RESET) refers to interrupts_cw32f030.o(i.DMACH1_IRQHandler) for DMACH1_IRQHandler
    startup_cw32f030.o(RESET) refers to interrupts_cw32f030.o(i.DMACH23_IRQHandler) for DMACH23_IRQHandler
    startup_cw32f030.o(RESET) refers to interrupts_cw32f030.o(i.DMACH45_IRQHandler) for DMACH45_IRQHandler
    startup_cw32f030.o(RESET) refers to interrupts_cw32f030.o(i.ADC_IRQHandler) for ADC_IRQHandler
    startup_cw32f030.o(RESET) refers to motor.o(i.ATIM_IRQHandler) for ATIM_IRQHandler
    startup_cw32f030.o(RESET) refers to interrupts_cw32f030.o(i.VC1_IRQHandler) for VC1_IRQHandler
    startup_cw32f030.o(RESET) refers to interrupts_cw32f030.o(i.VC2_IRQHandler) for VC2_IRQHandler
    startup_cw32f030.o(RESET) refers to interrupts_cw32f030.o(i.GTIM1_IRQHandler) for GTIM1_IRQHandler
    startup_cw32f030.o(RESET) refers to motor.o(i.GTIM2_IRQHandler) for GTIM2_IRQHandler
    startup_cw32f030.o(RESET) refers to interrupts_cw32f030.o(i.GTIM3_IRQHandler) for GTIM3_IRQHandler
    startup_cw32f030.o(RESET) refers to interrupts_cw32f030.o(i.GTIM4_IRQHandler) for GTIM4_IRQHandler
    startup_cw32f030.o(RESET) refers to main.o(i.BTIM1_IRQHandler) for BTIM1_IRQHandler
    startup_cw32f030.o(RESET) refers to interrupts_cw32f030.o(i.BTIM2_IRQHandler) for BTIM2_IRQHandler
    startup_cw32f030.o(RESET) refers to interrupts_cw32f030.o(i.I2C1_IRQHandler) for I2C1_IRQHandler
    startup_cw32f030.o(RESET) refers to interrupts_cw32f030.o(i.I2C2_IRQHandler) for I2C2_IRQHandler
    startup_cw32f030.o(RESET) refers to interrupts_cw32f030.o(i.SPI1_IRQHandler) for SPI1_IRQHandler
    startup_cw32f030.o(RESET) refers to interrupts_cw32f030.o(i.SPI2_IRQHandler) for SPI2_IRQHandler
    startup_cw32f030.o(RESET) refers to interrupts_cw32f030.o(i.UART1_IRQHandler) for UART1_IRQHandler
    startup_cw32f030.o(RESET) refers to interrupts_cw32f030.o(i.UART2_IRQHandler) for UART2_IRQHandler
    startup_cw32f030.o(RESET) refers to init.o(i.UART3_IRQHandler) for UART3_IRQHandler
    startup_cw32f030.o(RESET) refers to interrupts_cw32f030.o(i.AWT_IRQHandler) for AWT_IRQHandler
    startup_cw32f030.o(RESET) refers to interrupts_cw32f030.o(i.FAULT_IRQHandler) for FAULT_IRQHandler
    startup_cw32f030.o(.text) refers to system_cw32f030.o(i.SystemInit) for SystemInit
    startup_cw32f030.o(.text) refers to entry.o(.ARM.Collect$$$$00000000) for __main
    main.o(i.BTIM1_IRQHandler) refers to cw32f030_btim.o(i.BTIM_GetITStatus) for BTIM_GetITStatus
    main.o(i.BTIM1_IRQHandler) refers to cw32f030_btim.o(i.BTIM_ClearITPendingBit) for BTIM_ClearITPendingBit
    main.o(i.BTIM1_IRQHandler) refers to globalv.o(.data) for TimeCountTemp
[...]
    ..\\Libraries\\src\\cw32f030_i2c.c       0x00000000   Number         0  cw32f030_i2c.o ABSOLUTE
    ..\\Libraries\\src\\cw32f030_lvd.c       0x00000000   Number         0  cw32f030_lvd.o ABSOLUTE
    ..\\Libraries\\src\\cw32f030_pwr.c       0x00000000   Number         0  cw32f030_pwr.o ABSOLUTE
    ..\\Libraries\\src\\cw32f030_ram.c       0x00000000   Number         0  cw32f030_ram.o ABSOLUTE
    ..\\Libraries\\src\\cw32f030_rcc.c       0x00000000   Number         0  cw32f030_rcc.o ABSOLUTE
    ..\\Libraries\\src\\cw32f030_rtc.c       0x00000000   Number         0  cw32f030_rtc.o ABSOLUTE
    ..\\Libraries\\src\\cw32f030_spi.c       0x00000000   Number         0  cw32f030_spi.o ABSOLUTE
    ..\\Libraries\\src\\cw32f030_systick.c   0x00000000   Number         0  cw32f030_systick.o ABSOLUTE
    ..\\Libraries\\src\\cw32f030_uart.c      0x00000000   Number         0  cw32f030_uart.o ABSOLUTE
    ..\\Libraries\\src\\cw32f030_vc.c        0x00000000   Number         0  cw32f030_vc.o ABSOLUTE
    ..\\Libraries\\src\\cw32f030_wwdt.c      0x00000000   Number         0  cw32f030_wwdt.o ABSOLUTE
    ..\\Libraries\\src\\system_cw32f030.c    0x00000000   Number         0  system_cw32f030.o ABSOLUTE
    USER\MAIN.c                              0x00000000   Number         0  main.o ABSOLUTE
    USER\MOTOR.C                             0x00000000   Number         0  motor.o ABSOLUTE
    USER\OLED_I2C.c                          0x00000000   Number         0  oled_i2c.o ABSOLUTE
    USER\\MAIN.c                             0x00000000   Number         0  main.o ABSOLUTE
    USER\\MOTOR.C                            0x00000000   Number         0  motor.o ABSOLUTE
    USER\\OLED_I2C.c                         0x00000000   Number         0  oled_i2c.o ABSOLUTE
    USER\\compu.c                            0x00000000   Number         0  compu.o ABSOLUTE
    USER\\control.c                          0x00000000   Number         0  control.o ABSOLUTE
    USER\\font.c                             0x00000000   Number         0  font.o ABSOLUTE
    USER\\globalv.c                          0x00000000   Number         0  globalv.o ABSOLUTE
    USER\\init.c                             0x00000000   Number         0  init.o ABSOLUTE
    USER\\interrupts_cw32f030.c              0x00000000   Number         0  interrupts_cw32f030.o ABSOLUTE
    USER\\pid.c                              0x00000000   Number         0  pid.o ABSOLUTE
    USER\compu.c                             0x00000000   Number         0  compu.o ABSOLUTE
    USER\control.c                           0x00000000   Number         0  control.o ABSOLUTE
    USER\font.c                              0x00000000   Number         0  font.o ABSOLUTE
    USER\global.c                            0x00000000   Number         0  global.o ABSOLUTE
    USER\globalv.c                           0x00000000   Number         0  globalv.o ABSOLUTE
    USER\init.c                              0x00000000   Number         0  init.o ABSOLUTE
    USER\interrupts_cw32f030.c               0x00000000   Number         0  interrupts_cw32f030.o ABSOLUTE
    USER\pid.c                               0x00000000   Number         0  pid.o ABSOLUTE
    USER\startup_cw32f030.s                  0x00000000   Number         0  startup_cw32f030.o ABSOLUTE
    cdcmple.s                                0x00000000   Number         0  cdcmple.o ABSOLUTE
    cdrcmple.s                               0x00000000   Number         0  cdrcmple.o ABSOLUTE
    cfcmple.s                                0x00000000   Number         0  cfcmple.o ABSOLUTE
    cfrcmple.s                               0x00000000   Number         0  cfrcmple.o ABSOLUTE
    dc.s                                     0x00000000   Number         0  dc.o ABSOLUTE
    handlers.s                               0x00000000   Number         0  handlers.o ABSOLUTE
    init.s                                   0x00000000   Number         0  init.o ABSOLUTE
    .ARM.Collect$$$$00000000                 0x000000c0   Section        0  entry.o(.ARM.Collect$$$$00000000)
    .ARM.Collect$$$$00000001                 0x000000c0   Section        4  entry2.o(.ARM.Collect$$$$00000001)
    .ARM.Collect$$$$00000004                 0x000000c4   Section        4  entry5.o(.ARM.Collect$$$$00000004)
    .ARM.Collect$$$$00000008                 0x000000c8   Section        0  entry7b.o(.ARM.Collect$$$$00000008)
    .ARM.Collect$$$$0000000A                 0x000000c8   Section        0  entry8b.o(.ARM.Collect$$$$0000000A)
    .ARM.Collect$$$$0000000B                 0x000000c8   Section        8  entry9a.o(.ARM.Collect$$$$0000000B)
    .ARM.Collect$$$$0000000E                 0x000000d0   Section        4  entry12b.o(.ARM.Collect$$$$0000000E)
    .ARM.Collect$$$$0000000F                 0x000000d4   Section        0  entry10a.o(.ARM.Collect$$$$0000000F)
    .ARM.Collect$$$$00000011                 0x000000d4   Section        0  entry11a.o(.ARM.Collect$$$$00000011)
    .ARM.Collect$$$$00002712                 0x000000d4   Section        4  entry2.o(.ARM.Collect$$$$00002712)
    __lit__00000000                          0x000000d4   Data           4  entry2.o(.ARM.Collect$$$$00002712)
    .text                                    0x000000d8   Section       60  startup_cw32f030.o(.text)
    .text                                    0x00000114   Section        0  uidiv.o(.text)
    .text                                    0x00000140   Section        0  idiv.o(.text)
    .text                                    0x00000168   Section        0  memseta.o(.text)
    .text                                    0x0000018c   Section        0  fadd.o(.text)
    .text                                    0x0000023e   Section        0  fmul.o(.text)
    .text                                    0x000002b8   Section        0  fdiv.o(.text)
    .text                                    0x00000334   Section        0  dadd.o(.text)
    .text                                    0x0000049c   Section        0  dmul.o(.text)
    .text                                    0x0000056c   Section        0  ddiv.o(.text)
    .text                                    0x0000065c   Section        0  fflti.o(.text)
    .text                                    0x00000672   Section        0  ffltui.o(.text)
    .text                                    0x00000680   Section        0  dflti.o(.text)
    .text                                    0x000006a8   Section        0  dfltui.o(.text)
    .text                                    0x000006c4   Section        0  ffixui.o(.text)
    .text                                    0x000006ec   Section        0  dfixi.o(.text)
    .text                                    0x00000734   Section        0  f2d.o(.text)
    .text                                    0x0000075c   Section       40  cdcmple.o(.text)
    .text                                    0x00000784   Section       40  cdrcmple.o(.text)
    .text                                    0x000007ac   Section        0  d2f.o(.text)
    .text                                    0x000007e4   Section       20  cfcmple.o(.text)
    .text                                    0x000007f8   Section       20  cfrcmple.o(.text)
    .text                                    0x0000080c   Section        0  uldiv.o(.text)
    .text                                    0x0000086c   Section        0  llshl.o(.text)
    .text                                    0x0000088c   Section        0  llushr.o(.text)
    .text                                    0x000008ae   Section        0  llsshr.o(.text)
    .text                                    0x000008d4   Section        0  iusefp.o(.text)
    .text                                    0x000008d4   Section        0  fepilogue.o(.text)
    .text                                    0x00000956   Section        0  depilogue.o(.text)
    .text                                    0x00000a14   Section        0  dfixul.o(.text)
    .text                                    0x00000a54   Section       36  init.o(.text)
    .text                                    0x00000a78   Section        0  __dczerorl2.o(.text)
    .text                                    0x00000a78   Section        0  iusesemip.o(.text)
    .text                                    0x00000a78   Section        0  semi.o(.text)
    i.ADC_Configuration                      0x00000ad0   Section        0  init.o(i.ADC_Configuration)
    i.ADC_Enable                             0x00000ca0   Section        0  cw32f030_adc.o(i.ADC_Enable)
    i.ADC_GetITStatus                        0x00000cc0   Section        0  cw32f030_adc.o(i.ADC_GetITStatus)
    i.ADC_IRQHandler                         0x00000cd8   Section        0  interrupts_cw32f030.o(i.ADC_IRQHandler)
    i.ADC_Init                               0x00000cdc   Section        0  cw32f030_adc.o(i.ADC_Init)
    i.ATIM_ClearITPendingBit                 0x00000d3c   Section        0  cw32f030_atim.o(i.ATIM_ClearITPendingBit)
    i.ATIM_Cmd                               0x00000d48   Section        0  cw32f030_atim.o(i.ATIM_Cmd)
    i.ATIM_CtrlPWMOutputs                    0x00000d60   Section        0  cw32f030_atim.o(i.ATIM_CtrlPWMOutputs)
    i.ATIM_GetITStatus                       0x00000d80   Section        0  cw32f030_atim.o(i.ATIM_GetITStatus)
    i.ATIM_IRQHandler                        0x00000d98   Section        0  motor.o(i.ATIM_IRQHandler)
    i.ATIM_Init                              0x00000db0   Section        0  cw32f030_atim.o(i.ATIM_Init)
    i.ATIM_OC1AInit                          0x00000e18   Section        0  cw32f030_atim.o(i.ATIM_OC1AInit)
    i.ATIM_OC2AInit                          0x00000e8c   Section        0  cw32f030_atim.o(i.ATIM_OC2AInit)
    i.ATIM_OC3AInit                          0x00000f04   Section        0  cw32f030_atim.o(i.ATIM_OC3AInit)
    i.ATIM_OC4Init                           0x00000f7c   Section        0  cw32f030_atim.o(i.ATIM_OC4Init)
    i.ATIM_PWMOutputConfig                   0x00000fbc   Section        0  cw32f030_atim.o(i.ATIM_PWMOutputConfig)
    i.ATIM_SetCompare1A                      0x00001008   Section        0  cw32f030_atim.o(i.ATIM_SetCompare1A)
    i.ATIM_SetCompare2A                      0x00001014   Section        0  cw32f030_atim.o(i.ATIM_SetCompare2A)
    i.ATIM_SetCompare3A                      0x00001020   Section        0  cw32f030_atim.o(i.ATIM_SetCompare3A)
    i.ATIM_SetCompare4                       0x0000102c   Section        0  cw32f030_atim.o(i.ATIM_SetCompare4)
    i.AWT_IRQHandler                         0x00001038   Section        0  interrupts_cw32f030.o(i.AWT_IRQHandler)
    i.BTIM1_IRQHandler                       0x0000103c   Section        0  main.o(i.BTIM1_IRQHandler)
    i.BTIM2_IRQHandler                       0x00001100   Section        0  interrupts_cw32f030.o(i.BTIM2_IRQHandler)
    i.BTIM_ClearITPendingBit                 0x00001102   Section        0  cw32f030_btim.o(i.BTIM_ClearITPendingBit)
    i.BTIM_Cmd                               0x0000110a   Section        0  cw32f030_btim.o(i.BTIM_Cmd)
    i.BTIM_GetITStatus                       0x00001122   Section        0  cw32f030_btim.o(i.BTIM_GetITStatus)
    i.BTIM_ITConfig                          0x00001134   Section        0  cw32f030_btim.o(i.BTIM_ITConfig)
    i.BTIM_TimeBaseInit                      0x00001148   Section        0  cw32f030_btim.o(i.BTIM_TimeBaseInit)
    i.BTIM_init                              0x00001168   Section        0  init.o(i.BTIM_init)
    i.Commutation                            0x000011bc   Section        0  motor.o(i.Commutation)
    i.DMACH1_IRQHandler                      0x00001308   Section        0  interrupts_cw32f030.o(i.DMACH1_IRQHandler)
    i.DMACH1_IRQHandlerCallBack              0x00001320   Section        0  init.o(i.DMACH1_IRQHandlerCallBack)
    i.DMACH23_IRQHandler                     0x000013cc   Section        0  interrupts_cw32f030.o(i.DMACH23_IRQHandler)
    i.DMACH45_IRQHandler                     0x000013ce   Section        0  interrupts_cw32f030.o(i.DMACH45_IRQHandler)
    i.DMA_ClearITPendingBit                  0x000013d0   Section        0  cw32f030_dma.o(i.DMA_ClearITPendingBit)
    i.DMA_Cmd                                0x000013e0   Section        0  cw32f030_dma.o(i.DMA_Cmd)
    i.DMA_GetITStatus                        0x000013f8   Section        0  cw32f030_dma.o(i.DMA_GetITStatus)
    i.DMA_ITConfig                           0x00001410   Section        0  cw32f030_dma.o(i.DMA_ITConfig)
    i.DMA_Init                               0x00001424   Section        0  cw32f030_dma.o(i.DMA_Init)
    i.EnDirCheck                             0x00001460   Section        0  control.o(i.EnDirCheck)
    i.FAULT_IRQHandler                       0x00001578   Section        0  interrupts_cw32f030.o(i.FAULT_IRQHandler)
    i.FLASHRAM_IRQHandler                    0x0000157a   Section        0  interrupts_cw32f030.o(i.FLASHRAM_IRQHandler)
    i.FLASH_SetLatency                       0x0000157c   Section        0  cw32f030_flash.o(i.FLASH_SetLatency)
    i.GPIOA_IRQHandler                       0x000015a0   Section        0  interrupts_cw32f030.o(i.GPIOA_IRQHandler)
    i.GPIOB_IRQHandler                       0x000015a2   Section        0  interrupts_cw32f030.o(i.GPIOB_IRQHandler)
    i.GPIOC_IRQHandler                       0x000015a4   Section        0  interrupts_cw32f030.o(i.GPIOC_IRQHandler)
    i.GPIOF_IRQHandler                       0x000015a6   Section        0  interrupts_cw32f030.o(i.GPIOF_IRQHandler)
    i.GPIOInit                               0x000015a8   Section        0  init.o(i.GPIOInit)
    i.GPIO_Init                              0x00001670   Section        0  cw32f030_gpio.o(i.GPIO_Init)
    i.GPIO_ReadPin                           0x00001770   Section        0  cw32f030_gpio.o(i.GPIO_ReadPin)
    i.GPIO_WritePin                          0x00001782   Section        0  cw32f030_gpio.o(i.GPIO_WritePin)
    i.GTIM1_IRQHandler                       0x00001790   Section        0  interrupts_cw32f030.o(i.GTIM1_IRQHandler)
    i.GTIM2_IRQHandler                       0x000017ac   Section        0  motor.o(i.GTIM2_IRQHandler)
    i.GTIM3_IRQHandler                       0x00001864   Section        0  interrupts_cw32f030.o(i.GTIM3_IRQHandler)
    i.GTIM4_IRQHandler                       0x00001866   Section        0  interrupts_cw32f030.o(i.GTIM4_IRQHandler)
    i.GTIM_ClearITPendingBit                 0x00001868   Section        0  cw32f030_gtim.o(i.GTIM_ClearITPendingBit)
    i.GTIM_Cmd                               0x00001874   Section        0  cw32f030_gtim.o(i.GTIM_Cmd)
    i.GTIM_GetITStatus                       0x00001890   Section        0  cw32f030_gtim.o(i.GTIM_GetITStatus)
    i.GTIM_ICInit                            0x000018a8   Section        0  cw32f030_gtim.o(i.GTIM_ICInit)
    i.GTIM_ITConfig                          0x000018f0   Section        0  cw32f030_gtim.o(i.GTIM_ITConfig)
    i.GTIM_TimeBaseInit                      0x00001920   Section        0  cw32f030_gtim.o(i.GTIM_TimeBaseInit)
    i.GetConslonsCode_from_EXFlash           0x00001960   Section        0  font.o(i.GetConslonsCode_from_EXFlash)
    i.GetGBKCode_from_EXFlash                0x0000199c   Section        0  font.o(i.GetGBKCode_from_EXFlash)
    i.HALL_Check                             0x000019c0   Section        0  motor.o(i.HALL_Check)
    i.HALL_MOTOR_START                       0x00001a34   Section        0  motor.o(i.HALL_MOTOR_START)
    i.Halltimer_init                         0x00001a8c   Section        0  motor.o(i.Halltimer_init)
    i.HardFault_Handler                      0x00001bbc   Section        0  interrupts_cw32f030.o(i.HardFault_Handler)
    i.I2C1_DeInit                            0x00001bc0   Section        0  cw32f030_i2c.o(i.I2C1_DeInit)
    i.I2C1_IRQHandler                        0x00001bec   Section        0  interrupts_cw32f030.o(i.I2C1_IRQHandler)
    i.I2C2_IRQHandler                        0x00001bee   Section        0  interrupts_cw32f030.o(i.I2C2_IRQHandler)
    i.I2C_AcknowledgeConfig                  0x00001bf0   Section        0  cw32f030_i2c.o(i.I2C_AcknowledgeConfig)
    i.I2C_BaudGeneratorEnable                0x00001c0a   Section        0  cw32f030_i2c.o(i.I2C_BaudGeneratorEnable)
    i.I2C_ClearIrq                           0x00001c24   Section        0  cw32f030_i2c.o(i.I2C_ClearIrq)
    i.I2C_Cmd                                0x00001c2e   Section        0  cw32f030_i2c.o(i.I2C_Cmd)
    i.I2C_FilterConfig                       0x00001c48   Section        0  cw32f030_i2c.o(i.I2C_FilterConfig)
    i.I2C_GenerateSTART                      0x00001c62   Section        0  cw32f030_i2c.o(i.I2C_GenerateSTART)
    i.I2C_GenerateSTOP                       0x00001c96   Section        0  cw32f030_i2c.o(i.I2C_GenerateSTOP)
    i.I2C_GetIrq                             0x00001cb0   Section        0  cw32f030_i2c.o(i.I2C_GetIrq)
    i.I2C_GetState                           0x00001cbc   Section        0  cw32f030_i2c.o(i.I2C_GetState)
    i.I2C_MasterWriteEepromData1             0x00001cc4   Section        0  oled_i2c.o(i.I2C_MasterWriteEepromData1)
    i.I2C_Master_Init                        0x00001d76   Section        0  cw32f030_i2c.o(i.I2C_Master_Init)
    i.I2C_OLED_Clear                         0x00001dac   Section        0  oled_i2c.o(i.I2C_OLED_Clear)
    i.I2C_OLED_ClearPoint                    0x00001e04   Section        0  oled_i2c.o(i.I2C_OLED_ClearPoint)
    i.I2C_OLED_Clear_Line                    0x00001ed0   Section        0  oled_i2c.o(i.I2C_OLED_Clear_Line)
    i.I2C_OLED_DrawPoint                     0x00001ef0   Section        0  oled_i2c.o(i.I2C_OLED_DrawPoint)
    i.I2C_OLED_Init                          0x00001f58   Section        0  oled_i2c.o(i.I2C_OLED_Init)
    i.I2C_OLED_Move                          0x00001ff4   Section        0  oled_i2c.o(i.I2C_OLED_Move)
    i.I2C_OLED_ShowChar                      0x000020c4   Section        0  oled_i2c.o(i.I2C_OLED_ShowChar)
    i.I2C_OLED_ShowChar_CH                   0x0000216c   Section        0  oled_i2c.o(i.I2C_OLED_ShowChar_CH)
    i.I2C_OLED_ShowString                    0x000021dc   Section        0  oled_i2c.o(i.I2C_OLED_ShowString)
    i.I2C_OLED_UPdata                        0x00002290   Section        0  oled_i2c.o(i.I2C_OLED_UPdata)
    i.I2C_Send7bitAddress                    0x000022f8   Section        0  cw32f030_i2c.o(i.I2C_Send7bitAddress)
    i.I2C_SendData                           0x0000230a   Section        0  cw32f030_i2c.o(i.I2C_SendData)
    i.I2C_SetBaud                            0x0000230e   Section        0  cw32f030_i2c.o(i.I2C_SetBaud)
    i.I2C_init                               0x00002314   Section        0  oled_i2c.o(i.I2C_init)
    i.LVD_IRQHandler                         0x000023a4   Section        0  interrupts_cw32f030.o(i.LVD_IRQHandler)
    i.MOTOR_STOP0                            0x000023a8   Section        0  motor.o(i.MOTOR_STOP0)
    i.MotorError                             0x000023c0   Section        0  control.o(i.MotorError)
    i.MotorErrorOver                         0x000023dc   Section        0  control.o(i.MotorErrorOver)
    i.MotorRunPID                            0x00002488   Section        0  control.o(i.MotorRunPID)
    i.MotorStartCheck                        0x00002508   Section        0  control.o(i.MotorStartCheck)
    i.MotorStartPID                          0x00002548   Section        0  control.o(i.MotorStartPID)
    i.MotorStop                              0x00002588   Section        0  control.o(i.MotorStop)
    i.NMI_Handler                            0x000025bc   Section        0  interrupts_cw32f030.o(i.NMI_Handler)
    i.OLED_StrEscCharacter                   0x000025c0   Section        0  oled_i2c.o(i.OLED_StrEscCharacter)
    i.PID_init                               0x00002838   Section        0  pid.o(i.PID_init)
    i.PIDcompute                             0x000028e0   Section        0  pid.o(i.PIDcompute)
    i.PWMtimer_init                          0x00002a90   Section        0  motor.o(i.PWMtimer_init)
    i.PendSV_Handler                         0x00002c38   Section        0  interrupts_cw32f030.o(i.PendSV_Handler)
    i.PowerOnDelay                           0x00002c3c   Section        0  main.o(i.PowerOnDelay)
    i.RCC_Configuration                      0x00002cbc   Section        0  init.o(i.RCC_Configuration)
    i.RCC_HSI_Enable                         0x00002ce4   Section        0  cw32f030_rcc.o(i.RCC_HSI_Enable)
    i.RCC_IRQHandler                         0x00002d18   Section        0  interrupts_cw32f030.o(i.RCC_IRQHandler)
    i.RTC_IRQHandler                         0x00002d1a   Section        0  interrupts_cw32f030.o(i.RTC_IRQHandler)
    i.SPI1_IRQHandler                        0x00002d1c   Section        0  interrupts_cw32f030.o(i.SPI1_IRQHandler)
    i.SPI2_IRQHandler                        0x00002d1e   Section        0  interrupts_cw32f030.o(i.SPI2_IRQHandler)
    i.SVC_Handler                            0x00002d20   Section        0  interrupts_cw32f030.o(i.SVC_Handler)
    i.SampleSpeed                            0x00002d24   Section        0  compu.o(i.SampleSpeed)
    i.SampleVI                               0x00002d98   Section        0  compu.o(i.SampleVI)
    i.SysTick_Handler                        0x00002f04   Section        0  cw32f030_systick.o(i.SysTick_Handler)
    i.SystemCoreClockUpdate                  0x00002f1c   Section        0  system_cw32f030.o(i.SystemCoreClockUpdate)
    i.SystemInit                             0x00002f2c   Section        0  system_cw32f030.o(i.SystemInit)
    i.TempSampleComu                         0x00002f68   Section        0  compu.o(i.TempSampleComu)
    i.UART1_IRQHandler                       0x00003038   Section        0  interrupts_cw32f030.o(i.UART1_IRQHandler)
    i.UART2_IRQHandler                       0x0000303a   Section        0  interrupts_cw32f030.o(i.UART2_IRQHandler)
    i.UART3_IRQHandler                       0x0000303c   Section        0  init.o(i.UART3_IRQHandler)
    i.UPPWM                                  0x00003058   Section        0  motor.o(i.UPPWM)
    i.USART_ClearITPendingBit                0x000030cc   Section        0  cw32f030_uart.o(i.USART_ClearITPendingBit)
    i.USART_GetITStatus                      0x000030d4   Section        0  cw32f030_uart.o(i.USART_GetITStatus)
    i.VC1_IRQHandler                         0x000030e6   Section        0  interrupts_cw32f030.o(i.VC1_IRQHandler)
    i.VC2_IRQHandler                         0x000030e8   Section        0  interrupts_cw32f030.o(i.VC2_IRQHandler)
    i.WDT_IRQHandler                         0x000030ea   Section        0  interrupts_cw32f030.o(i.WDT_IRQHandler)
    i.WriteCmd                               0x000030ec   Section        0  oled_i2c.o(i.WriteCmd)
    i.WriteDat                               0x00003100   Section        0  oled_i2c.o(i.WriteDat)
    i.__0printf                              0x00003114   Section        0  printfa.o(i.__0printf)
    i.__0sprintf                             0x00003134   Section        0  printfa.o(i.__0sprintf)
    i.__ARM_clz                              0x0000315c   Section        0  depilogue.o(i.__ARM_clz)
    i.__ARM_common_switch8                   0x0000318a   Section        0  main.o(i.__ARM_common_switch8)
    i.__NVIC_EnableIRQ                       0x000031a8   Section        0  init.o(i.__NVIC_EnableIRQ)
    __NVIC_EnableIRQ                         0x000031a9   Thumb Code    26  init.o(i.__NVIC_EnableIRQ)
    i.__scatterload_copy                     0x000031c8   Section       14  handlers.o(i.__scatterload_copy)
    i.__scatterload_null                     0x000031d6   Section        2  handlers.o(i.__scatterload_null)
    i.__scatterload_zeroinit                 0x000031d8   Section       14  handlers.o(i.__scatterload_zeroinit)
    i._fp_digits                             0x000031e8   Section        0  printfa.o(i._fp_digits)
    _fp_digits                               0x000031e9   Thumb Code   344  printfa.o(i._fp_digits)
    i._printf_core                           0x0000335c   Section        0  printfa.o(i._printf_core)
    _printf_core                             0x0000335d   Thumb Code  1760  printfa.o(i._printf_core)
    i._printf_post_padding                   0x00003a4c   Section        0  printfa.o(i._printf_post_padding)
    _printf_post_padding                     0x00003a4d   Thumb Code    32  printfa.o(i._printf_post_padding)
    i._printf_pre_padding                    0x00003a6c   Section        0  printfa.o(i._printf_pre_padding)
    _printf_pre_padding                      0x00003a6d   Thumb Code    44  printfa.o(i._printf_pre_padding)
    i._sputc                                 0x00003a98   Section        0  printfa.o(i._sputc)
    _sputc                                   0x00003a99   Thumb Code    10  printfa.o(i._sputc)
    i.fputc                                  0x00003aa2   Section        0  fputc.o(i.fputc)
    i.free                                   0x00003ab4   Section        0  malloc.o(i.free)
    i.main                                   0x00003b08   Section        0  main.o(i.main)
    i.malloc                                 0x00003f8c   Section        0  malloc.o(i.malloc)
    .constdata                               0x00003ff8   Section    15200  font.o(.constdata)
    ASCII8x16_Table                          0x00003ff8   Data        1520  font.o(.constdata)
    ASCII16x24_Table                         0x000045e8   Data        4560  font.o(.constdata)
    ASCII24x32_Table                         0x000057b8   Data        9120  font.o(.constdata)
    .constdata                               0x00007b58   Section       36  globalv.o(.constdata)
    .data                                    0x20000000   Section        8  main.o(.data)
    .data                                    0x20000008   Section        5  init.o(.data)
    .data                                    0x20000010   Section       10  oled_i2c.o(.data)
    .data                                    0x20000020   Section       72  font.o(.data)
    .data                                    0x20000068   Section        9  cw32f030_systick.o(.data)
    .data                                    0x20000074   Section        4  system_cw32f030.o(.data)
    .data                                    0x20000078   Section      156  globalv.o(.data)
    .data                                    0x20000114   Section        1  motor.o(.data)
    hallerrnum                               0x20000114   Data           1  motor.o(.data)
    .data                                    0x20000118   Section      394  compu.o(.data)
    IErCount                                 0x200002a0   Data           1  compu.o(.data)
    VErCount                                 0x200002a1   Data           1  compu.o(.data)
    .data                                    0x200002a2   Section        2  control.o(.data)
    key_dir                                  0x200002a2   Data           1  control.o(.data)
    key_en                                   0x200002a3   Data           1  control.o(.data)
    .data                                    0x200002a8   Section       48  pid.o(.data)
    .data                                    0x200002d8   Section        4  stdout.o(.data)
    .data                                    0x200002dc   Section        4  mvars.o(.data)
    .data                                    0x200002e0   Section        4  mvars.o(.data)
    .bss                                     0x200002e4   Section     1024  oled_i2c.o(.bss)
    HEAP                                     0x200006e8   Section      512  startup_cw32f030.o(HEAP)
    STACK                                    0x200008e8   Section      512  startup_cw32f030.o(STACK)

    Global Symbols

    Symbol Name                              Value     Ov Type        Size  Object(Section)

    BuildAttributes$$THM_ISAv3M$S$PE$A:L22$X:L11$S22$IEEE1$IW$USESV6$~STKCKD$USESV7$~SHL$OTIME$ROPI$EBA8$MICROLIB$REQ8$PRES8$EABIv2 0x00000000   Number         0  anon$$obj.o ABSOLUTE
    __ARM_use_no_argv                        0x00000000   Number         0  main.o ABSOLUTE
    __Vectors                                0x00000000   Data           0  startup_cw32f030.o(RESET)
    _printf_a                                0x00000000   Number         0  stubs.o ABSOLUTE
    _printf_c                                0x00000000   Number         0  stubs.o ABSOLUTE
    _printf_charcount                        0x00000000   Number         0  stubs.o ABSOLUTE
    _printf_d                                0x00000000   Number         0  stubs.o ABSOLUTE
    _printf_e                                0x00000000   Number         0  stubs.o ABSOLUTE
    _printf_f                                0x00000000   Number         0  stubs.o ABSOLUTE
    _printf_flags                            0x00000000   Number         0  stubs.o ABSOLUTE
    _printf_fp_dec                           0x00000000   Number         0  stubs.o ABSOLUTE
    _printf_fp_hex                           0x00000000   Number         0  stubs.o ABSOLUTE
    _printf_g                                0x00000000   Number         0  stubs.o ABSOLUTE
    _printf_i                                0x00000000   Number         0  stubs.o ABSOLUTE
    _printf_int_dec                          0x00000000   Number         0  stubs.o ABSOLUTE
    _printf_l                                0x00000000   Number         0  stubs.o ABSOLUTE
    _printf_lc                               0x00000000   Number         0  stubs.o ABSOLUTE
    _printf_ll                               0x00000000   Number         0  stubs.o ABSOLUTE
    _printf_lld                              0x00000000   Number         0  stubs.o ABSOLUTE
    _printf_lli                              0x00000000   Number         0  stubs.o ABSOLUTE
    _printf_llo                              0x00000000   Number         0  stubs.o ABSOLUTE
    _printf_llu                              0x00000000   Number         0  stubs.o ABSOLUTE
    _printf_llx                              0x00000000   Number         0  stubs.o ABSOLUTE
    _printf_longlong_dec                     0x00000000   Number         0  stubs.o ABSOLUTE
    _printf_longlong_hex                     0x00000000   Number         0  stubs.o ABSOLUTE
    _printf_longlong_oct                     0x00000000   Number         0  stubs.o ABSOLUTE
    _printf_ls                               0x00000000   Number         0  stubs.o ABSOLUTE
    _printf_mbtowc                           0x00000000   Number         0  stubs.o ABSOLUTE
    _printf_n                                0x00000000   Number         0  stubs.o ABSOLUTE
    _printf_o                                0x00000000   Number         0  stubs.o ABSOLUTE
    _printf_p                                0x00000000   Number         0  stubs.o ABSOLUTE
    _printf_percent                          0x00000000   Number         0  stubs.o ABSOLUTE
    _printf_pre_padding                      0x00000000   Number         0  stubs.o ABSOLUTE
    _printf_return_value                     0x00000000   Number         0  stubs.o ABSOLUTE
    _printf_s                                0x00000000   Number         0  stubs.o ABSOLUTE
    _printf_sizespec                         0x00000000   Number         0  stubs.o ABSOLUTE
    _printf_str                              0x00000000   Number         0  stubs.o ABSOLUTE
    _printf_truncate_signed                  0x00000000   Number         0  stubs.o ABSOLUTE
    _printf_truncate_unsigned                0x00000000   Number         0  stubs.o ABSOLUTE
    _printf_u                                0x00000000   Number         0  stubs.o ABSOLUTE
    _printf_wc                               0x00000000   Number         0  stubs.o ABSOLUTE
    _printf_wctomb                           0x00000000   Number         0  stubs.o ABSOLUTE
    _printf_widthprec                        0x00000000   Number         0  stubs.o ABSOLUTE
    _printf_x                                0x00000000   Number         0  stubs.o ABSOLUTE
    __arm_fini_                               - Undefined Weak Reference
    __cpp_initialize__aeabi_                  - Undefined Weak Reference
    __cxa_finalize                            - Undefined Weak Reference
    _clock_init                               - Undefined Weak Reference
    _microlib_exit                            - Undefined Weak Reference
    __Vectors_End                            0x000000c0   Data           0  startup_cw32f030.o(RESET)
    __Vectors_Size                           0x000000c0   Number         0  startup_cw32f030.o ABSOLUTE
    __main                                   0x000000c1   Thumb Code     0  entry.o(.ARM.Collect$$$$00000000)
    _main_stk                                0x000000c1   Thumb Code     0  entry2.o(.ARM.Collect$$$$00000001)
    _main_scatterload                        0x000000c5   Thumb Code     0  entry5.o(.ARM.Collect$$$$00000004)
    __main_after_scatterload                 0x000000c9   Thumb Code     0  entry5.o(.ARM.Collect$$$$00000004)
    _main_clock                              0x000000c9   Thumb Code     0  entry7b.o(.ARM.Collect$$$$00000008)
    _main_cpp_init                           0x000000c9   Thumb Code     0  entry8b.o(.ARM.Collect$$$$0000000A)
    _main_init                               0x000000c9   Thumb Code     0  entry9a.o(.ARM.Collect$$$$0000000B)
    __rt_lib_shutdown_fini                   0x000000d1   Thumb Code     0  entry12b.o(.ARM.Collect$$$$0000000E)
    __rt_final_cpp                           0x000000d5   Thumb Code     0  entry10a.o(.ARM.Collect$$$$0000000F)
    __rt_final_exit                          0x000000d5   Thumb Code     0  entry11a.o(.ARM.Collect$$$$00000011)
    Reset_Handler                            0x000000d9   Thumb Code    26  startup_cw32f030.o(.text)
    BTIM3_IRQHandler                         0x000000fd   Thumb Code     0  startup_cw32f030.o(.text)
    __aeabi_uidiv                            0x00000115   Thumb Code     0  uidiv.o(.text)
    __aeabi_uidivmod                         0x00000115   Thumb Code    44  uidiv.o(.text)
    __aeabi_idiv                             0x00000141   Thumb Code     0  idiv.o(.text)
    __aeabi_idivmod                          0x00000141   Thumb Code    40  idiv.o(.text)
    __aeabi_memset                           0x00000169   Thumb Code    14  memseta.o(.text)
    __aeabi_memset4                          0x00000169   Thumb Code     0  memseta.o(.text)
    __aeabi_memset8                          0x00000169   Thumb Code     0  memseta.o(.text)
    __aeabi_memclr                           0x00000177   Thumb Code     4  memseta.o(.text)
    __aeabi_memclr4                          0x00000177   Thumb Code     0  memseta.o(.text)
    __aeabi_memclr8                          0x00000177   Thumb Code     0  memseta.o(.text)
    _memset$wrapper                          0x0000017b   Thumb Code    18  memseta.o(.text)
    __aeabi_fadd                             0x0000018d   Thumb Code   162  fadd.o(.text)
    __aeabi_fsub                             0x0000022f   Thumb Code     8  fadd.o(.text)
    __aeabi_frsub                            0x00000237   Thumb Code     8  fadd.o(.text)
    __aeabi_fmul                             0x0000023f   Thumb Code   122  fmul.o(.text)
    __aeabi_fdiv                             0x000002b9   Thumb Code   124  fdiv.o(.text)
    __aeabi_dadd                             0x00000335   Thumb Code   330  dadd.o(.text)
    __aeabi_dsub                             0x0000047f   Thumb Code    12  dadd.o(.text)
    __aeabi_drsub                            0x0000048b   Thumb Code    12  dadd.o(.text)
    __aeabi_dmul                             0x0000049d   Thumb Code   202  dmul.o(.text)
    __aeabi_ddiv                             0x0000056d   Thumb Code   234  ddiv.o(.text)
    __aeabi_i2f                              0x0000065d   Thumb Code    22  fflti.o(.text)
    __aeabi_ui2f                             0x00000673   Thumb Code    14  ffltui.o(.text)
    __aeabi_i2d                              0x00000681   Thumb Code    34  dflti.o(.text)
    __aeabi_ui2d                             0x000006a9   Thumb Code    24  dfltui.o(.text)
    __aeabi_f2uiz                            0x000006c5   Thumb Code    40  ffixui.o(.text)
    __aeabi_d2iz                             0x000006ed   Thumb Code    62  dfixi.o(.text)
    __aeabi_f2d                              0x00000735   Thumb Code    40  f2d.o(.text)
    __aeabi_cdcmpeq                          0x0000075d   Thumb Code     0  cdcmple.o(.text)
    __aeabi_cdcmple                          0x0000075d   Thumb Code    38  cdcmple.o(.text)
    __aeabi_cdrcmple                         0x00000785   Thumb Code    38  cdrcmple.o(.text)
    __aeabi_d2f                              0x000007ad   Thumb Code    56  d2f.o(.text)
    __aeabi_cfcmpeq                          0x000007e5   Thumb Code     0  cfcmple.o(.text)
    __aeabi_cfcmple                          0x000007e5   Thumb Code    20  cfcmple.o(.text)
    __aeabi_cfrcmple                         0x000007f9   Thumb Code    20  cfrcmple.o(.text)
    __aeabi_uldivmod                         0x0000080d   Thumb Code    96  uldiv.o(.text)
    __aeabi_llsl                             0x0000086d   Thumb Code    32  llshl.o(.text)
    _ll_shift_l                              0x0000086d   Thumb Code     0  llshl.o(.text)
    __aeabi_llsr                             0x0000088d   Thumb Code    34  llushr.o(.text)
    _ll_ushift_r                             0x0000088d   Thumb Code     0  llushr.o(.text)
    __aeabi_lasr                             0x000008af   Thumb Code    38  llsshr.o(.text)
    _ll_sshift_r                             0x000008af   Thumb Code     0  llsshr.o(.text)
    __I$use$fp                               0x000008d5   Thumb Code     0  iusefp.o(.text)
    _float_round                             0x000008d5   Thumb Code    16  fepilogue.o(.text)
    _float_epilogue                          0x000008e5   Thumb Code   114  fepilogue.o(.text)
    _double_round                            0x00000957   Thumb Code    26  depilogue.o(.text)
    _double_epilogue                         0x00000971   Thumb Code   164  depilogue.o(.text)
    __aeabi_d2ulz                            0x00000a15   Thumb Code    54  dfixul.o(.text)
    __scatterload                            0x00000a55   Thumb Code    28  init.o(.text)
    __scatterload_rt2                        0x00000a55   Thumb Code     0  init.o(.text)
    __I$use$semihosting$fputc                0x00000a79   Thumb Code     0  iusesemip.o(.text)
    __decompress                             0x00000a79   Thumb Code     0  __dczerorl2.o(.text)
    __decompress1                            0x00000a79   Thumb Code    86  __dczerorl2.o(.text)
    __semihosting_library_function           0x00000a79   Thumb Code     0  semi.o(.text)
    ADC_Configuration                        0x00000ad1   Thumb Code   436  init.o(i.ADC_Configuration)
    ADC_Enable                               0x00000ca1   Thumb Code    28  cw32f030_adc.o(i.ADC_Enable)
    ADC_GetITStatus                          0x00000cc1   Thumb Code    20  cw32f030_adc.o(i.ADC_GetITStatus)
    ADC_IRQHandler                           0x00000cd9   Thumb Code     2  interrupts_cw32f030.o(i.ADC_IRQHandler)
    ADC_Init                                 0x00000cdd   Thumb Code    86  cw32f030_adc.o(i.ADC_Init)
    ATIM_ClearITPendingBit                   0x00000d3d   Thumb Code     8  cw32f030_atim.o(i.ATIM_ClearITPendingBit)
    ATIM_Cmd                                 0x00000d49   Thumb Code    20  cw32f030_atim.o(i.ATIM_Cmd)
    ATIM_CtrlPWMOutputs                      0x00000d61   Thumb Code    26  cw32f030_atim.o(i.ATIM_CtrlPWMOutputs)
    ATIM_GetITStatus                         0x00000d81   Thumb Code    20  cw32f030_atim.o(i.ATIM_GetITStatus)
    ATIM_IRQHandler                          0x00000d99   Thumb Code    24  motor.o(i.ATIM_IRQHandler)
    ATIM_Init                                0x00000db1   Thumb Code    94  cw32f030_atim.o(i.ATIM_Init)
    ATIM_OC1AInit                            0x00000e19   Thumb Code   110  cw32f030_atim.o(i.ATIM_OC1AInit)
    ATIM_OC2AInit                            0x00000e8d   Thumb Code   114  cw32f030_atim.o(i.ATIM_OC2AInit)
    ATIM_OC3AInit                            0x00000f05   Thumb Code   114  cw32f030_atim.o(i.ATIM_OC3AInit)
    ATIM_OC4Init                             0x00000f7d   Thumb Code    60  cw32f030_atim.o(i.ATIM_OC4Init)
    ATIM_PWMOutputConfig                     0x00000fbd   Thumb Code    72  cw32f030_atim.o(i.ATIM_PWMOutputConfig)
    ATIM_SetCompare1A                        0x00001009   Thumb Code     6  cw32f030_atim.o(i.ATIM_SetCompare1A)
    ATIM_SetCompare2A                        0x00001015   Thumb Code     6  cw32f030_atim.o(i.ATIM_SetCompare2A)
    ATIM_SetCompare3A                        0x00001021   Thumb Code     6  cw32f030_atim.o(i.ATIM_SetCompare3A)
    ATIM_SetCompare4                         0x0000102d   Thumb Code     6  cw32f030_atim.o(i.ATIM_SetCompare4)
    AWT_IRQHandler                           0x00001039   Thumb Code     2  interrupts_cw32f030.o(i.AWT_IRQHandler)
    BTIM1_IRQHandler                         0x0000103d   Thumb Code   146  main.o(i.BTIM1_IRQHandler)
    BTIM2_IRQHandler                         0x00001101   Thumb Code     2  interrupts_cw32f030.o(i.BTIM2_IRQHandler)
    BTIM_ClearITPendingBit                   0x00001103   Thumb Code     8  cw32f030_btim.o(i.BTIM_ClearITPendingBit)
    BTIM_Cmd                                 0x0000110b   Thumb Code    24  cw32f030_btim.o(i.BTIM_Cmd)
    BTIM_GetITStatus                         0x00001123   Thumb Code    18  cw32f030_btim.o(i.BTIM_GetITStatus)
    BTIM_ITConfig                            0x00001135   Thumb Code    20  cw32f030_btim.o(i.BTIM_ITConfig)
    BTIM_TimeBaseInit                        0x00001149   Thumb Code    28  cw32f030_btim.o(i.BTIM_TimeBaseInit)
    BTIM_init                                0x00001169   Thumb Code    72  init.o(i.BTIM_init)
    Commutation                              0x000011bd   Thumb Code   310  motor.o(i.Commutation)
    DMACH1_IRQHandler                        0x00001309   Thumb Code    24  interrupts_cw32f030.o(i.DMACH1_IRQHandler)
    DMACH1_IRQHandlerCallBack                0x00001321   Thumb Code   144  init.o(i.DMACH1_IRQHandlerCallBack)
    DMACH23_IRQHandler                       0x000013cd   Thumb Code     2  interrupts_cw32f030.o(i.DMACH23_IRQHandler)
    DMACH45_IRQHandler                       0x000013cf   Thumb Code     2  interrupts_cw32f030.o(i.DMACH45_IRQHandler)
    DMA_ClearITPendingBit                    0x000013d1   Thumb Code    12  cw32f030_dma.o(i.DMA_ClearITPendingBit)
    DMA_Cmd                                  0x000013e1   Thumb Code    24  cw32f030_dma.o(i.DMA_Cmd)
    DMA_GetITStatus                          0x000013f9   Thumb Code    20  cw32f030_dma.o(i.DMA_GetITStatus)
    DMA_ITConfig                             0x00001411   Thumb Code    20  cw32f030_dma.o(i.DMA_ITConfig)
    DMA_Init                                 0x00001425   Thumb Code    60  cw32f030_dma.o(i.DMA_Init)
    EnDirCheck                               0x00001461   Thumb Code   250  control.o(i.EnDirCheck)
    FAULT_IRQHandler                         0x00001579   Thumb Code     2  interrupts_cw32f030.o(i.FAULT_IRQHandler)
    FLASHRAM_IRQHandler                      0x0000157b   Thumb Code     2  interrupts_cw32f030.o(i.FLASHRAM_IRQHandler)
    FLASH_SetLatency                         0x0000157d   Thumb Code    28  cw32f030_flash.o(i.FLASH_SetLatency)
    GPIOA_IRQHandler                         0x000015a1   Thumb Code     2  interrupts_cw32f030.o(i.GPIOA_IRQHandler)
    GPIOB_IRQHandler                         0x000015a3   Thumb Code     2  interrupts_cw32f030.o(i.GPIOB_IRQHandler)
    GPIOC_IRQHandler                         0x000015a5   Thumb Code     2  interrupts_cw32f030.o(i.GPIOC_IRQHandler)
    GPIOF_IRQHandler                         0x000015a7   Thumb Code     2  interrupts_cw32f030.o(i.GPIOF_IRQHandler)
    GPIOInit                                 0x000015a9   Thumb Code   184  init.o(i.GPIOInit)
    GPIO_Init                                0x00001671   Thumb Code   252  cw32f030_gpio.o(i.GPIO_Init)
    GPIO_ReadPin                             0x00001771   Thumb Code    18  cw32f030_gpio.o(i.GPIO_ReadPin)
    GPIO_WritePin                            0x00001783   Thumb Code    12  cw32f030_gpio.o(i.GPIO_WritePin)
    GTIM1_IRQHandler                         0x00001791   Thumb Code    24  interrupts_cw32f030.o(i.GTIM1_IRQHandler)
    GTIM2_IRQHandler                         0x000017ad   Thumb Code   152  motor.o(i.GTIM2_IRQHandler)
    GTIM3_IRQHandler                         0x00001865   Thumb Code     2  interrupts_cw32f030.o(i.GTIM3_IRQHandler)
    GTIM4_IRQHandler                         0x00001867   Thumb Code     2  interrupts_cw32f030.o(i.GTIM4_IRQHandler)
    GTIM_ClearITPendingBit                   0x00001869   Thumb Code    12  cw32f030_gtim.o(i.GTIM_ClearITPendingBit)
    GTIM_Cmd                                 0x00001875   Thumb Code    28  cw32f030_gtim.o(i.GTIM_Cmd)
    GTIM_GetITStatus                         0x00001891   Thumb Code    24  cw32f030_gtim.o(i.GTIM_GetITStatus)
    GTIM_ICInit                              0x000018a9   Thumb Code    72  cw32f030_gtim.o(i.GTIM_ICInit)
    GTIM_ITConfig                            0x000018f1   Thumb Code    46  cw32f030_gtim.o(i.GTIM_ITConfig)
    GTIM_TimeBaseInit                        0x00001921   Thumb Code    60  cw32f030_gtim.o(i.GTIM_TimeBaseInit)
    GetConslonsCode_from_EXFlash             0x00001961   Thumb Code    58  font.o(i.GetConslonsCode_from_EXFlash)
    GetGBKCode_from_EXFlash                  0x0000199d   Thumb Code    16  font.o(i.GetGBKCode_from_EXFlash)
    HALL_Check                               0x000019c1   Thumb Code   104  motor.o(i.HALL_Check)
    HALL_MOTOR_START                         0x00001a35   Thumb Code    68  motor.o(i.HALL_MOTOR_START)
    Halltimer_init                           0x00001a8d   Thumb Code   280  motor.o(i.Halltimer_init)
    HardFault_Handler                        0x00001bbd   Thumb Code     4  interrupts_cw32f030.o(i.HardFault_Handler)
    I2C1_DeInit                              0x00001bc1   Thumb Code    36  cw32f030_i2c.o(i.I2C1_DeInit)
    I2C1_IRQHandler                          0x00001bed   Thumb Code     2  interrupts_cw32f030.o(i.I2C1_IRQHandler)
    I2C2_IRQHandler                          0x00001bef   Thumb Code     2  interrupts_cw32f030.o(i.I2C2_IRQHandler)
    I2C_AcknowledgeConfig                    0x00001bf1   Thumb Code    26  cw32f030_i2c.o(i.I2C_AcknowledgeConfig)
    I2C_BaudGeneratorEnable                  0x00001c0b   Thumb Code    26  cw32f030_i2c.o(i.I2C_BaudGeneratorEnable)
    I2C_ClearIrq                             0x00001c25   Thumb Code    10  cw32f030_i2c.o(i.I2C_ClearIrq)
    I2C_Cmd                                  0x00001c2f   Thumb Code    26  cw32f030_i2c.o(i.I2C_Cmd)
    I2C_FilterConfig                         0x00001c49   Thumb Code    26  cw32f030_i2c.o(i.I2C_FilterConfig)
    I2C_GenerateSTART                        0x00001c63   Thumb Code    52  cw32f030_i2c.o(i.I2C_GenerateSTART)
    I2C_GenerateSTOP                         0x00001c97   Thumb Code    26  cw32f030_i2c.o(i.I2C_GenerateSTOP)
    I2C_GetIrq                               0x00001cb1   Thumb Code    12  cw32f030_i2c.o(i.I2C_GetIrq)
    I2C_GetState                             0x00001cbd   Thumb Code     8  cw32f030_i2c.o(i.I2C_GetState)
    I2C_MasterWriteEepromData1               0x00001cc5   Thumb Code   178  oled_i2c.o(i.I2C_MasterWriteEepromData1)
    I2C_Master_Init                          0x00001d77   Thumb Code    54  cw32f030_i2c.o(i.I2C_Master_Init)
    I2C_OLED_Clear                           0x00001dad   Thumb Code    66  oled_i2c.o(i.I2C_OLED_Clear)
    I2C_OLED_ClearPoint                      0x00001e05   Thumb Code   190  oled_i2c.o(i.I2C_OLED_ClearPoint)
    I2C_OLED_Clear_Line                      0x00001ed1   Thumb Code    28  oled_i2c.o(i.I2C_OLED_Clear_Line)
    I2C_OLED_DrawPoint                       0x00001ef1   Thumb Code    90  oled_i2c.o(i.I2C_OLED_DrawPoint)
    I2C_OLED_Init                            0x00001f59   Thumb Code   154  oled_i2c.o(i.I2C_OLED_Init)
    I2C_OLED_Move                            0x00001ff5   Thumb Code   200  oled_i2c.o(i.I2C_OLED_Move)
    I2C_OLED_ShowChar                        0x000020c5   Thumb Code   164  oled_i2c.o(i.I2C_OLED_ShowChar)
    I2C_OLED_ShowChar_CH                     0x0000216d   Thumb Code   112  oled_i2c.o(i.I2C_OLED_ShowChar_CH)
    I2C_OLED_ShowString                      0x000021dd   Thumb Code   174  oled_i2c.o(i.I2C_OLED_ShowString)
    I2C_OLED_UPdata                          0x00002291   Thumb Code    92  oled_i2c.o(i.I2C_OLED_UPdata)
    I2C_Send7bitAddress                      0x000022f9   Thumb Code    18  cw32f030_i2c.o(i.I2C_Send7bitAddress)
    I2C_SendData                             0x0000230b   Thumb Code     4  cw32f030_i2c.o(i.I2C_SendData)
    I2C_SetBaud                              0x0000230f   Thumb Code     4  cw32f030_i2c.o(i.I2C_SetBaud)
    I2C_init                                 0x00002315   Thumb Code   128  oled_i2c.o(i.I2C_init)
    LVD_IRQHandler                           0x000023a5   Thumb Code     2  interrupts_cw32f030.o(i.LVD_IRQHandler)
    MOTOR_STOP0                              0x000023a9   Thumb Code    18  motor.o(i.MOTOR_STOP0)
    MotorError                               0x000023c1   Thumb Code    20  control.o(i.MotorError)
    MotorErrorOver                           0x000023dd   Thumb Code   158  control.o(i.MotorErrorOver)
    MotorRunPID                              0x00002489   Thumb Code    96  control.o(i.MotorRunPID)
    MotorStartCheck                          0x00002509   Thumb Code    42  control.o(i.MotorStartCheck)
    MotorStartPID                            0x00002549   Thumb Code    48  control.o(i.MotorStartPID)
    MotorStop                                0x00002589   Thumb Code    38  control.o(i.MotorStop)
    NMI_Handler                              0x000025bd   Thumb Code     2  interrupts_cw32f030.o(i.NMI_Handler)
    OLED_StrEscCharacter                     0x000025c1   Thumb Code   626  oled_i2c.o(i.OLED_StrEscCharacter)
    PID_init                                 0x00002839   Thumb Code   122  pid.o(i.PID_init)
    PIDcompute                               0x000028e1   Thumb Code   380  pid.o(i.PIDcompute)
    PWMtimer_init                            0x00002a91   Thumb Code   400  motor.o(i.PWMtimer_init)
    PendSV_Handler                           0x00002c39   Thumb Code     2  interrupts_cw32f030.o(i.PendSV_Handler)
    PowerOnDelay                             0x00002c3d   Thumb Code   108  main.o(i.PowerOnDelay)
    RCC_Configuration                        0x00002cbd   Thumb Code    34  init.o(i.RCC_Configuration)
    RCC_HSI_Enable                           0x00002ce5   Thumb Code    44  cw32f030_rcc.o(i.RCC_HSI_Enable)
    RCC_IRQHandler                           0x00002d19   Thumb Code     2  interrupts_cw32f030.o(i.RCC_IRQHandler)
    RTC_IRQHandler                           0x00002d1b   Thumb Code     2  interrupts_cw32f030.o(i.RTC_IRQHandler)
    SPI1_IRQHandler                          0x00002d1d   Thumb Code     2  interrupts_cw32f030.o(i.SPI1_IRQHandler)
    SPI2_IRQHandler                          0x00002d1f   Thumb Code     2  interrupts_cw32f030.o(i.SPI2_IRQHandler)
    SVC_Handler                              0x00002d21   Thumb Code     2  interrupts_cw32f030.o(i.SVC_Handler)
    SampleSpeed                              0x00002d25   Thumb Code    94  compu.o(i.SampleSpeed)
    SampleVI                                 0x00002d99   Thumb Code   292  compu.o(i.SampleVI)
    SysTick_Handler                          0x00002f05   Thumb Code    16  cw32f030_systick.o(i.SysTick_Handler)
    SystemCoreClockUpdate                    0x00002f1d   Thumb Code     8  system_cw32f030.o(i.SystemCoreClockUpdate)
    SystemInit                               0x00002f2d   Thumb Code    54  system_cw32f030.o(i.SystemInit)
    TempSampleComu                           0x00002f69   Thumb Code   184  compu.o(i.TempSampleComu)
    UART1_IRQHandler                         0x00003039   Thumb Code     2  interrupts_cw32f030.o(i.UART1_IRQHandler)
    UART2_IRQHandler                         0x0000303b   Thumb Code     2  interrupts_cw32f030.o(i.UART2_IRQHandler)
    UART3_IRQHandler                         0x0000303d   Thumb Code    24  init.o(i.UART3_IRQHandler)
    UPPWM                                    0x00003059   Thumb Code   104  motor.o(i.UPPWM)
    USART_ClearITPendingBit                  0x000030cd   Thumb Code     8  cw32f030_uart.o(i.USART_ClearITPendingBit)
    USART_GetITStatus                        0x000030d5   Thumb Code    18  cw32f030_uart.o(i.USART_GetITStatus)
    VC1_IRQHandler                           0x000030e7   Thumb Code     2  interrupts_cw32f030.o(i.VC1_IRQHandler)
    VC2_IRQHandler                           0x000030e9   Thumb Code     2  interrupts_cw32f030.o(i.VC2_IRQHandler)
    WDT_IRQHandler                           0x000030eb   Thumb Code     2  interrupts_cw32f030.o(i.WDT_IRQHandler)
    WriteCmd                                 0x000030ed   Thumb Code    16  oled_i2c.o(i.WriteCmd)
    WriteDat                                 0x00003101   Thumb Code    16  oled_i2c.o(i.WriteDat)
    __0printf                                0x00003115   Thumb Code    24  printfa.o(i.__0printf)
    __1printf                                0x00003115   Thumb Code     0  printfa.o(i.__0printf)
    __2printf                                0x00003115   Thumb Code     0  printfa.o(i.__0printf)
    __c89printf                              0x00003115   Thumb Code     0  printfa.o(i.__0printf)
    printf                                   0x00003115   Thumb Code     0  printfa.o(i.__0printf)
    __0sprintf                               0x00003135   Thumb Code    36  printfa.o(i.__0sprintf)
    __1sprintf                               0x00003135   Thumb Code     0  printfa.o(i.__0sprintf)
    __2sprintf                               0x00003135   Thumb Code     0  printfa.o(i.__0sprintf)
    __c89sprintf                             0x00003135   Thumb Code     0  printfa.o(i.__0sprintf)
    sprintf                                  0x00003135   Thumb Code     0  printfa.o(i.__0sprintf)
    __ARM_clz                                0x0000315d   Thumb Code    46  depilogue.o(i.__ARM_clz)
    __ARM_common_switch8                     0x0000318b   Thumb Code    28  main.o(i.__ARM_common_switch8)
    __scatterload_copy                       0x000031c9   Thumb Code    14  handlers.o(i.__scatterload_copy)
    __scatterload_null                       0x000031d7   Thumb Code     2  handlers.o(i.__scatterload_null)
    __scatterload_zeroinit                   0x000031d9   Thumb Code    14  handlers.o(i.__scatterload_zeroinit)
    fputc                                    0x00003aa3   Thumb Code    18  fputc.o(i.fputc)
    free                                     0x00003ab5   Thumb Code    80  malloc.o(i.free)
    main                                     0x00003b09   Thumb Code   912  main.o(i.main)
    malloc                                   0x00003f8d   Thumb Code    92  malloc.o(i.malloc)
    PWM_EN_TAB                               0x00007b58   Data          24  globalv.o(.constdata)
    STEP_TAB                                 0x00007b70   Data          12  globalv.o(.constdata)
    Region$$Table$$Base                      0x00007b7c   Number         0  anon$$obj.o(Region$$Table)
    Region$$Table$$Limit                     0x00007b9c   Number         0  anon$$obj.o(Region$$Table)
    Menu                                     0x20000000   Data           4  main.o(.data)
    hte                                      0x20000004   Data           4  main.o(.data)
    ADC_CR1Array                             0x20000008   Data           4  init.o(.data)
    ADC_Start                                0x2000000c   Data           1  init.o(.data)
    Fonttemp                                 0x20000010   Data           4  oled_i2c.o(.data)
    I2C_OFFSET_W                             0x20000014   Data           2  oled_i2c.o(.data)
    I2C_OFFSET_H                             0x20000016   Data           2  oled_i2c.o(.data)
    I2C_P_x                                  0x20000018   Data           1  oled_i2c.o(.data)
    I2C_P_y                                  0x20000019   Data           1  oled_i2c.o(.data)
    everRead                                 0x20000020   Data           1  font.o(.data)
    Font8x16                                 0x20000028   Data          16  font.o(.data)
    Font16x24                                0x20000038   Data          16  font.o(.data)
    Font24x32                                0x20000048   Data          16  font.o(.data)
    GB2312_H1616                             0x20000058   Data          16  font.o(.data)
    uwTick                                   0x20000068   Data           4  cw32f030_systick.o(.data)
    uwTickPrio                               0x2000006c   Data           4  cw32f030_systick.o(.data)
    uwTickFreq                               0x20000070   Data           1  cw32f030_systick.o(.data)
    SystemCoreClock                          0x20000074   Data           4  system_cw32f030.o(.data)
    TimeCountCompuSpeed                      0x20000078   Data           4  globalv.o(.data)
    TimeCountTemp                            0x2000007c   Data           4  globalv.o(.data)
    TimeCountkey                             0x20000080   Data           4  globalv.o(.data)
    TimeCountRealSpd                         0x20000084   Data           4  globalv.o(.data)
    TimeCountPID                             0x20000088   Data           4  globalv.o(.data)
    TimeCountAvgSpd                          0x2000008c   Data           4  globalv.o(.data)
    TimeCountVI                              0x20000090   Data           4  globalv.o(.data)
    canshu                                   0x20000094   Data           4  globalv.o(.data)
    MOTORSTATE                               0x20000098   Data           1  globalv.o(.data)
    SampleData                               0x2000009a   Data           8  globalv.o(.data)
    ErrorCode                                0x200000a2   Data           1  globalv.o(.data)
    Motor_Start_F                            0x200000a4   Data           4  globalv.o(.data)
    Cur_step                                 0x200000a8   Data           4  globalv.o(.data)
    Dir                                      0x200000ac   Data           1  globalv.o(.data)
    HALLcount                                0x200000b0   Data           4  globalv.o(.data)
    HALLcount1                               0x200000b4   Data           4  globalv.o(.data)
    HALLcountTemp                            0x200000b8   Data           4  globalv.o(.data)
    TargS1                                   0x200000bc   Data           4  globalv.o(.data)
    RealS1                                   0x200000c0   Data           4  globalv.o(.data)
    RealS                                    0x200000c4   Data           4  globalv.o(.data)
    SetSpeed                                 0x200000c8   Data           4  globalv.o(.data)
    KKN                                      0x200000cc   Data           4  globalv.o(.data)
    KPWMN                                    0x200000d0   Data           4  globalv.o(.data)
    OutPwmValue                              0x200000d4   Data           4  globalv.o(.data)
    DIin                                     0x200000d8   Data           4  globalv.o(.data)
    CanshuV                                  0x200000dc   Data           4  globalv.o(.data)
    CanshuI                                  0x200000e0   Data           4  globalv.o(.data)
    MPolePairs                               0x200000e4   Data           4  globalv.o(.data)
    MAXSPEED                                 0x200000e8   Data           4  globalv.o(.data)
    ISH                                      0x200000ec   Data           4  globalv.o(.data)
    VSH                                      0x200000f0   Data           4  globalv.o(.data)
    LSH                                      0x200000f4   Data           4  globalv.o(.data)
    MINSPEED                                 0x200000f8   Data           4  globalv.o(.data)
    SP                                       0x200000fc   Data           4  globalv.o(.data)
    SI                                       0x20000100   Data           4  globalv.o(.data)
    SD                                       0x20000104   Data           4  globalv.o(.data)
    STEP_last                                0x20000108   Data           4  globalv.o(.data)
    startflag                                0x2000010c   Data           4  globalv.o(.data)
    dirflag                                  0x20000110   Data           4  globalv.o(.data)
    Table                                    0x20000118   Data         392  compu.o(.data)
    SPEED_P                                  0x200002a8   Data           4  pid.o(.data)
    SPEED_I                                  0x200002ac   Data           4  pid.o(.data)
    SPEED_D                                  0x200002b0   Data           4  pid.o(.data)
    SSumError                                0x200002b8   Data           8  pid.o(.data)
    SPrevError                               0x200002c0   Data           8  pid.o(.data)
    SLastError                               0x200002c8   Data           8  pid.o(.data)
    SdError                                  0x200002d0   Data           4  pid.o(.data)
    SError                                   0x200002d4   Data           4  pid.o(.data)
    __stdout                                 0x200002d8   Data           4  stdout.o(.data)
    __microlib_freelist                      0x200002dc   Data           4  mvars.o(.data)
    __microlib_freelist_initialised          0x200002e0   Data           4  mvars.o(.data)
    I2C_OLED_GRAM                            0x200002e4   Data        1024  oled_i2c.o(.bss)
    __heap_base                              0x200006e8   Data           0  startup_cw32f030.o(HEAP)
    __heap_limit                             0x200008e8   Data           0  startup_cw32f030.o(HEAP)
    __initial_sp                             0x20000ae8   Data           0  startup_cw32f030.o(STACK)



==============================================================================

Memory Map of the image

  Image Entry point : 0x000000c1

  Load Region LR_IROM1 (Base: 0x00000000, Size: 0x00007e80, Max: 0x00012000, ABSOLUTE, COMPRESSED[0x00007d0c])

    Execution Region ER_IROM1 (Exec base: 0x00000000, Load base: 0x00000000, Size: 0x00007b9c, Max: 0x00012000, ABSOLUTE)

    Exec Addr    Load Addr    Size         Type   Attr      Idx    E Section Name        Object

    0x00000000   0x00000000   0x000000c0   Data   RO          317    RESET               startup_cw32f030.o
    0x000000c0   0x000000c0   0x00000000   Code   RO         3981  * .ARM.Collect$$$$00000000  mc_p.l(entry.o)
    0x000000c0   0x000000c0   0x00000004   Code   RO         4325    .ARM.Collect$$$$00000001  mc_p.l(entry2.o)
    0x000000c4   0x000000c4   0x00000004   Code   RO         4328    .ARM.Collect$$$$00000004  mc_p.l(entry5.o)
    0x000000c8   0x000000c8   0x00000000   Code   RO         4330    .ARM.Collect$$$$00000008  mc_p.l(entry7b.o)
    0x000000c8   0x000000c8   0x00000000   Code   RO         4332    .ARM.Collect$$$$0000000A  mc_p.l(entry8b.o)
    0x000000c8   0x000000c8   0x00000008   Code   RO         4333    .ARM.Collect$$$$0000000B  mc_p.l(entry9a.o)
    0x000000d0   0x000000d0   0x00000004   Code   RO         4340    .ARM.Collect$$$$0000000E  mc_p.l(entry12b.o)
    0x000000d4   0x000000d4   0x00000000   Code   RO         4335    .ARM.Collect$$$$0000000F  mc_p.l(entry10a.o)
    0x000000d4   0x000000d4   0x00000000   Code   RO         4337    .ARM.Collect$$$$00000011  mc_p.l(entry11a.o)
    0x000000d4   0x000000d4   0x00000004   Code   RO         4326    .ARM.Collect$$$$00002712  mc_p.l(entry2.o)
    0x000000d8   0x000000d8   0x0000003c   Code   RO          318    .text               startup_cw32f030.o
    0x00000114   0x00000114   0x0000002c   Code   RO         3984    .text               mc_p.l(uidiv.o)
    0x00000140   0x00000140   0x00000028   Code   RO         3986    .text               mc_p.l(idiv.o)
    0x00000168   0x00000168   0x00000024   Code   RO         3992    .text               mc_p.l(memseta.o)
    0x0000018c   0x0000018c   0x000000b2   Code   RO         4285    .text               mf_p.l(fadd.o)
    0x0000023e   0x0000023e   0x0000007a   Code   RO         4287    .text               mf_p.l(fmul.o)
    0x000002b8   0x000002b8   0x0000007c   Code   RO         4289    .text               mf_p.l(fdiv.o)
    0x00000334   0x00000334   0x00000168   Code   RO         4291    .text               mf_p.l(dadd.o)
    0x0000049c   0x0000049c   0x000000d0   Code   RO         4293    .text               mf_p.l(dmul.o)
    0x0000056c   0x0000056c   0x000000f0   Code   RO         4295    .text               mf_p.l(ddiv.o)
    0x0000065c   0x0000065c   0x00000016   Code   RO         4297    .text               mf_p.l(fflti.o)
    0x00000672   0x00000672   0x0000000e   Code   RO         4299    .text               mf_p.l(ffltui.o)
    0x00000680   0x00000680   0x00000028   Code   RO         4301    .text               mf_p.l(dflti.o)
    0x000006a8   0x000006a8   0x0000001c   Code   RO         4303    .text               mf_p.l(dfltui.o)
    0x000006c4   0x000006c4   0x00000028   Code   RO         4307    .text               mf_p.l(ffixui.o)
    0x000006ec   0x000006ec   0x00000048   Code   RO         4309    .text               mf_p.l(dfixi.o)
    0x00000734   0x00000734   0x00000028   Code   RO         4313    .text               mf_p.l(f2d.o)
    0x0000075c   0x0000075c   0x00000028   Code   RO         4315    .text               mf_p.l(cdcmple.o)
    0x00000784   0x00000784   0x00000028   Code   RO         4317    .text               mf_p.l(cdrcmple.o)
    0x000007ac   0x000007ac   0x00000038   Code   RO         4319    .text               mf_p.l(d2f.o)
    0x000007e4   0x000007e4   0x00000014   Code   RO         4321    .text               mf_p.l(cfcmple.o)
    0x000007f8   0x000007f8   0x00000014   Code   RO         4323    .text               mf_p.l(cfrcmple.o)
    0x0000080c   0x0000080c   0x00000060   Code   RO         4344    .text               mc_p.l(uldiv.o)
    0x0000086c   0x0000086c   0x00000020   Code   RO         4346    .text               mc_p.l(llshl.o)
    0x0000088c   0x0000088c   0x00000022   Code   RO         4348    .text               mc_p.l(llushr.o)
    0x000008ae   0x000008ae   0x00000026   Code   RO         4350    .text               mc_p.l(llsshr.o)
    0x000008d4   0x000008d4   0x00000000   Code   RO         4354    .text               mc_p.l(iusefp.o)
    0x000008d4   0x000008d4   0x00000082   Code   RO         4355    .text               mf_p.l(fepilogue.o)
    0x00000956   0x00000956   0x000000be   Code   RO         4357    .text               mf_p.l(depilogue.o)
    0x00000a14   0x00000a14   0x00000040   Code   RO         4361    .text               mf_p.l(dfixul.o)
    0x00000a54   0x00000a54   0x00000024   Code   RO         4363    .text               mc_p.l(init.o)
    0x00000a78   0x00000a78   0x00000000   Code   RO         4365    .text               mc_p.l(semi.o)
    0x00000a78   0x00000a78   0x00000000   Code   RO         4366    .text               mc_p.l(iusesemip.o)
    0x00000a78   0x00000a78   0x00000056   Code   RO         4375    .text               mc_p.l(__dczerorl2.o)
    0x00000ace   0x00000ace   0x00000002   PAD
    0x00000ad0   0x00000ad0   0x000001d0   Code   RO          469    i.ADC_Configuration  init.o
    0x00000ca0   0x00000ca0   0x00000020   Code   RO          744    i.ADC_Enable        cw32f030_adc.o
    0x00000cc0   0x00000cc0   0x00000018   Code   RO          750    i.ADC_GetITStatus   cw32f030_adc.o
    0x00000cd8   0x00000cd8   0x00000002   Code   RO            3    i.ADC_IRQHandler    interrupts_cw32f030.o
    0x00000cda   0x00000cda   0x00000002   PAD
    0x00000cdc   0x00000cdc   0x00000060   Code   RO          759    i.ADC_Init          cw32f030_adc.o
    0x00000d3c   0x00000d3c   0x0000000c   Code   RO         1064    i.ATIM_ClearITPendingBit  cw32f030_atim.o
    0x00000d48   0x00000d48   0x00000018   Code   RO         1065    i.ATIM_Cmd          cw32f030_atim.o
    0x00000d60   0x00000d60   0x00000020   Code   RO         1066    i.ATIM_CtrlPWMOutputs  cw32f030_atim.o
    0x00000d80   0x00000d80   0x00000018   Code   RO         1075    i.ATIM_GetITStatus  cw32f030_atim.o
    0x00000d98   0x00000d98   0x00000018   Code   RO         3753    i.ATIM_IRQHandler   motor.o
    0x00000db0   0x00000db0   0x00000068   Code   RO         1083    i.ATIM_Init         cw32f030_atim.o
    0x00000e18   0x00000e18   0x00000074   Code   RO         1085    i.ATIM_OC1AInit     cw32f030_atim.o
    0x00000e8c   0x00000e8c   0x00000078   Code   RO         1087    i.ATIM_OC2AInit     cw32f030_atim.o
    0x00000f04   0x00000f04   0x00000078   Code   RO         1089    i.ATIM_OC3AInit     cw32f030_atim.o
    0x00000f7c   0x00000f7c   0x00000040   Code   RO         1091    i.ATIM_OC4Init      cw32f030_atim.o
    0x00000fbc   0x00000fbc   0x0000004c   Code   RO         1092    i.ATIM_PWMOutputConfig  cw32f030_atim.o
    0x00001008   0x00001008   0x0000000c   Code   RO         1093    i.ATIM_SetCompare1A  cw32f030_atim.o
    0x00001014   0x00001014   0x0000000c   Code   RO         1095    i.ATIM_SetCompare2A  cw32f030_atim.o
    0x00001020   0x00001020   0x0000000c   Code   RO         1097    i.ATIM_SetCompare3A  cw32f030_atim.o
    0x0000102c   0x0000102c   0x0000000c   Code   RO         1099    i.ATIM_SetCompare4  cw32f030_atim.o
    0x00001038   0x00001038   0x00000002   Code   RO            4    i.AWT_IRQHandler    interrupts_cw32f030.o
    0x0000103a   0x0000103a   0x00000002   PAD
    0x0000103c   0x0000103c   0x000000c4   Code   RO          324    i.BTIM1_IRQHandler  main.o
    0x00001100   0x00001100   0x00000002   Code   RO            5    i.BTIM2_IRQHandler  interrupts_cw32f030.o
    0x00001102   0x00001102   0x00000008   Code   RO         1440    i.BTIM_ClearITPendingBit  cw32f030_btim.o
    0x0000110a   0x0000110a   0x00000018   Code   RO         1441    i.BTIM_Cmd          cw32f030_btim.o
    0x00001122   0x00001122   0x00000012   Code   RO         1447    i.BTIM_GetITStatus  cw32f030_btim.o
    0x00001134   0x00001134   0x00000014   Code   RO         1449    i.BTIM_ITConfig     cw32f030_btim.o
    0x00001148   0x00001148   0x00000020   Code   RO         1458    i.BTIM_TimeBaseInit  cw32f030_btim.o
    0x00001168   0x00001168   0x00000054   Code   RO          470    i.BTIM_init         init.o
    0x000011bc   0x000011bc   0x0000014c   Code   RO         3754    i.Commutation       motor.o
    0x00001308   0x00001308   0x00000018   Code   RO            6    i.DMACH1_IRQHandler  interrupts_cw32f030.o
    0x00001320   0x00001320   0x000000ac   Code   RO          471    i.DMACH1_IRQHandlerCallBack  init.o
    0x000013cc   0x000013cc   0x00000002   Code   RO            7    i.DMACH23_IRQHandler  interrupts_cw32f030.o
    0x000013ce   0x000013ce   0x00000002   Code   RO            8    i.DMACH45_IRQHandler  interrupts_cw32f030.o
    0x000013d0   0x000013d0   0x00000010   Code   RO         1688    i.DMA_ClearITPendingBit  cw32f030_dma.o
    0x000013e0   0x000013e0   0x00000018   Code   RO         1689    i.DMA_Cmd           cw32f030_dma.o
    0x000013f8   0x000013f8   0x00000018   Code   RO         1692    i.DMA_GetITStatus   cw32f030_dma.o
    0x00001410   0x00001410   0x00000014   Code   RO         1693    i.DMA_ITConfig      cw32f030_dma.o
    0x00001424   0x00001424   0x0000003c   Code   RO         1694    i.DMA_Init          cw32f030_dma.o
    0x00001460   0x00001460   0x00000118   Code   RO         3874    i.EnDirCheck        control.o
    0x00001578   0x00001578   0x00000002   Code   RO            9    i.FAULT_IRQHandler  interrupts_cw32f030.o
    0x0000157a   0x0000157a   0x00000002   Code   RO           10    i.FLASHRAM_IRQHandler  interrupts_cw32f030.o
    0x0000157c   0x0000157c   0x00000024   Code   RO         1770    i.FLASH_SetLatency  cw32f030_flash.o
    0x000015a0   0x000015a0   0x00000002   Code   RO           11    i.GPIOA_IRQHandler  interrupts_cw32f030.o
    0x000015a2   0x000015a2   0x00000002   Code   RO           12    i.GPIOB_IRQHandler  interrupts_cw32f030.o
    0x000015a4   0x000015a4   0x00000002   Code   RO           13    i.GPIOC_IRQHandler  interrupts_cw32f030.o
    0x000015a6   0x000015a6   0x00000002   Code   RO           14    i.GPIOF_IRQHandler  interrupts_cw32f030.o
    0x000015a8   0x000015a8   0x000000c8   Code   RO          472    i.GPIOInit          init.o
    0x00001670   0x00001670   0x00000100   Code   RO         1894    i.GPIO_Init         cw32f030_gpio.o
    0x00001770   0x00001770   0x00000012   Code   RO         1897    i.GPIO_ReadPin      cw32f030_gpio.o
    0x00001782   0x00001782   0x0000000c   Code   RO         1900    i.GPIO_WritePin     cw32f030_gpio.o
    0x0000178e   0x0000178e   0x00000002   PAD
    0x00001790   0x00001790   0x0000001c   Code   RO           15    i.GTIM1_IRQHandler  interrupts_cw32f030.o
    0x000017ac   0x000017ac   0x000000b8   Code   RO         3755    i.GTIM2_IRQHandler  motor.o
    0x00001864   0x00001864   0x00000002   Code   RO           16    i.GTIM3_IRQHandler  interrupts_cw32f030.o
    0x00001866   0x00001866   0x00000002   Code   RO           17    i.GTIM4_IRQHandler  interrupts_cw32f030.o
    0x00001868   0x00001868   0x0000000c   Code   RO         1978    i.GTIM_ClearITPendingBit  cw32f030_gtim.o
    0x00001874   0x00001874   0x0000001c   Code   RO         1979    i.GTIM_Cmd          cw32f030_gtim.o
    0x00001890   0x00001890   0x00000018   Code   RO         1987    i.GTIM_GetITStatus  cw32f030_gtim.o
    0x000018a8   0x000018a8   0x00000048   Code   RO         1989    i.GTIM_ICInit       cw32f030_gtim.o
    0x000018f0   0x000018f0   0x0000002e   Code   RO         1990    i.GTIM_ITConfig     cw32f030_gtim.o
    0x0000191e   0x0000191e   0x00000002   PAD
    0x00001920   0x00001920   0x00000040   Code   RO         1999    i.GTIM_TimeBaseInit  cw32f030_gtim.o
    0x00001960   0x00001960   0x0000003a   Code   RO          695    i.GetConslonsCode_from_EXFlash  font.o
    0x0000199a   0x0000199a   0x00000002   PAD
    0x0000199c   0x0000199c   0x00000024   Code   RO          696    i.GetGBKCode_from_EXFlash  font.o
    0x000019c0   0x000019c0   0x00000074   Code   RO         3756    i.HALL_Check        motor.o
    0x00001a34   0x00001a34   0x00000058   Code   RO         3757    i.HALL_MOTOR_START  motor.o
    0x00001a8c   0x00001a8c   0x00000130   Code   RO         3758    i.Halltimer_init    motor.o
    0x00001bbc   0x00001bbc   0x00000004   Code   RO           18    i.HardFault_Handler  interrupts_cw32f030.o
    0x00001bc0   0x00001bc0   0x0000002c   Code   RO         2164    i.I2C1_DeInit       cw32f030_i2c.o
    0x00001bec   0x00001bec   0x00000002   Code   RO           19    i.I2C1_IRQHandler   interrupts_cw32f030.o
    0x00001bee   0x00001bee   0x00000002   Code   RO           20    i.I2C2_IRQHandler   interrupts_cw32f030.o
    0x00001bf0   0x00001bf0   0x0000001a   Code   RO         2168    i.I2C_AcknowledgeConfig  cw32f030_i2c.o
    0x00001c0a   0x00001c0a   0x0000001a   Code   RO         2169    i.I2C_BaudGeneratorEnable  cw32f030_i2c.o
    0x00001c24   0x00001c24   0x0000000a   Code   RO         2170    i.I2C_ClearIrq      cw32f030_i2c.o
    0x00001c2e   0x00001c2e   0x0000001a   Code   RO         2171    i.I2C_Cmd           cw32f030_i2c.o
    0x00001c48   0x00001c48   0x0000001a   Code   RO         2172    i.I2C_FilterConfig  cw32f030_i2c.o
    0x00001c62   0x00001c62   0x00000034   Code   RO         2174    i.I2C_GenerateSTART  cw32f030_i2c.o
    0x00001c96   0x00001c96   0x0000001a   Code   RO         2175    i.I2C_GenerateSTOP  cw32f030_i2c.o
    0x00001cb0   0x00001cb0   0x0000000c   Code   RO         2176    i.I2C_GetIrq        cw32f030_i2c.o
    0x00001cbc   0x00001cbc   0x00000008   Code   RO         2177    i.I2C_GetState      cw32f030_i2c.o
    0x00001cc4   0x00001cc4   0x000000b2   Code   RO          537    i.I2C_MasterWriteEepromData1  oled_i2c.o
    0x00001d76   0x00001d76   0x00000036   Code   RO         2182    i.I2C_Master_Init   cw32f030_i2c.o
    0x00001dac   0x00001dac   0x00000058   Code   RO          538    i.I2C_OLED_Clear    oled_i2c.o
    0x00001e04   0x00001e04   0x000000cc   Code   RO          539    i.I2C_OLED_ClearPoint  oled_i2c.o
    0x00001ed0   0x00001ed0   0x00000020   Code   RO          540    i.I2C_OLED_Clear_Line  oled_i2c.o
    0x00001ef0   0x00001ef0   0x00000068   Code   RO          545    i.I2C_OLED_DrawPoint  oled_i2c.o
    0x00001f58   0x00001f58   0x0000009a   Code   RO          546    i.I2C_OLED_Init     oled_i2c.o
    0x00001ff2   0x00001ff2   0x00000002   PAD
    0x00001ff4   0x00001ff4   0x000000d0   Code   RO          547    i.I2C_OLED_Move     oled_i2c.o
    0x000020c4   0x000020c4   0x000000a8   Code   RO          550    i.I2C_OLED_ShowChar  oled_i2c.o
    0x0000216c   0x0000216c   0x00000070   Code   RO          551    i.I2C_OLED_ShowChar_CH  oled_i2c.o
    0x000021dc   0x000021dc   0x000000b4   Code   RO          553    i.I2C_OLED_ShowString  oled_i2c.o
    0x00002290   0x00002290   0x00000068   Code   RO          554    i.I2C_OLED_UPdata   oled_i2c.o
    0x000022f8   0x000022f8   0x00000012   Code   RO         2184    i.I2C_Send7bitAddress  cw32f030_i2c.o
    0x0000230a   0x0000230a   0x00000004   Code   RO         2185    i.I2C_SendData      cw32f030_i2c.o
    0x0000230e   0x0000230e   0x00000004   Code   RO         2186    i.I2C_SetBaud       cw32f030_i2c.o
    0x00002312   0x00002312   0x00000002   PAD
    0x00002314   0x00002314   0x00000090   Code   RO          555    i.I2C_init          oled_i2c.o
    0x000023a4   0x000023a4   0x00000002   Code   RO           21    i.LVD_IRQHandler    interrupts_cw32f030.o
    0x000023a6   0x000023a6   0x00000002   PAD
    0x000023a8   0x000023a8   0x00000018   Code   RO         3759    i.MOTOR_STOP0       motor.o
    0x000023c0   0x000023c0   0x0000001c   Code   RO         3875    i.MotorError        control.o
    0x000023dc   0x000023dc   0x000000ac   Code   RO         3876    i.MotorErrorOver    control.o
    0x00002488   0x00002488   0x00000080   Code   RO         3877    i.MotorRunPID       control.o
    0x00002508   0x00002508   0x00000040   Code   RO         3878    i.MotorStartCheck   control.o
    0x00002548   0x00002548   0x00000040   Code   RO         3879    i.MotorStartPID     control.o
    0x00002588   0x00002588   0x00000034   Code   RO         3880    i.MotorStop         control.o
    0x000025bc   0x000025bc   0x00000002   Code   RO           22    i.NMI_Handler       interrupts_cw32f030.o
    0x000025be   0x000025be   0x00000002   PAD
    0x000025c0   0x000025c0   0x00000278   Code   RO          556    i.OLED_StrEscCharacter  oled_i2c.o
    0x00002838   0x00002838   0x000000a8   Code   RO         3951    i.PID_init          pid.o
    0x000028e0   0x000028e0   0x000001b0   Code   RO         3952    i.PIDcompute        pid.o
    0x00002a90   0x00002a90   0x000001a8   Code   RO         3760    i.PWMtimer_init     motor.o
    0x00002c38   0x00002c38   0x00000002   Code   RO           23    i.PendSV_Handler    interrupts_cw32f030.o
    0x00002c3a   0x00002c3a   0x00000002   PAD
    0x00002c3c   0x00002c3c   0x00000080   Code   RO          325    i.PowerOnDelay      main.o
    0x00002cbc   0x00002cbc   0x00000028   Code   RO          473    i.RCC_Configuration  init.o
    0x00002ce4   0x00002ce4   0x00000034   Code   RO         2550    i.RCC_HSI_Enable    cw32f030_rcc.o
    0x00002d18   0x00002d18   0x00000002   Code   RO           24    i.RCC_IRQHandler    interrupts_cw32f030.o
    0x00002d1a   0x00002d1a   0x00000002   Code   RO           25    i.RTC_IRQHandler    interrupts_cw32f030.o
    0x00002d1c   0x00002d1c   0x00000002   Code   RO           26    i.SPI1_IRQHandler   interrupts_cw32f030.o
    0x00002d1e   0x00002d1e   0x00000002   Code   RO           27    i.SPI2_IRQHandler   interrupts_cw32f030.o
    0x00002d20   0x00002d20   0x00000002   Code   RO           28    i.SVC_Handler       interrupts_cw32f030.o
    0x00002d22   0x00002d22   0x00000002   PAD
    0x00002d24   0x00002d24   0x00000074   Code   RO         3829    i.SampleSpeed       compu.o
    0x00002d98   0x00002d98   0x0000016c   Code   RO         3830    i.SampleVI          compu.o
    0x00002f04   0x00002f04   0x00000018   Code   RO         3153    i.SysTick_Handler   cw32f030_systick.o
    0x00002f1c   0x00002f1c   0x00000010   Code   RO         3689    i.SystemCoreClockUpdate  system_cw32f030.o
    0x00002f2c   0x00002f2c   0x0000003c   Code   RO         3690    i.SystemInit        system_cw32f030.o
    0x00002f68   0x00002f68   0x000000d0   Code   RO         3831    i.TempSampleComu    compu.o
    0x00003038   0x00003038   0x00000002   Code   RO           29    i.UART1_IRQHandler  interrupts_cw32f030.o
    0x0000303a   0x0000303a   0x00000002   Code   RO           30    i.UART2_IRQHandler  interrupts_cw32f030.o
    0x0000303c   0x0000303c   0x0000001c   Code   RO          474    i.UART3_IRQHandler  init.o
    0x00003058   0x00003058   0x00000074   Code   RO         3761    i.UPPWM             motor.o
    0x000030cc   0x000030cc   0x00000008   Code   RO         3216    i.USART_ClearITPendingBit  cw32f030_uart.o
    0x000030d4   0x000030d4   0x00000012   Code   RO         3221    i.USART_GetITStatus  cw32f030_uart.o
    0x000030e6   0x000030e6   0x00000002   Code   RO           31    i.VC1_IRQHandler    interrupts_cw32f030.o
    0x000030e8   0x000030e8   0x00000002   Code   RO           32    i.VC2_IRQHandler    interrupts_cw32f030.o
    0x000030ea   0x000030ea   0x00000002   Code   RO           33    i.WDT_IRQHandler    interrupts_cw32f030.o
    0x000030ec   0x000030ec   0x00000014   Code   RO          557    i.WriteCmd          oled_i2c.o
    0x00003100   0x00003100   0x00000014   Code   RO          558    i.WriteDat          oled_i2c.o
    0x00003114   0x00003114   0x00000020   Code   RO         4229    i.__0printf         mc_p.l(printfa.o)
    0x00003134   0x00003134   0x00000028   Code   RO         4231    i.__0sprintf        mc_p.l(printfa.o)
    0x0000315c   0x0000315c   0x0000002e   Code   RO         4359    i.__ARM_clz         mf_p.l(depilogue.o)
    0x0000318a   0x0000318a   0x0000001c   Code   RO          354    i.__ARM_common_switch8  main.o
    0x000031a6   0x000031a6   0x00000002   PAD
    0x000031a8   0x000031a8   0x00000020   Code   RO          475    i.__NVIC_EnableIRQ  init.o
    0x000031c8   0x000031c8   0x0000000e   Code   RO         4369    i.__scatterload_copy  mc_p.l(handlers.o)
    0x000031d6   0x000031d6   0x00000002   Code   RO         4370    i.__scatterload_null  mc_p.l(handlers.o)
    0x000031d8   0x000031d8   0x0000000e   Code   RO         4371    i.__scatterload_zeroinit  mc_p.l(handlers.o)
    0x000031e6   0x000031e6   0x00000002   PAD
    0x000031e8   0x000031e8   0x00000174   Code   RO         4236    i._fp_digits        mc_p.l(printfa.o)
    0x0000335c   0x0000335c   0x000006f0   Code   RO         4237    i._printf_core      mc_p.l(printfa.o)
    0x00003a4c   0x00003a4c   0x00000020   Code   RO         4238    i._printf_post_padding  mc_p.l(printfa.o)
    0x00003a6c   0x00003a6c   0x0000002c   Code   RO         4239    i._printf_pre_padding  mc_p.l(printfa.o)
    0x00003a98   0x00003a98   0x0000000a   Code   RO         4241    i._sputc            mc_p.l(printfa.o)
    0x00003aa2   0x00003aa2   0x00000012   Code   RO         4341    i.fputc             mc_p.l(fputc.o)
    0x00003ab4   0x00003ab4   0x00000054   Code   RO         4257    i.free              mc_p.l(malloc.o)
    0x00003b08   0x00003b08   0x00000484   Code   RO          326    i.main              main.o
    0x00003f8c   0x00003f8c   0x0000006c   Code   RO         4258    i.malloc            mc_p.l(malloc.o)
    0x00003ff8   0x00003ff8   0x00003b60   Data   RO          697    .constdata          font.o
    0x00007b58   0x00007b58   0x00000024   Data   RO         3731    .constdata          globalv.o
    0x00007b7c   0x00007b7c   0x00000020   Data   RO         4367    Region$$Table       anon$$obj.o


    Execution Region RW_IRAM1 (Exec base: 0x20000000, Load base: 0x00007b9c, Size: 0x00000ae8, Max: 0x00002000, ABSOLUTE, COMPRESSED[0x00000170])

    Exec Addr    Load Addr    Size         Type   Attr      Idx    E Section Name        Object

    0x20000000   COMPRESSED   0x00000008   Data   RW          327    .data               main.o
    0x20000008   COMPRESSED   0x00000005   Data   RW          476    .data               init.o
    0x2000000d   COMPRESSED   0x00000003   PAD
    0x20000010   COMPRESSED   0x0000000a   Data   RW          561    .data               oled_i2c.o
    0x2000001a   COMPRESSED   0x00000006   PAD
    0x20000020   COMPRESSED   0x00000048   Data   RW          698    .data               font.o
    0x20000068   COMPRESSED   0x00000009   Data   RW         3155    .data               cw32f030_systick.o
    0x20000071   COMPRESSED   0x00000003   PAD
    0x20000074   COMPRESSED   0x00000004   Data   RW         3691    .data               system_cw32f030.o
    0x20000078   COMPRESSED   0x0000009c   Data   RW         3732    .data               globalv.o
    0x20000114   COMPRESSED   0x00000001   Data   RW         3762    .data               motor.o
    0x20000115   COMPRESSED   0x00000003   PAD
    0x20000118   COMPRESSED   0x0000018a   Data   RW         3832    .data               compu.o
    0x200002a2   COMPRESSED   0x00000002   Data   RW         3882    .data               control.o
    0x200002a4   COMPRESSED   0x00000004   PAD
    0x200002a8   COMPRESSED   0x00000030   Data   RW         3953    .data               pid.o
    0x200002d8   COMPRESSED   0x00000004   Data   RW         4343    .data               mc_p.l(stdout.o)
    0x200002dc   COMPRESSED   0x00000004   Data   RW         4352    .data               mc_p.l(mvars.o)
    0x200002e0   COMPRESSED   0x00000004   Data   RW         4353    .data               mc_p.l(mvars.o)
    0x200002e4        -       0x00000400   Zero   RW          559    .bss                oled_i2c.o
    0x200006e4   COMPRESSED   0x00000004   PAD
    0x200006e8        -       0x00000200   Zero   RW          316    HEAP                startup_cw32f030.o
    0x200008e8        -       0x00000200   Zero   RW          315    STACK               startup_cw32f030.o


==============================================================================

Image component sizes


      Code (inc. data)   RO Data    RW Data    ZI Data      Debug   Object Name

       688        118          0        394          0       3750   compu.o
       788        136          0          2          0       3363   control.o
       152         18          0          0          0       1866   cw32f030_adc.o
       740         78          0          0          0       7502   cw32f030_atim.o
       102          4          0          0          0       3015   cw32f030_btim.o
       144          8          0          0          0       2902   cw32f030_dma.o
        36          8          0          0          0        507   cw32f030_flash.o
       286          4          0          0          0       2079   cw32f030_gpio.o
       246          4          0          0          0       3581   cw32f030_gtim.o
       336          8          0          0          0       7472   cw32f030_i2c.o
        52          8          0          0          0        473   cw32f030_rcc.o
        24          8          0          9          0       1661   cw32f030_systick.o
        26          0          0          0          0       1422   cw32f030_uart.o
        94         20      15200         72          0       2850   font.o
         0          0         36        156          0       1926   globalv.o
      1020        100          0          5          0      11979   init.o
       112          4          0          0          0     241962   interrupts_cw32f030.o
      1508        324          0          8          0     220808   main.o
      1612        152          0          1          0       5190   motor.o
      2348        114          0         10       1024      11185   oled_i2c.o
       600         98          0         48          0       1585   pid.o
        60         22        192          0       1024        600   startup_cw32f030.o
        76         14          0          4          0       1143   system_cw32f030.o

    ----------------------------------------------------------------------
     11074       1250      15460        728       2052     538821   Object Totals
         0          0         32          0          0          0   (incl. Generated)
        24          0          0         19          4          0   (incl. Padding)

    ----------------------------------------------------------------------

      Code (inc. data)   RO Data    RW Data    ZI Data      Debug   Library Member Name

        86          0          0          0          0          0   __dczerorl2.o
         0          0          0          0          0          0   entry.o
         0          0          0          0          0          0   entry10a.o
         0          0          0          0          0          0   entry11a.o
         4          0          0          0          0          0   entry12b.o
         8          4          0          0          0          0   entry2.o
         4          0          0          0          0          0   entry5.o
         0          0          0          0          0          0   entry7b.o
         0          0          0          0          0          0   entry8b.o
         8          4          0          0          0          0   entry9a.o
        18          0          0          0          0         72   fputc.o
        30          0          0          0          0          0   handlers.o
        40          0          0          0          0         72   idiv.o
        36          8          0          0          0         68   init.o
         0          0          0          0          0          0   iusefp.o
         0          0          0          0          0          0   iusesemip.o
        32          0          0          0          0         68   llshl.o
        38          0          0          0          0         68   llsshr.o
        34          0          0          0          0         68   llushr.o
       192         20          0          0          0        144   malloc.o
        36          0          0          0          0        100   memseta.o
         0          0          0          8          0          0   mvars.o
      2306        102          0          0          0        556   printfa.o
         0          0          0          0          0          0   semi.o
         0          0          0          4          0          0   stdout.o
        44          0          0          0          0         72   uidiv.o
        96          0          0          0          0         84   uldiv.o
        40          2          0          0          0         68   cdcmple.o
        40          2          0          0          0         68   cdrcmple.o
        20          0          0          0          0         68   cfcmple.o
        20          0          0          0          0         68   cfrcmple.o
        56          0          0          0          0         68   d2f.o
       360          6          0          0          0        140   dadd.o
       240          6          0          0          0         84   ddiv.o
       236          0          0          0          0        216   depilogue.o
        72         10          0          0          0         72   dfixi.o
        64         10          0          0          0         68   dfixul.o
        40          6          0          0          0         68   dflti.o
        28          4          0          0          0         68   dfltui.o
       208          6          0          0          0         88   dmul.o
        40          0          0          0          0         60   f2d.o
       178          0          0          0          0        108   fadd.o
       124          0          0          0          0         72   fdiv.o
       130          0          0          0          0        144   fepilogue.o
        40          0          0          0          0         60   ffixui.o
        22          0          0          0          0         68   fflti.o
        14          0          0          0          0         68   ffltui.o
       122          0          0          0          0         72   fmul.o

    ----------------------------------------------------------------------
      5110        190          0         12          0       3168   Library Totals
         4          0          0          0          0          0   (incl. Padding)

    ----------------------------------------------------------------------

      Code (inc. data)   RO Data    RW Data    ZI Data      Debug   Library Name

      3012        138          0         12          0       1372   mc_p.l
      2094         52          0          0          0       1796   mf_p.l

    ----------------------------------------------------------------------
      5110        190          0         12          0       3168   Library Totals

    ----------------------------------------------------------------------

==============================================================================


      Code (inc. data)   RO Data    RW Data    ZI Data      Debug   

     16184       1440      15460        740       2052     534657   Grand Totals
     16184       1440      15460        368       2052     534657   ELF Image Totals (compressed)
     16184       1440      15460        368          0          0   ROM Totals

==============================================================================

    Total RO  Size (Code + RO Data)                31644 (  30.90kB)
    Total RW  Size (RW Data + ZI Data)              2792 (   2.73kB)
    Total ROM Size (Code + RO Data + RW Data)      32012 (  31.26kB)

==============================================================================

