Component: ARM Compiler 5.06 update 7 (build 960) Tool: armlink [4d3601]

==============================================================================

Section Cross References

    interrupts_cw32f030.o(i.DMACH1_IRQHandler) refers to cw32f030_dma.o(i.DMA_GetITStatus) for DMA_GetITStatus
    interrupts_cw32f030.o(i.DMACH1_IRQHandler) refers to cw32f030_dma.o(i.DMA_ClearITPendingBit) for DMA_ClearITPendingBit
    startup_cw32f030.o(RESET) refers to startup_cw32f030.o(STACK) for __initial_sp
    startup_cw32f030.o(RESET) refers to startup_cw32f030.o(.text) for Reset_Handler
    startup_cw32f030.o(RESET) refers to interrupts_cw32f030.o(i.NMI_Handler) for NMI_Handler
    startup_cw32f030.o(RESET) refers to interrupts_cw32f030.o(i.HardFault_Handler) for HardFault_Handler
    startup_cw32f030.o(RESET) refers to interrupts_cw32f030.o(i.SVC_Handler) for SVC_Handler
    startup_cw32f030.o(RESET) refers to interrupts_cw32f030.o(i.PendSV_Handler) for PendSV_Handler
    startup_cw32f030.o(RESET) refers to cw32f030_systick.o(i.SysTick_Handler) for SysTick_Handler
    startup_cw32f030.o(RESET) refers to interrupts_cw32f030.o(i.WDT_IRQHandler) for WDT_IRQHandler
    startup_cw32f030.o(RESET) refers to interrupts_cw32f030.o(i.LVD_IRQHandler) for LVD_IRQHandler
    startup_cw32f030.o(RESET) refers to interrupts_cw32f030.o(i.RTC_IRQHandler) for RTC_IRQHandler
    startup_cw32f030.o(RESET) refers to interrupts_cw32f030.o(i.FLASHRAM_IRQHandler) for FLASHRAM_IRQHandler
    startup_cw32f030.o(RESET) refers to interrupts_cw32f030.o(i.RCC_IRQHandler) for RCC_IRQHandler
    startup_cw32f030.o(RESET) refers to interrupts_cw32f030.o(i.GPIOA_IRQHandler) for GPIOA_IRQHandler
    startup_cw32f030.o(RESET) refers to interrupts_cw32f030.o(i.GPIOB_IRQHandler) for GPIOB_IRQHandler
    startup_cw32f030.o(RESET) refers to interrupts_cw32f030.o(i.GPIOC_IRQHandler) for GPIOC_IRQHandler
    startup_cw32f030.o(RESET) refers to interrupts_cw32f030.o(i.GPIOF_IRQHandler) for GPIOF_IRQHandler
    startup_cw32f030.o(RESET) refers to interrupts_cw32f030.o(i.DMACH1_IRQHandler) for DMACH1_IRQHandler
    startup_cw32f030.o(RESET) refers to interrupts_cw32f030.o(i.DMACH23_IRQHandler) for DMACH23_IRQHandler
    startup_cw32f030.o(RESET) refers to interrupts_cw32f030.o(i.DMACH45_IRQHandler) for DMACH45_IRQHandler
    startup_cw32f030.o(RESET) refers to interrupts_cw32f030.o(i.ADC_IRQHandler) for ADC_IRQHandler
    startup_cw32f030.o(RESET) refers to interrupts_cw32f030.o(i.VC1_IRQHandler) for VC1_IRQHandler
    startup_cw32f030.o(RESET) refers to interrupts_cw32f030.o(i.VC2_IRQHandler) for VC2_IRQHandler
    startup_cw32f030.o(RESET) refers to interrupts_cw32f030.o(i.GTIM2_IRQHandler) for GTIM2_IRQHandler
    startup_cw32f030.o(RESET) refers to interrupts_cw32f030.o(i.GTIM3_IRQHandler) for GTIM3_IRQHandler
    startup_cw32f030.o(RESET) refers to interrupts_cw32f030.o(i.GTIM4_IRQHandler) for GTIM4_IRQHandler
    startup_cw32f030.o(RESET) refers to main.o(i.BTIM1_IRQHandler) for BTIM1_IRQHandler
    startup_cw32f030.o(RESET) refers to interrupts_cw32f030.o(i.BTIM2_IRQHandler) for BTIM2_IRQHandler
    startup_cw32f030.o(RESET) refers to interrupts_cw32f030.o(i.BTIM3_IRQHandler) for BTIM3_IRQHandler
    startup_cw32f030.o(RESET) refers to interrupts_cw32f030.o(i.I2C1_IRQHandler) for I2C1_IRQHandler
    startup_cw32f030.o(RESET) refers to interrupts_cw32f030.o(i.I2C2_IRQHandler) for I2C2_IRQHandler
    startup_cw32f030.o(RESET) refers to interrupts_cw32f030.o(i.SPI1_IRQHandler) for SPI1_IRQHandler
    startup_cw32f030.o(RESET) refers to interrupts_cw32f030.o(i.SPI2_IRQHandler) for SPI2_IRQHandler
    startup_cw32f030.o(RESET) refers to main.o(i.UART1_IRQHandler) for UART1_IRQHandler
    startup_cw32f030.o(RESET) refers to interrupts_cw32f030.o(i.UART2_IRQHandler) for UART2_IRQHandler
    startup_cw32f030.o(RESET) refers to interrupts_cw32f030.o(i.AWT_IRQHandler) for AWT_IRQHandler
    startup_cw32f030.o(RESET) refers to interrupts_cw32f030.o(i.FAULT_IRQHandler) for FAULT_IRQHandler
    startup_cw32f030.o(.text) refers to system_cw32f030.o(i.SystemInit) for SystemInit
    startup_cw32f030.o(.text) refers to entry.o(.ARM.Collect$$$$00000000) for __main
    main.o(i.BTIM1_IRQHandler) refers to cw32f030_btim.o(i.BTIM_GetITStatus) for BTIM_GetITStatus
    main.o(i.BTIM1_IRQHandler) refers to cw32f030_btim.o(i.BTIM_ClearITPendingBit) for BTIM_ClearITPendingBit
    main.o(i.BTIM1_IRQHandler) refers to main.o(.data) for count2
    main.o(i.BTIM_init) refers to main.o(i.__NVIC_EnableIRQ) for __NVIC_EnableIRQ
    main.o(i.BTIM_init) refers to cw32f030_btim.o(i.BTIM_TimeBaseInit) for BTIM_TimeBaseInit
    main.o(i.BTIM_init) refers to cw32f030_btim.o(i.BTIM_ITConfig) for BTIM_ITConfig
    main.o(i.BTIM_init) refers to cw32f030_btim.o(i.BTIM_Cmd) for BTIM_Cmd
    main.o(i.GPIO_Configuration) refers to cw32f030_gpio.o(i.GPIO_Init) for GPIO_Init
    main.o(i.RCC_Configuration) refers to cw32f030_rcc.o(i.RCC_HSI_Enable) for RCC_HSI_Enable
[...]
    printfa.o(i._fp_digits) refers to ddiv.o(.text) for __aeabi_ddiv
    printfa.o(i._fp_digits) refers to cdrcmple.o(.text) for __aeabi_cdrcmple
    printfa.o(i._fp_digits) refers to dadd.o(.text) for __aeabi_dadd
    printfa.o(i._fp_digits) refers to dfixul.o(.text) for __aeabi_d2ulz
    printfa.o(i._fp_digits) refers to uldiv.o(.text) for __aeabi_uldivmod
    printfa.o(i._printf_core) refers (Special) to iusefp.o(.text) for __I$use$fp
    printfa.o(i._printf_core) refers to printfa.o(i._printf_pre_padding) for _printf_pre_padding
    printfa.o(i._printf_core) refers to uldiv.o(.text) for __aeabi_uldivmod
    printfa.o(i._printf_core) refers to printfa.o(i._printf_post_padding) for _printf_post_padding
    printfa.o(i._printf_core) refers to printfa.o(i._fp_digits) for _fp_digits
    printfa.o(i._printf_core) refers to uidiv.o(.text) for __aeabi_uidivmod
    printfa.o(i._printf_post_padding) refers (Special) to iusefp.o(.text) for __I$use$fp
    printfa.o(i._printf_pre_padding) refers (Special) to iusefp.o(.text) for __I$use$fp
    printfa.o(i._snputc) refers (Special) to iusefp.o(.text) for __I$use$fp
    printfa.o(i._sputc) refers (Special) to iusefp.o(.text) for __I$use$fp
    malloc.o(i.free) refers to mvars.o(.data) for __microlib_freelist
    malloc.o(i.malloc) refers to mvars.o(.data) for __microlib_freelist_initialised
    malloc.o(i.malloc) refers to mvars.o(.data) for __microlib_freelist
    malloc.o(i.malloc) refers to startup_cw32f030.o(HEAP) for __heap_base
    mallocr.o(i.__free$realloc) refers to mvars.o(.data) for __microlib_freelist
    mallocr.o(i.__malloc$realloc) refers to mallocr.o(i.internal_alloc) for internal_alloc
    mallocr.o(i.__malloc$realloc) refers to mvars.o(.data) for __microlib_freelist_initialised
    mallocr.o(i.__malloc$realloc) refers to startup_cw32f030.o(HEAP) for __heap_base
    mallocr.o(i.__malloc$realloc) refers to mvars.o(.data) for __microlib_freelist
    mallocr.o(i.internal_alloc) refers to memcpya.o(.text) for __aeabi_memcpy
    mallocr.o(i.internal_alloc) refers to mvars.o(.data) for __microlib_freelist
    mallocr.o(i.realloc) refers to mallocr.o(i.__free$realloc) for __free$realloc
    mallocr.o(i.realloc) refers to mallocr.o(i.internal_alloc) for internal_alloc
    mallocr.o(i.realloc) refers to mallocr.o(i.__malloc$realloc) for __malloc$realloc
    mallocr.o(i.realloc) refers to mvars.o(.data) for __microlib_freelist
    malloca.o(i.__aligned_malloc) refers to mvars.o(.data) for __microlib_freelist
    malloca.o(i.__aligned_malloc) refers to mvars.o(.data) for __microlib_freelist_initialised
    malloca.o(i.__aligned_malloc) refers to startup_cw32f030.o(HEAP) for __heap_base
    malloca.o(i.__free$memalign) refers to mvars.o(.data) for __microlib_freelist
    malloca.o(i.__malloc$memalign) refers to malloca.o(i.__aligned_malloc) for __aligned_malloc
    mallocra.o(i.__aligned_malloc$realloc) refers to mallocra.o(i.internal_alloc) for internal_alloc
    mallocra.o(i.__aligned_malloc$realloc) refers to startup_cw32f030.o(HEAP) for __heap_base
    mallocra.o(i.__aligned_malloc$realloc) refers to mvars.o(.data) for __microlib_freelist
    mallocra.o(i.__aligned_malloc$realloc) refers to mvars.o(.data) for __microlib_freelist_initialised
    mallocra.o(i.__free$realloc$memalign) refers to mvars.o(.data) for __microlib_freelist
    mallocra.o(i.__malloc$realloc$memalign) refers to mallocra.o(i.__aligned_malloc$realloc) for __aligned_malloc$realloc
    mallocra.o(i.__realloc$memalign) refers to mallocra.o(i.__free$realloc$memalign) for __free$realloc$memalign
    mallocra.o(i.__realloc$memalign) refers to mallocra.o(i.internal_alloc) for internal_alloc
    mallocra.o(i.__realloc$memalign) refers to mallocra.o(i.__malloc$realloc$memalign) for __malloc$realloc$memalign
    mallocra.o(i.__realloc$memalign) refers to mvars.o(.data) for __microlib_freelist
    mallocra.o(i.internal_alloc) refers to memcpya.o(.text) for __aeabi_memcpy
    mallocra.o(i.internal_alloc) refers to mvars.o(.data) for __microlib_freelist
    fadd.o(.text) refers (Special) to iusefp.o(.text) for __I$use$fp
    fadd.o(.text) refers to fepilogue.o(.text) for _float_epilogue
    fmul.o(.text) refers (Special) to iusefp.o(.text) for __I$use$fp
    fdiv.o(.text) refers (Special) to iusefp.o(.text) for __I$use$fp
    fdiv.o(.text) refers to fepilogue.o(.text) for _float_round
    dadd.o(.text) refers (Special) to iusefp.o(.text) for __I$use$fp
    dadd.o(.text) refers to llshl.o(.text) for __aeabi_llsl
    dadd.o(.text) refers to llsshr.o(.text) for __aeabi_lasr
    dadd.o(.text) refers to depilogue.o(.text) for _double_epilogue
    fflti.o(.text) refers (Special) to iusefp.o(.text) for __I$use$fp
    fflti.o(.text) refers to fepilogue.o(.text) for _float_epilogue
    ffltui.o(.text) refers (Special) to iusefp.o(.text) for __I$use$fp
    ffltui.o(.text) refers to fepilogue.o(.text) for _float_epilogue
    ffixi.o(.text) refers (Special) to iusefp.o(.text) for __I$use$fp
    ffixui.o(.text) refers (Special) to iusefp.o(.text) for __I$use$fp
    dfixui.o(.text) refers (Special) to iusefp.o(.text) for __I$use$fp
    dfixui.o(.text) refers to llushr.o(.text) for __aeabi_llsr
    f2d.o(.text) refers (Special) to iusefp.o(.text) for __I$use$fp
    entry2.o(.ARM.Collect$$$$00000001) refers to entry2.o(.ARM.Collect$$$$00002712) for __lit__00000000
    entry2.o(.ARM.Collect$$$$00002712) refers to startup_cw32f030.o(STACK) for __initial_sp
    entry2.o(__vectab_stack_and_reset_area) refers to startup_cw32f030.o(STACK) for __initial_sp
    entry2.o(__vectab_stack_and_reset_area) refers to entry.o(.ARM.Collect$$$$00000000) for __main
    entry5.o(.ARM.Collect$$$$00000004) refers to init.o(.text) for __scatterload
    entry9a.o(.ARM.Collect$$$$0000000B) refers to main.o(i.main) for main
    entry9b.o(.ARM.Collect$$$$0000000C) refers to main.o(i.main) for main
    uldiv.o(.text) refers to llushr.o(.text) for __aeabi_llsr
    uldiv.o(.text) refers to llshl.o(.text) for __aeabi_llsl
    depilogue.o(.text) refers to depilogue.o(i.__ARM_clz) for __ARM_clz
    depilogue.o(.text) refers to llshl.o(.text) for __aeabi_llsl
    depilogue.o(.text) refers to llushr.o(.text) for __aeabi_llsr
    dmul.o(.text) refers to depilogue.o(.text) for _double_epilogue
    ddiv.o(.text) refers to depilogue.o(.text) for _double_round
    dfixul.o(.text) refers to llushr.o(.text) for __aeabi_llsr
    dfixul.o(.text) refers to llshl.o(.text) for __aeabi_llsl
    init.o(.text) refers to entry5.o(.ARM.Collect$$$$00000004) for __main_after_scatterload


==============================================================================

Removing Unused input sections from the image.

    Removing interrupts_cw32f030.o(.rev16_text), (4 bytes).
    Removing interrupts_cw32f030.o(.revsh_text), (4 bytes).
    Removing startup_cw32f030.o(HEAP), (512 bytes).
    Removing main.o(.rev16_text), (4 bytes).
    Removing main.o(.revsh_text), (4 bytes).
    Removing main.o(i.fputc), (36 bytes).
    Removing oled_i2c.o(.rev16_text), (4 bytes).
    Removing oled_i2c.o(.revsh_text), (4 bytes).
    Removing oled_i2c.o(i.I2C_MasterWriteEepromData1), (178 bytes).
    Removing oled_i2c.o(i.I2C_OLED_Clear), (88 bytes).
    Removing oled_i2c.o(i.I2C_OLED_ClearPoint), (204 bytes).
    Removing oled_i2c.o(i.I2C_OLED_Clear_Line), (32 bytes).
    Removing oled_i2c.o(i.I2C_OLED_DisPlay_Off), (22 bytes).
    Removing oled_i2c.o(i.I2C_OLED_DisPlay_On), (22 bytes).
    Removing oled_i2c.o(i.I2C_OLED_DrawCircle), (154 bytes).
    Removing oled_i2c.o(i.I2C_OLED_DrawLine), (184 bytes).
    Removing oled_i2c.o(i.I2C_OLED_DrawPoint), (104 bytes).
    Removing oled_i2c.o(i.I2C_OLED_Init), (160 bytes).
    Removing oled_i2c.o(i.I2C_OLED_Move), (208 bytes).
    Removing oled_i2c.o(i.I2C_OLED_Pow), (26 bytes).
    Removing oled_i2c.o(i.I2C_OLED_Print), (264 bytes).
    Removing oled_i2c.o(i.I2C_OLED_ShowChar), (168 bytes).
    Removing oled_i2c.o(i.I2C_OLED_ShowChar_CH), (112 bytes).
    Removing oled_i2c.o(i.I2C_OLED_ShowPicture), (100 bytes).
    Removing oled_i2c.o(i.I2C_OLED_ShowString), (180 bytes).
    Removing oled_i2c.o(i.I2C_OLED_UPdata), (104 bytes).
    Removing oled_i2c.o(i.I2C_init), (144 bytes).
    Removing oled_i2c.o(i.OLED_StrEscCharacter), (632 bytes).
    Removing oled_i2c.o(i.WriteCmd), (20 bytes).
    Removing oled_i2c.o(i.WriteDat), (20 bytes).
    Removing oled_i2c.o(.bss), (1024 bytes).
    Removing oled_i2c.o(.constdata), (15200 bytes).
    Removing oled_i2c.o(.data), (10 bytes).
    Removing font.o(.rev16_text), (4 bytes).
    Removing font.o(.revsh_text), (4 bytes).
    Removing font.o(i.GetConslonsCode_from_EXFlash), (58 bytes).
    Removing font.o(i.GetGBKCode_from_EXFlash), (36 bytes).
    Removing font.o(.constdata), (15200 bytes).
    Removing font.o(.data), (72 bytes).
    Removing cw32f030_adc.o(.rev16_text), (4 bytes).
    Removing cw32f030_adc.o(.revsh_text), (4 bytes).
    Removing cw32f030_adc.o(i.ADC_AutoStop), (20 bytes).
    Removing cw32f030_adc.o(i.ADC_BufEnSerialCh), (68 bytes).
    Removing cw32f030_adc.o(i.ADC_BufEnSingleCh), (68 bytes).
    Removing cw32f030_adc.o(i.ADC_ClearITPendingAll), (20 bytes).
    Removing cw32f030_adc.o(i.ADC_ClearITPendingBit), (16 bytes).
    Removing cw32f030_adc.o(i.ADC_ClrAccResult), (20 bytes).
    Removing cw32f030_adc.o(i.ADC_DMACmd), (36 bytes).
    Removing cw32f030_adc.o(i.ADC_DMADisable), (20 bytes).
    Removing cw32f030_adc.o(i.ADC_DMAEnable), (20 bytes).
    Removing cw32f030_adc.o(i.ADC_DeInit), (32 bytes).
    Removing cw32f030_adc.o(i.ADC_Disable), (20 bytes).
    Removing cw32f030_adc.o(i.ADC_DisableIrq), (24 bytes).
    Removing cw32f030_adc.o(i.ADC_DisableNvic), (52 bytes).
    Removing cw32f030_adc.o(i.ADC_Enable), (32 bytes).
    Removing cw32f030_adc.o(i.ADC_EnableIrq), (12 bytes).
    Removing cw32f030_adc.o(i.ADC_EnableNvic), (56 bytes).
    Removing cw32f030_adc.o(i.ADC_ExtTrigCfg), (40 bytes).
    Removing cw32f030_adc.o(i.ADC_GetAccResult), (20 bytes).
    Removing cw32f030_adc.o(i.ADC_GetConversionValue), (12 bytes).
    Removing cw32f030_adc.o(i.ADC_GetITStatus), (24 bytes).
    Removing cw32f030_adc.o(i.ADC_GetITStatusAll), (12 bytes).
    Removing cw32f030_adc.o(i.ADC_GetSqr0Result), (20 bytes).
    Removing cw32f030_adc.o(i.ADC_GetSqr1Result), (20 bytes).
    Removing cw32f030_adc.o(i.ADC_GetSqr2Result), (20 bytes).
    Removing cw32f030_adc.o(i.ADC_GetSqr3Result), (20 bytes).
    Removing cw32f030_adc.o(i.ADC_GetTsVref1V5), (68 bytes).
    Removing cw32f030_adc.o(i.ADC_GetTsVref2V5), (72 bytes).
    Removing cw32f030_adc.o(i.ADC_ITConfig), (40 bytes).
    Removing cw32f030_adc.o(i.ADC_Init), (96 bytes).
    Removing cw32f030_adc.o(i.ADC_SerialChBreakModeCfg), (32 bytes).
    Removing cw32f030_adc.o(i.ADC_SerialChCommon), (82 bytes).
    Removing cw32f030_adc.o(i.ADC_SerialChContinuousModeCfg), (32 bytes).
    Removing cw32f030_adc.o(i.ADC_SerialChMoreModeCfg), (56 bytes).
    Removing cw32f030_adc.o(i.ADC_SerialChScanModeCfg), (32 bytes).
    Removing cw32f030_adc.o(i.ADC_SetAlign), (20 bytes).
    Removing cw32f030_adc.o(i.ADC_SetDiscard), (20 bytes).
    Removing cw32f030_adc.o(i.ADC_SetTs), (20 bytes).
    Removing cw32f030_adc.o(i.ADC_SetVref), (20 bytes).
    Removing cw32f030_adc.o(i.ADC_SingleChCommon), (64 bytes).
    Removing cw32f030_adc.o(i.ADC_SingleChContinuousModeCfg), (32 bytes).
    Removing cw32f030_adc.o(i.ADC_SingleChMoreModeCfg), (56 bytes).
    Removing cw32f030_adc.o(i.ADC_SingleChOneModeCfg), (28 bytes).
    Removing cw32f030_adc.o(i.ADC_SoftwareStartConvCmd), (36 bytes).
    Removing cw32f030_adc.o(i.ADC_Sqr01ChannelCfg), (52 bytes).
    Removing cw32f030_adc.o(i.ADC_Sqr02ChannelCfg), (64 bytes).
    Removing cw32f030_adc.o(i.ADC_Sqr03ChannelCfg), (72 bytes).
    Removing cw32f030_adc.o(i.ADC_Sqr0ChannelCfg), (40 bytes).
    Removing cw32f030_adc.o(i.ADC_StructInit), (26 bytes).
    Removing cw32f030_adc.o(i.ADC_WdtConfig), (84 bytes).
    Removing cw32f030_adc.o(i.ADC_WdtInit), (28 bytes).
    Removing cw32f030_adc.o(i.__NVIC_ClearPendingIRQ), (24 bytes).
    Removing cw32f030_adc.o(i.__NVIC_SetPriority), (120 bytes).
    Removing cw32f030_atim.o(.rev16_text), (4 bytes).
    Removing cw32f030_atim.o(.revsh_text), (4 bytes).
    Removing cw32f030_atim.o(i.ATIM_ADCTriggerConfig), (36 bytes).
    Removing cw32f030_atim.o(i.ATIM_BrakeConfig), (28 bytes).
    Removing cw32f030_atim.o(i.ATIM_CH1Config), (32 bytes).
    Removing cw32f030_atim.o(i.ATIM_CH2Config), (32 bytes).
    Removing cw32f030_atim.o(i.ATIM_CH3Config), (32 bytes).
    Removing cw32f030_atim.o(i.ATIM_CH4Config), (32 bytes).
    Removing cw32f030_atim.o(i.ATIM_ClearITPendingBit), (12 bytes).
    Removing cw32f030_atim.o(i.ATIM_Cmd), (24 bytes).
    Removing cw32f030_atim.o(i.ATIM_CtrlPWMOutputs), (32 bytes).
    Removing cw32f030_atim.o(i.ATIM_DeInit), (32 bytes).
    Removing cw32f030_atim.o(i.ATIM_ETRConfig), (24 bytes).
    Removing cw32f030_atim.o(i.ATIM_GetCapture1A), (12 bytes).
    Removing cw32f030_atim.o(i.ATIM_GetCapture1B), (12 bytes).
    Removing cw32f030_atim.o(i.ATIM_GetCapture2A), (12 bytes).
    Removing cw32f030_atim.o(i.ATIM_GetCapture2B), (12 bytes).
    Removing cw32f030_atim.o(i.ATIM_GetCapture3A), (12 bytes).
    Removing cw32f030_atim.o(i.ATIM_GetCapture3B), (12 bytes).
    Removing cw32f030_atim.o(i.ATIM_GetITStatus), (24 bytes).
    Removing cw32f030_atim.o(i.ATIM_IC1AInit), (48 bytes).
    Removing cw32f030_atim.o(i.ATIM_IC1BInit), (52 bytes).
    Removing cw32f030_atim.o(i.ATIM_IC2AInit), (52 bytes).
    Removing cw32f030_atim.o(i.ATIM_IC2BInit), (56 bytes).
    Removing cw32f030_atim.o(i.ATIM_IC3AInit), (52 bytes).
    Removing cw32f030_atim.o(i.ATIM_IC3BInit), (56 bytes).
    Removing cw32f030_atim.o(i.ATIM_ITConfig), (32 bytes).
    Removing cw32f030_atim.o(i.ATIM_Init), (104 bytes).
    Removing cw32f030_atim.o(i.ATIM_MasterModeConfig), (24 bytes).
    Removing cw32f030_atim.o(i.ATIM_OC1AInit), (116 bytes).
    Removing cw32f030_atim.o(i.ATIM_OC1BInit), (96 bytes).
    Removing cw32f030_atim.o(i.ATIM_OC2AInit), (120 bytes).
    Removing cw32f030_atim.o(i.ATIM_OC2BInit), (100 bytes).
    Removing cw32f030_atim.o(i.ATIM_OC3AInit), (120 bytes).
    Removing cw32f030_atim.o(i.ATIM_OC3BInit), (100 bytes).
    Removing cw32f030_atim.o(i.ATIM_OC4Init), (64 bytes).
    Removing cw32f030_atim.o(i.ATIM_PWMOutputConfig), (76 bytes).
    Removing cw32f030_atim.o(i.ATIM_SetCompare1A), (12 bytes).
    Removing cw32f030_atim.o(i.ATIM_SetCompare1B), (12 bytes).
    Removing cw32f030_atim.o(i.ATIM_SetCompare2A), (12 bytes).
    Removing cw32f030_atim.o(i.ATIM_SetCompare2B), (12 bytes).
    Removing cw32f030_atim.o(i.ATIM_SetCompare3A), (12 bytes).
    Removing cw32f030_atim.o(i.ATIM_SetCompare3B), (12 bytes).
    Removing cw32f030_atim.o(i.ATIM_SetCompare4), (12 bytes).
    Removing cw32f030_atim.o(i.ATIM_SetReloadValue), (12 bytes).
    Removing cw32f030_atim.o(i.ATIM_SlaverModeConfig), (32 bytes).
    Removing cw32f030_atim.o(i.ATIM_TriggerSelect), (28 bytes).
    Removing cw32f030_atim.o(i.ATIM_UpdateEventSelect), (32 bytes).
    Removing cw32f030_awt.o(.rev16_text), (4 bytes).
    Removing cw32f030_awt.o(.revsh_text), (4 bytes).
    Removing cw32f030_awt.o(i.AWT_ClearITPendingBit), (16 bytes).
    Removing cw32f030_awt.o(i.AWT_ClkSourceConfig), (24 bytes).
    Removing cw32f030_awt.o(i.AWT_Cmd), (36 bytes).
    Removing cw32f030_awt.o(i.AWT_DeInit), (28 bytes).
    Removing cw32f030_awt.o(i.AWT_GetAutoreload), (12 bytes).
    Removing cw32f030_awt.o(i.AWT_GetClkSource), (16 bytes).
    Removing cw32f030_awt.o(i.AWT_GetCounter), (12 bytes).
    Removing cw32f030_awt.o(i.AWT_GetITStatus), (24 bytes).
    Removing cw32f030_awt.o(i.AWT_GetPrescaler), (16 bytes).
    Removing cw32f030_awt.o(i.AWT_ITConfig), (32 bytes).
    Removing cw32f030_awt.o(i.AWT_PrescalerConfig), (20 bytes).
    Removing cw32f030_awt.o(i.AWT_TimeCntInit), (40 bytes).
    Removing cw32f030_awt.o(i.AWT_TimeCntStructInit), (24 bytes).
    Removing cw32f030_btim.o(.rev16_text), (4 bytes).
    Removing cw32f030_btim.o(.revsh_text), (4 bytes).
    Removing cw32f030_btim.o(i.BTIM_DMACmd), (20 bytes).
    Removing cw32f030_btim.o(i.BTIM_DeInit), (28 bytes).
    Removing cw32f030_btim.o(i.BTIM_ETRConfig), (24 bytes).
    Removing cw32f030_btim.o(i.BTIM_GetAutoreload), (8 bytes).
    Removing cw32f030_btim.o(i.BTIM_GetCounter), (8 bytes).
    Removing cw32f030_btim.o(i.BTIM_GetPrescaler), (10 bytes).
    Removing cw32f030_btim.o(i.BTIM_ModeConfig), (12 bytes).
    Removing cw32f030_btim.o(i.BTIM_OutputToggleCmd), (24 bytes).
    Removing cw32f030_btim.o(i.BTIM_PrescalerConfig), (34 bytes).
    Removing cw32f030_btim.o(i.BTIM_SelectETRInputPolarity), (12 bytes).
    Removing cw32f030_btim.o(i.BTIM_SelectInputTrigger), (12 bytes).
    Removing cw32f030_btim.o(i.BTIM_SelectOnePulseMode), (12 bytes).
    Removing cw32f030_btim.o(i.BTIM_SetAutoreload), (4 bytes).
    Removing cw32f030_btim.o(i.BTIM_SetCounter), (4 bytes).
    Removing cw32f030_btim.o(i.BTIM_TimeBaseStructInit), (12 bytes).
    Removing cw32f030_crc.o(.rev16_text), (4 bytes).
    Removing cw32f030_crc.o(.revsh_text), (4 bytes).
    Removing cw32f030_crc.o(i.CRC16_Calc_16bit), (36 bytes).
    Removing cw32f030_crc.o(i.CRC16_Calc_32bit), (36 bytes).
    Removing cw32f030_crc.o(i.CRC16_Calc_8bit), (36 bytes).
    Removing cw32f030_crc.o(i.CRC32_Calc_16bit), (36 bytes).
    Removing cw32f030_crc.o(i.CRC32_Calc_32bit), (36 bytes).
    Removing cw32f030_crc.o(i.CRC32_Calc_8bit), (36 bytes).
    Removing cw32f030_debug.o(.rev16_text), (4 bytes).
    Removing cw32f030_debug.o(.revsh_text), (4 bytes).
    Removing cw32f030_debug.o(i.DBGMCU_Config), (32 bytes).
    Removing cw32f030_digitalsign.o(.rev16_text), (4 bytes).
    Removing cw32f030_digitalsign.o(.revsh_text), (4 bytes).
    Removing cw32f030_digitalsign.o(i.DIGITALSIGN_GetChipType), (26 bytes).
    Removing cw32f030_digitalsign.o(i.DIGITALSIGN_GetChipUid), (28 bytes).
    Removing cw32f030_digitalsign.o(i.DIGITALSIGN_GetFlashSize), (8 bytes).
    Removing cw32f030_digitalsign.o(i.DIGITALSIGN_GetPinCount), (12 bytes).
    Removing cw32f030_digitalsign.o(i.DIGITALSIGN_GetRamSize), (8 bytes).
    Removing cw32f030_dma.o(.rev16_text), (4 bytes).
    Removing cw32f030_dma.o(.revsh_text), (4 bytes).
    Removing cw32f030_dma.o(i.DMA_Cmd), (24 bytes).
    Removing cw32f030_dma.o(i.DMA_DeInit), (28 bytes).
    Removing cw32f030_dma.o(i.DMA_GetFlagStatus), (10 bytes).
    Removing cw32f030_dma.o(i.DMA_ITConfig), (20 bytes).
    Removing cw32f030_dma.o(i.DMA_Init), (60 bytes).
    Removing cw32f030_dma.o(i.DMA_SWTrigCmd), (10 bytes).
    Removing cw32f030_dma.o(i.DMA_StructInit), (24 bytes).
    Removing cw32f030_flash.o(.rev16_text), (4 bytes).
    Removing cw32f030_flash.o(.revsh_text), (4 bytes).
    Removing cw32f030_flash.o(i.FLASH_CacheCmd), (20 bytes).
    Removing cw32f030_flash.o(i.FLASH_ClearITPendingBit), (16 bytes).
    Removing cw32f030_flash.o(i.FLASH_ErasePage), (120 bytes).
    Removing cw32f030_flash.o(i.FLASH_ErasePages), (140 bytes).
    Removing cw32f030_flash.o(i.FLASH_GetCacheStatus), (16 bytes).
    Removing cw32f030_flash.o(i.FLASH_GetITStatus), (24 bytes).
    Removing cw32f030_flash.o(i.FLASH_GetPrefetchStatus), (16 bytes).
    Removing cw32f030_flash.o(i.FLASH_GetReadOutLevel), (16 bytes).
    Removing cw32f030_flash.o(i.FLASH_GetStatus), (64 bytes).
    Removing cw32f030_flash.o(i.FLASH_ITConfig), (32 bytes).
    Removing cw32f030_flash.o(i.FLASH_LockAllPages), (16 bytes).
    Removing cw32f030_flash.o(i.FLASH_LockPage), (48 bytes).
    Removing cw32f030_flash.o(i.FLASH_LockPages), (68 bytes).
    Removing cw32f030_flash.o(i.FLASH_PrefetchCmd), (20 bytes).
    Removing cw32f030_flash.o(i.FLASH_SetReadOutLevel), (52 bytes).
    Removing cw32f030_flash.o(i.FLASH_UnlockAllPages), (16 bytes).
    Removing cw32f030_flash.o(i.FLASH_UnlockPage), (48 bytes).
    Removing cw32f030_flash.o(i.FLASH_UnlockPages), (68 bytes).
    Removing cw32f030_flash.o(i.FLASH_WirteBytes), (140 bytes).
    Removing cw32f030_gpio.o(.rev16_text), (4 bytes).
    Removing cw32f030_gpio.o(.revsh_text), (4 bytes).
    Removing cw32f030_gpio.o(i.GPIO_ConfigFilter), (8 bytes).
    Removing cw32f030_gpio.o(i.GPIO_DeInit), (56 bytes).
    Removing cw32f030_gpio.o(i.GPIO_GPIO2SWD), (28 bytes).
    Removing cw32f030_gpio.o(i.GPIO_HighByte_Write), (6 bytes).
    Removing cw32f030_gpio.o(i.GPIO_LockPin), (8 bytes).
    Removing cw32f030_gpio.o(i.GPIO_LowByte_Write), (6 bytes).
    Removing cw32f030_gpio.o(i.GPIO_ReadPin), (18 bytes).
    Removing cw32f030_gpio.o(i.GPIO_SWD2GPIO), (24 bytes).
    Removing cw32f030_gpio.o(i.GPIO_TogglePin), (4 bytes).
    Removing cw32f030_gpio.o(i.GPIO_WritePin), (12 bytes).
    Removing cw32f030_gtim.o(.rev16_text), (4 bytes).
    Removing cw32f030_gtim.o(.revsh_text), (4 bytes).
    Removing cw32f030_gtim.o(i.GTIM1_DeInit), (32 bytes).
    Removing cw32f030_gtim.o(i.GTIM1_ITRConfig), (44 bytes).
    Removing cw32f030_gtim.o(i.GTIM2_DeInit), (32 bytes).
    Removing cw32f030_gtim.o(i.GTIM2_ITRConfig), (48 bytes).
    Removing cw32f030_gtim.o(i.GTIM3_DeInit), (36 bytes).
    Removing cw32f030_gtim.o(i.GTIM3_ITRConfig), (48 bytes).
    Removing cw32f030_gtim.o(i.GTIM4_DeInit), (36 bytes).
    Removing cw32f030_gtim.o(i.GTIM4_ITRConfig), (44 bytes).
    Removing cw32f030_gtim.o(i.GTIM_ClearITPendingBit), (12 bytes).
    Removing cw32f030_gtim.o(i.GTIM_Cmd), (28 bytes).
    Removing cw32f030_gtim.o(i.GTIM_DMAConfig), (46 bytes).
    Removing cw32f030_gtim.o(i.GTIM_ETRConfig), (46 bytes).
    Removing cw32f030_gtim.o(i.GTIM_EncodeInit), (94 bytes).
    Removing cw32f030_gtim.o(i.GTIM_GetCapture1), (12 bytes).
    Removing cw32f030_gtim.o(i.GTIM_GetCapture2), (12 bytes).
    Removing cw32f030_gtim.o(i.GTIM_GetCapture3), (12 bytes).
    Removing cw32f030_gtim.o(i.GTIM_GetCapture4), (12 bytes).
    Removing cw32f030_gtim.o(i.GTIM_GetITStatus), (24 bytes).
    Removing cw32f030_gtim.o(i.GTIM_ICChannelConfig), (34 bytes).
    Removing cw32f030_gtim.o(i.GTIM_ICInit), (72 bytes).
    Removing cw32f030_gtim.o(i.GTIM_ITConfig), (46 bytes).
    Removing cw32f030_gtim.o(i.GTIM_OCInit), (32 bytes).
    Removing cw32f030_gtim.o(i.GTIM_SetCompare1), (12 bytes).
    Removing cw32f030_gtim.o(i.GTIM_SetCompare2), (12 bytes).
    Removing cw32f030_gtim.o(i.GTIM_SetCompare3), (12 bytes).
    Removing cw32f030_gtim.o(i.GTIM_SetCompare4), (12 bytes).
    Removing cw32f030_gtim.o(i.GTIM_SetCounterValue), (10 bytes).
    Removing cw32f030_gtim.o(i.GTIM_SetPrescaler), (26 bytes).
    Removing cw32f030_gtim.o(i.GTIM_SetReloadValue), (10 bytes).
    Removing cw32f030_gtim.o(i.GTIM_TimeBaseInit), (64 bytes).
    Removing cw32f030_i2c.o(.rev16_text), (4 bytes).
    Removing cw32f030_i2c.o(.revsh_text), (4 bytes).
    Removing cw32f030_i2c.o(i.I2C1_DeInit), (44 bytes).
    Removing cw32f030_i2c.o(i.I2C1_SoftwareResetCmd), (44 bytes).
    Removing cw32f030_i2c.o(i.I2C2_DeInit), (44 bytes).
    Removing cw32f030_i2c.o(i.I2C2_SoftwareResetCmd), (44 bytes).
    Removing cw32f030_i2c.o(i.I2C_AcknowledgeConfig), (26 bytes).
    Removing cw32f030_i2c.o(i.I2C_BaudGeneratorEnable), (26 bytes).
    Removing cw32f030_i2c.o(i.I2C_ClearIrq), (10 bytes).
    Removing cw32f030_i2c.o(i.I2C_Cmd), (26 bytes).
    Removing cw32f030_i2c.o(i.I2C_FilterConfig), (26 bytes).
    Removing cw32f030_i2c.o(i.I2C_GcConfig), (26 bytes).
    Removing cw32f030_i2c.o(i.I2C_GenerateSTART), (52 bytes).
    Removing cw32f030_i2c.o(i.I2C_GenerateSTOP), (26 bytes).
    Removing cw32f030_i2c.o(i.I2C_GetIrq), (12 bytes).
    Removing cw32f030_i2c.o(i.I2C_GetState), (8 bytes).
    Removing cw32f030_i2c.o(i.I2C_MasterReadEepomData), (256 bytes).
    Removing cw32f030_i2c.o(i.I2C_MasterRecDataFromSlave), (220 bytes).
    Removing cw32f030_i2c.o(i.I2C_MasterSendDataToSlave), (166 bytes).
    Removing cw32f030_i2c.o(i.I2C_MasterWriteEepromData), (174 bytes).
    Removing cw32f030_i2c.o(i.I2C_Master_Init), (54 bytes).
    Removing cw32f030_i2c.o(i.I2C_ReceiveData), (8 bytes).
    Removing cw32f030_i2c.o(i.I2C_Send7bitAddress), (18 bytes).
    Removing cw32f030_i2c.o(i.I2C_SendData), (4 bytes).
    Removing cw32f030_i2c.o(i.I2C_SetBaud), (4 bytes).
    Removing cw32f030_i2c.o(i.I2C_SetOwnSlaveAddress0), (22 bytes).
    Removing cw32f030_i2c.o(i.I2C_SetOwnSlaveAddress1), (22 bytes).
    Removing cw32f030_i2c.o(i.I2C_SetOwnSlaveAddress2), (22 bytes).
    Removing cw32f030_i2c.o(i.I2C_SlaveRecDataFromMaster), (118 bytes).
    Removing cw32f030_i2c.o(i.I2C_SlaveSendDataToMaster), (124 bytes).
    Removing cw32f030_i2c.o(i.I2C_Slave_Init), (56 bytes).
    Removing cw32f030_iwdt.o(.rev16_text), (4 bytes).
    Removing cw32f030_iwdt.o(.revsh_text), (4 bytes).
    Removing cw32f030_iwdt.o(i.IWDT_DeInit), (32 bytes).
    Removing cw32f030_iwdt.o(i.IWDT_GetCounterValue), (20 bytes).
    Removing cw32f030_iwdt.o(i.IWDT_GetFlagStatus), (16 bytes).
    Removing cw32f030_iwdt.o(i.IWDT_ITConfig), (72 bytes).
    Removing cw32f030_iwdt.o(i.IWDT_Init), (84 bytes).
    Removing cw32f030_iwdt.o(i.IWDT_SetPrescaler), (56 bytes).
    Removing cw32f030_iwdt.o(i.IWDT_SetReloadValue), (44 bytes).
    Removing cw32f030_iwdt.o(i.IWDT_SetWindowValue), (44 bytes).
    Removing cw32f030_lvd.o(.rev16_text), (4 bytes).
    Removing cw32f030_lvd.o(.revsh_text), (4 bytes).
    Removing cw32f030_lvd.o(i.LVD_ClearIrq), (20 bytes).
    Removing cw32f030_lvd.o(i.LVD_DeInit), (12 bytes).
    Removing cw32f030_lvd.o(i.LVD_Disable), (20 bytes).
    Removing cw32f030_lvd.o(i.LVD_DisableIrq), (40 bytes).
    Removing cw32f030_lvd.o(i.LVD_DisableNvic), (44 bytes).
    Removing cw32f030_lvd.o(i.LVD_Enable), (20 bytes).
    Removing cw32f030_lvd.o(i.LVD_EnableIrq), (32 bytes).
    Removing cw32f030_lvd.o(i.LVD_EnableNvic), (52 bytes).
    Removing cw32f030_lvd.o(i.LVD_GetFilterResult), (16 bytes).
    Removing cw32f030_lvd.o(i.LVD_GetFlagStatus), (24 bytes).
    Removing cw32f030_lvd.o(i.LVD_GetIrqStatus), (16 bytes).
    Removing cw32f030_lvd.o(i.LVD_Init), (68 bytes).
    Removing cw32f030_lvd.o(i.LVD_TrigConfig), (40 bytes).
    Removing cw32f030_lvd.o(i.__NVIC_ClearPendingIRQ), (24 bytes).
    Removing cw32f030_lvd.o(i.__NVIC_SetPriority), (120 bytes).
    Removing cw32f030_pwr.o(.rev16_text), (4 bytes).
    Removing cw32f030_pwr.o(.revsh_text), (4 bytes).
    Removing cw32f030_pwr.o(i.PWR_Config), (32 bytes).
    Removing cw32f030_pwr.o(i.PWR_GotoLpmMode), (4 bytes).
    Removing cw32f030_ram.o(.rev16_text), (4 bytes).
    Removing cw32f030_ram.o(.revsh_text), (4 bytes).
    Removing cw32f030_ram.o(i.RAM_ClearITPendingBit), (16 bytes).
    Removing cw32f030_ram.o(i.RAM_GetErrorAddress), (12 bytes).
    Removing cw32f030_ram.o(i.RAM_GetITStatus), (24 bytes).
    Removing cw32f030_ram.o(i.RAM_ITConfig), (32 bytes).
    Removing cw32f030_rcc.o(.rev16_text), (4 bytes).
    Removing cw32f030_rcc.o(.revsh_text), (4 bytes).
    Removing cw32f030_rcc.o(i.RCC_AHBPeriphReset), (32 bytes).
    Removing cw32f030_rcc.o(i.RCC_APBPeriphClk_Enable1), (32 bytes).
    Removing cw32f030_rcc.o(i.RCC_APBPeriphReset1), (32 bytes).
    Removing cw32f030_rcc.o(i.RCC_APBPeriphReset2), (32 bytes).
    Removing cw32f030_rcc.o(i.RCC_ATIMITRSelect), (24 bytes).
    Removing cw32f030_rcc.o(i.RCC_BTIM1ITRSelect), (32 bytes).
    Removing cw32f030_rcc.o(i.RCC_BTIM2ITRSelect), (32 bytes).
    Removing cw32f030_rcc.o(i.RCC_BTIM3ITRSelect), (32 bytes).
    Removing cw32f030_rcc.o(i.RCC_CCS_Config), (48 bytes).
    Removing cw32f030_rcc.o(i.RCC_ClearITPendingBit), (16 bytes).
    Removing cw32f030_rcc.o(i.RCC_ClearRstFlag), (16 bytes).
    Removing cw32f030_rcc.o(i.RCC_DeInit), (132 bytes).
    Removing cw32f030_rcc.o(i.RCC_GTIM1ITRSelect), (28 bytes).
    Removing cw32f030_rcc.o(i.RCC_GTIM2ITRSelect), (32 bytes).
    Removing cw32f030_rcc.o(i.RCC_GTIM3ITRSelect), (32 bytes).
    Removing cw32f030_rcc.o(i.RCC_GTIM4ITRSelect), (32 bytes).
    Removing cw32f030_rcc.o(i.RCC_GetAllRstFlag), (12 bytes).
    Removing cw32f030_rcc.o(i.RCC_GetAllStableFlag), (12 bytes).
    Removing cw32f030_rcc.o(i.RCC_GetITStatus), (24 bytes).
    Removing cw32f030_rcc.o(i.RCC_GetRstFlag), (24 bytes).
    Removing cw32f030_rcc.o(i.RCC_GetStableFlag), (24 bytes).
    Removing cw32f030_rcc.o(i.RCC_HCLK_OUT), (72 bytes).
    Removing cw32f030_rcc.o(i.RCC_HSE_Disable), (28 bytes).
    Removing cw32f030_rcc.o(i.RCC_HSE_Enable), (204 bytes).
    Removing cw32f030_rcc.o(i.RCC_HSE_OUT), (68 bytes).
    Removing cw32f030_rcc.o(i.RCC_HSI_Disable), (28 bytes).
    Removing cw32f030_rcc.o(i.RCC_HSI_OUT), (56 bytes).
    Removing cw32f030_rcc.o(i.RCC_ITConfig), (48 bytes).
    Removing cw32f030_rcc.o(i.RCC_LOCKUP_Config), (32 bytes).
    Removing cw32f030_rcc.o(i.RCC_LSELOCK_Config), (28 bytes).
    Removing cw32f030_rcc.o(i.RCC_LSE_Disable), (28 bytes).
    Removing cw32f030_rcc.o(i.RCC_LSE_Enable), (144 bytes).
    Removing cw32f030_rcc.o(i.RCC_LSE_OUT), (68 bytes).
    Removing cw32f030_rcc.o(i.RCC_LSI_Disable), (28 bytes).
    Removing cw32f030_rcc.o(i.RCC_LSI_Enable), (64 bytes).
    Removing cw32f030_rcc.o(i.RCC_LSI_OUT), (68 bytes).
    Removing cw32f030_rcc.o(i.RCC_MCO_OUT), (72 bytes).
    Removing cw32f030_rcc.o(i.RCC_PCLK_OUT), (72 bytes).
    Removing cw32f030_rcc.o(i.RCC_PLL_Disable), (28 bytes).
    Removing cw32f030_rcc.o(i.RCC_PLL_OUT), (68 bytes).
    Removing cw32f030_rcc.o(i.RCC_SWDIO_Config), (32 bytes).
    Removing cw32f030_rcc.o(i.RCC_SYSCLKSRC_Config), (48 bytes).
    Removing cw32f030_rcc.o(i.RCC_Sysctrl_GetPClkFreq), (32 bytes).
    Removing cw32f030_rcc.o(i.RCC_WAKEUPCLK_Config), (32 bytes).
    Removing cw32f030_rtc.o(.rev16_text), (4 bytes).
    Removing cw32f030_rtc.o(.revsh_text), (4 bytes).
    Removing cw32f030_rtc.o(i.RTC_AWTCmd), (136 bytes).
    Removing cw32f030_rtc.o(i.RTC_AWTConfig), (140 bytes).
    Removing cw32f030_rtc.o(i.RTC_AlarmCmd), (172 bytes).
    Removing cw32f030_rtc.o(i.RTC_BCDToBin), (24 bytes).
    Removing cw32f030_rtc.o(i.RTC_BinToBCD), (28 bytes).
    Removing cw32f030_rtc.o(i.RTC_CalibrationCmd), (140 bytes).
    Removing cw32f030_rtc.o(i.RTC_CalibrationConfig), (140 bytes).
    Removing cw32f030_rtc.o(i.RTC_ClearITPendingBit), (68 bytes).
    Removing cw32f030_rtc.o(i.RTC_Cmd), (84 bytes).
    Removing cw32f030_rtc.o(i.RTC_DeInit), (124 bytes).
    Removing cw32f030_rtc.o(i.RTC_GetAlarm), (124 bytes).
    Removing cw32f030_rtc.o(i.RTC_GetDate), (60 bytes).
    Removing cw32f030_rtc.o(i.RTC_GetITState), (36 bytes).
    Removing cw32f030_rtc.o(i.RTC_GetTamperDate), (48 bytes).
    Removing cw32f030_rtc.o(i.RTC_GetTamperTime), (72 bytes).
    Removing cw32f030_rtc.o(i.RTC_GetTime), (84 bytes).
    Removing cw32f030_rtc.o(i.RTC_ITConfig), (92 bytes).
    Removing cw32f030_rtc.o(i.RTC_Init), (164 bytes).
    Removing cw32f030_rtc.o(i.RTC_OutputConfig), (136 bytes).
    Removing cw32f030_rtc.o(i.RTC_SetAlarm), (156 bytes).
    Removing cw32f030_rtc.o(i.RTC_SetClockSource), (68 bytes).
    Removing cw32f030_rtc.o(i.RTC_SetDate), (88 bytes).
    Removing cw32f030_rtc.o(i.RTC_SetInterval), (132 bytes).
    Removing cw32f030_rtc.o(i.RTC_SetTime), (160 bytes).
    Removing cw32f030_rtc.o(i.RTC_TamperCmd), (136 bytes).
    Removing cw32f030_rtc.o(i.RTC_TamperTriggerConfig), (136 bytes).
    Removing cw32f030_spi.o(.rev16_text), (4 bytes).
    Removing cw32f030_spi.o(.revsh_text), (4 bytes).
    Removing cw32f030_spi.o(i.SPI1_DeInit), (36 bytes).
    Removing cw32f030_spi.o(i.SPI2_DeInit), (32 bytes).
    Removing cw32f030_spi.o(i.SPI_BiDirectionalLineConfig), (4 bytes).
    Removing cw32f030_spi.o(i.SPI_ClearFlag), (8 bytes).
    Removing cw32f030_spi.o(i.SPI_ClearITPendingBit), (8 bytes).
    Removing cw32f030_spi.o(i.SPI_Cmd), (20 bytes).
    Removing cw32f030_spi.o(i.SPI_DMACmd), (20 bytes).
    Removing cw32f030_spi.o(i.SPI_DataSizeConfig), (14 bytes).
    Removing cw32f030_spi.o(i.SPI_FlushSendBuff), (10 bytes).
    Removing cw32f030_spi.o(i.SPI_GetFlagStatus), (18 bytes).
    Removing cw32f030_spi.o(i.SPI_GetITStatus), (18 bytes).
    Removing cw32f030_spi.o(i.SPI_ITConfig), (20 bytes).
    Removing cw32f030_spi.o(i.SPI_Init), (52 bytes).
    Removing cw32f030_spi.o(i.SPI_MISOOutputConfig), (24 bytes).
    Removing cw32f030_spi.o(i.SPI_NSSInternalSoftwareConfig), (4 bytes).
    Removing cw32f030_spi.o(i.SPI_ReceiveData), (8 bytes).
    Removing cw32f030_spi.o(i.SPI_SendData), (4 bytes).
    Removing cw32f030_spi.o(i.SPI_StructInit), (28 bytes).
    Removing cw32f030_systick.o(.rev16_text), (4 bytes).
    Removing cw32f030_systick.o(.revsh_text), (4 bytes).
    Removing cw32f030_systick.o(i.GetTick), (12 bytes).
    Removing cw32f030_systick.o(i.InitTick), (108 bytes).
    Removing cw32f030_systick.o(i.ResumeTick), (20 bytes).
    Removing cw32f030_systick.o(i.SuspendTick), (20 bytes).
    Removing cw32f030_systick.o(i.SysTickDelay), (44 bytes).
    Removing cw32f030_systick.o(i.__NVIC_SetPriority), (120 bytes).
    Removing cw32f030_uart.o(.rev16_text), (4 bytes).
    Removing cw32f030_uart.o(.revsh_text), (4 bytes).
    Removing cw32f030_uart.o(i.UART1_DeInit), (36 bytes).
    Removing cw32f030_uart.o(i.UART2_DeInit), (32 bytes).
    Removing cw32f030_uart.o(i.UART3_DeInit), (36 bytes).
    Removing cw32f030_uart.o(i.USART_ClockInit), (28 bytes).
    Removing cw32f030_uart.o(i.USART_ClockStructInit), (8 bytes).
    Removing cw32f030_uart.o(i.USART_DMACmd), (26 bytes).
    Removing cw32f030_uart.o(i.USART_HalfDuplexCmd), (20 bytes).
    Removing cw32f030_uart.o(i.USART_ReceiveData), (10 bytes).
    Removing cw32f030_uart.o(i.USART_SendData_8bit), (4 bytes).
    Removing cw32f030_uart.o(i.USART_SetMultiMode), (32 bytes).
    Removing cw32f030_uart.o(i.USART_StructInit), (28 bytes).
    Removing cw32f030_uart.o(i.USART_TxRxEN), (26 bytes).
    Removing cw32f030_uart.o(i.USART_TxRxINV), (26 bytes).
    Removing cw32f030_vc.o(.rev16_text), (4 bytes).
    Removing cw32f030_vc.o(.revsh_text), (4 bytes).
    Removing cw32f030_vc.o(i.VC1VC2_BlankInit), (12 bytes).
    Removing cw32f030_vc.o(i.VC1VC2_DIVDeInit), (16 bytes).
    Removing cw32f030_vc.o(i.VC1VC2_DIVInit), (92 bytes).
    Removing cw32f030_vc.o(i.VC1VC2_INNInit), (112 bytes).
    Removing cw32f030_vc.o(i.VC1VC2_OutInit), (8 bytes).
    Removing cw32f030_vc.o(i.VC1_BlankCfg), (36 bytes).
    Removing cw32f030_vc.o(i.VC1_ChannelDeInit), (24 bytes).
    Removing cw32f030_vc.o(i.VC1_ChannelInit), (80 bytes).
    Removing cw32f030_vc.o(i.VC1_ClearIrq), (20 bytes).
    Removing cw32f030_vc.o(i.VC1_DisableChannel), (20 bytes).
    Removing cw32f030_vc.o(i.VC1_DisableFilter), (20 bytes).
    Removing cw32f030_vc.o(i.VC1_DisableIrq), (28 bytes).
    Removing cw32f030_vc.o(i.VC1_EnableChannel), (32 bytes).
    Removing cw32f030_vc.o(i.VC1_EnableFilter), (20 bytes).
    Removing cw32f030_vc.o(i.VC1_EnableIrq), (32 bytes).
    Removing cw32f030_vc.o(i.VC1_GetFlagStatus), (24 bytes).
    Removing cw32f030_vc.o(i.VC1_ITConfig), (32 bytes).
    Removing cw32f030_vc.o(i.VC1_OutputCfg), (28 bytes).
    Removing cw32f030_vc.o(i.VC1_PolarityCfg), (36 bytes).
    Removing cw32f030_vc.o(i.VC1_WindowEnable), (36 bytes).
    Removing cw32f030_vc.o(i.VC2_BlankCfg), (36 bytes).
    Removing cw32f030_vc.o(i.VC2_ChannelDeInit), (24 bytes).
    Removing cw32f030_vc.o(i.VC2_ChannelInit), (80 bytes).
    Removing cw32f030_vc.o(i.VC2_ClearIrq), (20 bytes).
    Removing cw32f030_vc.o(i.VC2_DisableChannel), (20 bytes).
    Removing cw32f030_vc.o(i.VC2_DisableFilter), (20 bytes).
    Removing cw32f030_vc.o(i.VC2_DisableIrq), (28 bytes).
    Removing cw32f030_vc.o(i.VC2_EnableChannel), (32 bytes).
    Removing cw32f030_vc.o(i.VC2_EnableFilter), (20 bytes).
    Removing cw32f030_vc.o(i.VC2_EnableIrq), (32 bytes).
    Removing cw32f030_vc.o(i.VC2_GetFlagStatus), (24 bytes).
    Removing cw32f030_vc.o(i.VC2_ITConfig), (40 bytes).
    Removing cw32f030_vc.o(i.VC2_OutputCfg), (28 bytes).
    Removing cw32f030_vc.o(i.VC2_PolarityCfg), (36 bytes).
    Removing cw32f030_vc.o(i.VC2_WindowEnable), (36 bytes).
    Removing cw32f030_vc.o(i.VC_DeInit), (40 bytes).
    Removing cw32f030_vc.o(i.VC_DisableNvic), (44 bytes).
    Removing cw32f030_vc.o(i.VC_EnableNvic), (60 bytes).
    Removing cw32f030_vc.o(i.__NVIC_ClearPendingIRQ), (24 bytes).
    Removing cw32f030_vc.o(i.__NVIC_SetPriority), (120 bytes).
    Removing cw32f030_wwdt.o(.rev16_text), (4 bytes).
    Removing cw32f030_wwdt.o(.revsh_text), (4 bytes).
    Removing cw32f030_wwdt.o(i.WWDT_ClearFlag), (20 bytes).
    Removing cw32f030_wwdt.o(i.WWDT_Cmd), (20 bytes).
    Removing cw32f030_wwdt.o(i.WWDT_DeInit), (32 bytes).
    Removing cw32f030_wwdt.o(i.WWDT_EnableIT), (24 bytes).
    Removing cw32f030_wwdt.o(i.WWDT_GetCounterValue), (16 bytes).
    Removing cw32f030_wwdt.o(i.WWDT_GetFlagStatus), (12 bytes).
    Removing cw32f030_wwdt.o(i.WWDT_GetWindowValue), (16 bytes).
    Removing cw32f030_wwdt.o(i.WWDT_Init), (76 bytes).
    Removing cw32f030_wwdt.o(i.WWDT_Refresh), (24 bytes).
    Removing cw32f030_wwdt.o(i.WWDT_SetPrescaler), (24 bytes).
    Removing cw32f030_wwdt.o(i.WWDT_SetWindowValue), (24 bytes).
    Removing system_cw32f030.o(.rev16_text), (4 bytes).
    Removing system_cw32f030.o(.revsh_text), (4 bytes).
    Removing system_cw32f030.o(i.FirmwareDelay), (18 bytes).
    Removing system_cw32f030.o(i.MemClr), (32 bytes).
    Removing system_cw32f030.o(i.delay1ms), (88 bytes).
    Removing fflti.o(.text), (22 bytes).
    Removing ffixi.o(.text), (50 bytes).
    Removing dmul.o(.text), (208 bytes).
    Removing ddiv.o(.text), (240 bytes).
    Removing dfixul.o(.text), (64 bytes).
    Removing cdrcmple.o(.text), (40 bytes).
    Removing cw32f030_iwdt.o(i.IWDT_Cmd), (16 bytes).
    Removing cw32f030_iwdt.o(i.IWDT_Refresh), (16 bytes).
    Removing cw32f030_iwdt.o(i.IWDT_Unlock), (16 bytes).
    Removing cw32f030_iwdt.o(i.IWDT_Lock), (16 bytes).
    Removing cw32f030_iwdt.o(i.IWDT_Stop), (28 bytes).
    Removing cw32f030_iwdt.o(i.IWDT_ClearOVFlag), (20 bytes).

522 unused section(s) (total 53578 bytes) removed from the image.

==============================================================================

Image Symbol Table

    Local Symbols

    Symbol Name                              Value     Ov Type        Size  Object(Section)

    RESET                                    0x00000000   Section      192  startup_cw32f030.o(RESET)
    ../clib/microlib/division.c              0x00000000   Number         0  uidiv.o ABSOLUTE
    ../clib/microlib/division.c              0x00000000   Number         0  ldiv.o ABSOLUTE
    ../clib/microlib/division.c              0x00000000   Number         0  uldiv.o ABSOLUTE
    ../clib/microlib/division.c              0x00000000   Number         0  idiv.o ABSOLUTE
    ../clib/microlib/init/entry.s            0x00000000   Number         0  entry10b.o ABSOLUTE
    ../clib/microlib/init/entry.s            0x00000000   Number         0  entry10a.o ABSOLUTE
    ../clib/microlib/init/entry.s            0x00000000   Number         0  entry9b.o ABSOLUTE
    ../clib/microlib/init/entry.s            0x00000000   Number         0  entry12a.o ABSOLUTE
    ../clib/microlib/init/entry.s            0x00000000   Number         0  entry9a.o ABSOLUTE
    ../clib/microlib/init/entry.s            0x00000000   Number         0  entry11a.o ABSOLUTE
    ../clib/microlib/init/entry.s            0x00000000   Number         0  entry8b.o ABSOLUTE
    ../clib/microlib/init/entry.s            0x00000000   Number         0  entry.o ABSOLUTE
    ../clib/microlib/init/entry.s            0x00000000   Number         0  entry8a.o ABSOLUTE
    ../clib/microlib/init/entry.s            0x00000000   Number         0  entry7b.o ABSOLUTE
    ../clib/microlib/init/entry.s            0x00000000   Number         0  entry7a.o ABSOLUTE
    ../clib/microlib/init/entry.s            0x00000000   Number         0  entry5.o ABSOLUTE
    ../clib/microlib/init/entry.s            0x00000000   Number         0  entry2.o ABSOLUTE
    ../clib/microlib/init/entry.s            0x00000000   Number         0  entry11b.o ABSOLUTE
    ../clib/microlib/init/entry.s            0x00000000   Number         0  entry12b.o ABSOLUTE
    ../clib/microlib/longlong.c              0x00000000   Number         0  llsshr.o ABSOLUTE
    ../clib/microlib/longlong.c              0x00000000   Number         0  llushr.o ABSOLUTE
    ../clib/microlib/longlong.c              0x00000000   Number         0  llshl.o ABSOLUTE
    ../clib/microlib/malloc/malloc.c         0x00000000   Number         0  malloca.o ABSOLUTE
    ../clib/microlib/malloc/malloc.c         0x00000000   Number         0  mallocr.o ABSOLUTE
    ../clib/microlib/malloc/malloc.c         0x00000000   Number         0  malloc.o ABSOLUTE
    ../clib/microlib/malloc/malloc.c         0x00000000   Number         0  mallocra.o ABSOLUTE
    ../clib/microlib/malloc/mvars.c          0x00000000   Number         0  mvars.o ABSOLUTE
    ../clib/microlib/printf/printf.c         0x00000000   Number         0  printfa.o ABSOLUTE
    ../clib/microlib/printf/printf.c         0x00000000   Number         0  printf5.o ABSOLUTE
    ../clib/microlib/printf/printf.c         0x00000000   Number         0  printf4.o ABSOLUTE
    ../clib/microlib/printf/printf.c         0x00000000   Number         0  printf3.o ABSOLUTE
    ../clib/microlib/printf/printf.c         0x00000000   Number         0  printf2.o ABSOLUTE
    ../clib/microlib/printf/printf.c         0x00000000   Number         0  printf1.o ABSOLUTE
    ../clib/microlib/printf/printf.c         0x00000000   Number         0  printfb.o ABSOLUTE
    ../clib/microlib/printf/printf.c         0x00000000   Number         0  printf8.o ABSOLUTE
    ../clib/microlib/printf/printf.c         0x00000000   Number         0  printf6.o ABSOLUTE
    ../clib/microlib/printf/printf.c         0x00000000   Number         0  printf0.o ABSOLUTE
    ../clib/microlib/printf/printf.c         0x00000000   Number         0  printf7.o ABSOLUTE
    ../clib/microlib/stdio/streams.c         0x00000000   Number         0  stdout.o ABSOLUTE
    ../clib/microlib/string/memcpy.c         0x00000000   Number         0  memcpya.o ABSOLUTE
    ../clib/microlib/string/memcpy.c         0x00000000   Number         0  memcpyb.o ABSOLUTE
    ../clib/microlib/stubs.s                 0x00000000   Number         0  iusefp.o ABSOLUTE
    ../fplib/microlib/f2d.c                  0x00000000   Number         0  f2d.o ABSOLUTE
    ../fplib/microlib/fpadd.c                0x00000000   Number         0  dadd.o ABSOLUTE
    ../fplib/microlib/fpadd.c                0x00000000   Number         0  fadd.o ABSOLUTE
    ../fplib/microlib/fpdiv.c                0x00000000   Number         0  ddiv.o ABSOLUTE
    ../fplib/microlib/fpdiv.c                0x00000000   Number         0  fdiv.o ABSOLUTE
    ../fplib/microlib/fpepilogue.c           0x00000000   Number         0  depilogue.o ABSOLUTE
    ../fplib/microlib/fpepilogue.c           0x00000000   Number         0  fepilogue.o ABSOLUTE
    ../fplib/microlib/fpfix.c                0x00000000   Number         0  dfixul.o ABSOLUTE
    ../fplib/microlib/fpfix.c                0x00000000   Number         0  dfixui.o ABSOLUTE
    ../fplib/microlib/fpfix.c                0x00000000   Number         0  ffixui.o ABSOLUTE
    ../fplib/microlib/fpfix.c                0x00000000   Number         0  ffixi.o ABSOLUTE
    ../fplib/microlib/fpflt.c                0x00000000   Number         0  ffltui.o ABSOLUTE
    ../fplib/microlib/fpflt.c                0x00000000   Number         0  fflti.o ABSOLUTE
    ../fplib/microlib/fpmul.c                0x00000000   Number         0  dmul.o ABSOLUTE
    ../fplib/microlib/fpmul.c                0x00000000   Number         0  fmul.o ABSOLUTE
    ..\Libraries\src\cw32f030_adc.c          0x00000000   Number         0  cw32f030_adc.o ABSOLUTE
    ..\Libraries\src\cw32f030_atim.c         0x00000000   Number         0  cw32f030_atim.o ABSOLUTE
    ..\Libraries\src\cw32f030_awt.c          0x00000000   Number         0  cw32f030_awt.o ABSOLUTE
    ..\Libraries\src\cw32f030_btim.c         0x00000000   Number         0  cw32f030_btim.o ABSOLUTE
    ..\Libraries\src\cw32f030_crc.c          0x00000000   Number         0  cw32f030_crc.o ABSOLUTE
    ..\Libraries\src\cw32f030_debug.c        0x00000000   Number         0  cw32f030_debug.o ABSOLUTE
    ..\Libraries\src\cw32f030_digitalsign.c  0x00000000   Number         0  cw32f030_digitalsign.o ABSOLUTE
    ..\Libraries\src\cw32f030_dma.c          0x00000000   Number         0  cw32f030_dma.o ABSOLUTE
    ..\Libraries\src\cw32f030_flash.c        0x00000000   Number         0  cw32f030_flash.o ABSOLUTE
    ..\Libraries\src\cw32f030_gpio.c         0x00000000   Number         0  cw32f030_gpio.o ABSOLUTE
    ..\Libraries\src\cw32f030_gtim.c         0x00000000   Number         0  cw32f030_gtim.o ABSOLUTE
    ..\Libraries\src\cw32f030_i2c.c          0x00000000   Number         0  cw32f030_i2c.o ABSOLUTE
    ..\Libraries\src\cw32f030_iwdt.c         0x00000000   Number         0  cw32f030_iwdt.o ABSOLUTE
    ..\Libraries\src\cw32f030_lvd.c          0x00000000   Number         0  cw32f030_lvd.o ABSOLUTE
    ..\Libraries\src\cw32f030_pwr.c          0x00000000   Number         0  cw32f030_pwr.o ABSOLUTE
    ..\Libraries\src\cw32f030_ram.c          0x00000000   Number         0  cw32f030_ram.o ABSOLUTE
    ..\Libraries\src\cw32f030_rcc.c          0x00000000   Number         0  cw32f030_rcc.o ABSOLUTE
    ..\Libraries\src\cw32f030_rtc.c          0x00000000   Number         0  cw32f030_rtc.o ABSOLUTE
    ..\Libraries\src\cw32f030_spi.c          0x00000000   Number         0  cw32f030_spi.o ABSOLUTE
    ..\Libraries\src\cw32f030_systick.c      0x00000000   Number         0  cw32f030_systick.o ABSOLUTE
    ..\Libraries\src\cw32f030_uart.c         0x00000000   Number         0  cw32f030_uart.o ABSOLUTE
    ..\Libraries\src\cw32f030_vc.c           0x00000000   Number         0  cw32f030_vc.o ABSOLUTE
    ..\Libraries\src\cw32f030_wwdt.c         0x00000000   Number         0  cw32f030_wwdt.o ABSOLUTE
    ..\Libraries\src\system_cw32f030.c       0x00000000   Number         0  system_cw32f030.o ABSOLUTE
    ..\\Libraries\\src\\cw32f030_adc.c       0x00000000   Number         0  cw32f030_adc.o ABSOLUTE
    ..\\Libraries\\src\\cw32f030_atim.c      0x00000000   Number         0  cw32f030_atim.o ABSOLUTE
    ..\\Libraries\\src\\cw32f030_awt.c       0x00000000   Number         0  cw32f030_awt.o ABSOLUTE
    ..\\Libraries\\src\\cw32f030_btim.c      0x00000000   Number         0  cw32f030_btim.o ABSOLUTE
    ..\\Libraries\\src\\cw32f030_crc.c       0x00000000   Number         0  cw32f030_crc.o ABSOLUTE
    ..\\Libraries\\src\\cw32f030_debug.c     0x00000000   Number         0  cw32f030_debug.o ABSOLUTE
    ..\\Libraries\\src\\cw32f030_digitalsign.c 0x00000000   Number         0  cw32f030_digitalsign.o ABSOLUTE
    ..\\Libraries\\src\\cw32f030_dma.c       0x00000000   Number         0  cw32f030_dma.o ABSOLUTE
    ..\\Libraries\\src\\cw32f030_flash.c     0x00000000   Number         0  cw32f030_flash.o ABSOLUTE
    ..\\Libraries\\src\\cw32f030_gpio.c      0x00000000   Number         0  cw32f030_gpio.o ABSOLUTE
    ..\\Libraries\\src\\cw32f030_gtim.c      0x00000000   Number         0  cw32f030_gtim.o ABSOLUTE
    ..\\Libraries\\src\\cw32f030_i2c.c       0x00000000   Number         0  cw32f030_i2c.o ABSOLUTE
    ..\\Libraries\\src\\cw32f030_iwdt.c      0x00000000   Number         0  cw32f030_iwdt.o ABSOLUTE
    ..\\Libraries\\src\\cw32f030_lvd.c       0x00000000   Number         0  cw32f030_lvd.o ABSOLUTE
    ..\\Libraries\\src\\cw32f030_pwr.c       0x00000000   Number         0  cw32f030_pwr.o ABSOLUTE
    ..\\Libraries\\src\\cw32f030_ram.c       0x00000000   Number         0  cw32f030_ram.o ABSOLUTE
    ..\\Libraries\\src\\cw32f030_rcc.c       0x00000000   Number         0  cw32f030_rcc.o ABSOLUTE
    ..\\Libraries\\src\\cw32f030_rtc.c       0x00000000   Number         0  cw32f030_rtc.o ABSOLUTE
    ..\\Libraries\\src\\cw32f030_spi.c       0x00000000   Number         0  cw32f030_spi.o ABSOLUTE
    ..\\Libraries\\src\\cw32f030_systick.c   0x00000000   Number         0  cw32f030_systick.o ABSOLUTE
    ..\\Libraries\\src\\cw32f030_uart.c      0x00000000   Number         0  cw32f030_uart.o ABSOLUTE
    ..\\Libraries\\src\\cw32f030_vc.c        0x00000000   Number         0  cw32f030_vc.o ABSOLUTE
    ..\\Libraries\\src\\cw32f030_wwdt.c      0x00000000   Number         0  cw32f030_wwdt.o ABSOLUTE
    ..\\Libraries\\src\\system_cw32f030.c    0x00000000   Number         0  system_cw32f030.o ABSOLUTE
    USER\MAIN.c                              0x00000000   Number         0  main.o ABSOLUTE
    USER\OLED_I2C.c                          0x00000000   Number         0  oled_i2c.o ABSOLUTE
    USER\\MAIN.c                             0x00000000   Number         0  main.o ABSOLUTE
    USER\\OLED_I2C.c                         0x00000000   Number         0  oled_i2c.o ABSOLUTE
    USER\\font.c                             0x00000000   Number         0  font.o ABSOLUTE
    USER\\interrupts_cw32f030.c              0x00000000   Number         0  interrupts_cw32f030.o ABSOLUTE
    USER\font.c                              0x00000000   Number         0  font.o ABSOLUTE
    USER\interrupts_cw32f030.c               0x00000000   Number         0  interrupts_cw32f030.o ABSOLUTE
    USER\startup_cw32f030.s                  0x00000000   Number         0  startup_cw32f030.o ABSOLUTE
    cdrcmple.s                               0x00000000   Number         0  cdrcmple.o ABSOLUTE
    dc.s                                     0x00000000   Number         0  dc.o ABSOLUTE
    handlers.s                               0x00000000   Number         0  handlers.o ABSOLUTE
    init.s                                   0x00000000   Number         0  init.o ABSOLUTE
    .ARM.Collect$$$$00000000                 0x000000c0   Section        0  entry.o(.ARM.Collect$$$$00000000)
    .ARM.Collect$$$$00000001                 0x000000c0   Section        4  entry2.o(.ARM.Collect$$$$00000001)
    .ARM.Collect$$$$00000004                 0x000000c4   Section        4  entry5.o(.ARM.Collect$$$$00000004)
    .ARM.Collect$$$$00000008                 0x000000c8   Section        0  entry7b.o(.ARM.Collect$$$$00000008)
    .ARM.Collect$$$$0000000A                 0x000000c8   Section        0  entry8b.o(.ARM.Collect$$$$0000000A)
    .ARM.Collect$$$$0000000B                 0x000000c8   Section        8  entry9a.o(.ARM.Collect$$$$0000000B)
    .ARM.Collect$$$$0000000E                 0x000000d0   Section        4  entry12b.o(.ARM.Collect$$$$0000000E)
    .ARM.Collect$$$$0000000F                 0x000000d4   Section        0  entry10a.o(.ARM.Collect$$$$0000000F)
    .ARM.Collect$$$$00000011                 0x000000d4   Section        0  entry11a.o(.ARM.Collect$$$$00000011)
    .ARM.Collect$$$$00002712                 0x000000d4   Section        4  entry2.o(.ARM.Collect$$$$00002712)
    __lit__00000000                          0x000000d4   Data           4  entry2.o(.ARM.Collect$$$$00002712)
    .text                                    0x000000d8   Section       60  startup_cw32f030.o(.text)
    .text                                    0x00000114   Section        0  uidiv.o(.text)
    .text                                    0x00000140   Section        0  memcpya.o(.text)
    .text                                    0x00000164   Section        0  fadd.o(.text)
    .text                                    0x00000216   Section        0  fmul.o(.text)
    .text                                    0x00000290   Section        0  fdiv.o(.text)
    .text                                    0x0000030c   Section        0  dadd.o(.text)
    .text                                    0x00000474   Section        0  ffltui.o(.text)
    .text                                    0x00000482   Section        0  ffixui.o(.text)
    .text                                    0x000004ac   Section        0  dfixui.o(.text)
    .text                                    0x000004e8   Section        0  f2d.o(.text)
    .text                                    0x00000510   Section        0  llshl.o(.text)
    .text                                    0x00000530   Section        0  llushr.o(.text)
    .text                                    0x00000552   Section        0  llsshr.o(.text)
    .text                                    0x00000578   Section        0  fepilogue.o(.text)
    .text                                    0x00000578   Section        0  iusefp.o(.text)
    .text                                    0x000005fa   Section        0  depilogue.o(.text)
    .text                                    0x000006b8   Section       36  init.o(.text)
    i.ADC_IRQHandler                         0x000006dc   Section        0  interrupts_cw32f030.o(i.ADC_IRQHandler)
    i.AWT_IRQHandler                         0x000006de   Section        0  interrupts_cw32f030.o(i.AWT_IRQHandler)
    i.BTIM1_IRQHandler                       0x000006e0   Section        0  main.o(i.BTIM1_IRQHandler)
    i.BTIM2_IRQHandler                       0x00000738   Section        0  interrupts_cw32f030.o(i.BTIM2_IRQHandler)
    i.BTIM3_IRQHandler                       0x0000073a   Section        0  interrupts_cw32f030.o(i.BTIM3_IRQHandler)
    i.BTIM_ClearITPendingBit                 0x0000073c   Section        0  cw32f030_btim.o(i.BTIM_ClearITPendingBit)
    i.BTIM_Cmd                               0x00000744   Section        0  cw32f030_btim.o(i.BTIM_Cmd)
    i.BTIM_GetITStatus                       0x0000075c   Section        0  cw32f030_btim.o(i.BTIM_GetITStatus)
    i.BTIM_ITConfig                          0x0000076e   Section        0  cw32f030_btim.o(i.BTIM_ITConfig)
    i.BTIM_TimeBaseInit                      0x00000784   Section        0  cw32f030_btim.o(i.BTIM_TimeBaseInit)
    i.BTIM_init                              0x000007a4   Section        0  main.o(i.BTIM_init)
    i.DMACH1_IRQHandler                      0x000007f8   Section        0  interrupts_cw32f030.o(i.DMACH1_IRQHandler)
    i.DMACH23_IRQHandler                     0x0000080c   Section        0  interrupts_cw32f030.o(i.DMACH23_IRQHandler)
    i.DMACH45_IRQHandler                     0x0000080e   Section        0  interrupts_cw32f030.o(i.DMACH45_IRQHandler)
    i.DMA_ClearITPendingBit                  0x00000810   Section        0  cw32f030_dma.o(i.DMA_ClearITPendingBit)
    i.DMA_GetITStatus                        0x00000820   Section        0  cw32f030_dma.o(i.DMA_GetITStatus)
    i.FAULT_IRQHandler                       0x00000838   Section        0  interrupts_cw32f030.o(i.FAULT_IRQHandler)
    i.FLASHRAM_IRQHandler                    0x0000083a   Section        0  interrupts_cw32f030.o(i.FLASHRAM_IRQHandler)
    i.FLASH_SetLatency                       0x0000083c   Section        0  cw32f030_flash.o(i.FLASH_SetLatency)
    i.GPIOA_IRQHandler                       0x00000860   Section        0  interrupts_cw32f030.o(i.GPIOA_IRQHandler)
    i.GPIOB_IRQHandler                       0x00000862   Section        0  interrupts_cw32f030.o(i.GPIOB_IRQHandler)
    i.GPIOC_IRQHandler                       0x00000864   Section        0  interrupts_cw32f030.o(i.GPIOC_IRQHandler)
    i.GPIOF_IRQHandler                       0x00000866   Section        0  interrupts_cw32f030.o(i.GPIOF_IRQHandler)
    i.GPIO_Configuration                     0x00000868   Section        0  main.o(i.GPIO_Configuration)
    i.GPIO_Init                              0x000008cc   Section        0  cw32f030_gpio.o(i.GPIO_Init)
    i.GTIM2_IRQHandler                       0x000009cc   Section        0  interrupts_cw32f030.o(i.GTIM2_IRQHandler)
    i.GTIM3_IRQHandler                       0x000009ce   Section        0  interrupts_cw32f030.o(i.GTIM3_IRQHandler)
    i.GTIM4_IRQHandler                       0x000009d0   Section        0  interrupts_cw32f030.o(i.GTIM4_IRQHandler)
    i.HardFault_Handler                      0x000009d2   Section        0  interrupts_cw32f030.o(i.HardFault_Handler)
    i.I2C1_IRQHandler                        0x000009d6   Section        0  interrupts_cw32f030.o(i.I2C1_IRQHandler)
    i.I2C2_IRQHandler                        0x000009d8   Section        0  interrupts_cw32f030.o(i.I2C2_IRQHandler)
    i.LVD_IRQHandler                         0x000009da   Section        0  interrupts_cw32f030.o(i.LVD_IRQHandler)
    i.NMI_Handler                            0x000009dc   Section        0  interrupts_cw32f030.o(i.NMI_Handler)
    i.PendSV_Handler                         0x000009de   Section        0  interrupts_cw32f030.o(i.PendSV_Handler)
    i.RCC_AHBPeriphClk_Enable                0x000009e0   Section        0  cw32f030_rcc.o(i.RCC_AHBPeriphClk_Enable)
    i.RCC_APBPeriphClk_Enable2               0x00000a00   Section        0  cw32f030_rcc.o(i.RCC_APBPeriphClk_Enable2)
    i.RCC_Configuration                      0x00000a20   Section        0  main.o(i.RCC_Configuration)
    i.RCC_HCLKPRS_Config                     0x00000a6c   Section        0  cw32f030_rcc.o(i.RCC_HCLKPRS_Config)
    i.RCC_HSI_Enable                         0x00000a8c   Section        0  cw32f030_rcc.o(i.RCC_HSI_Enable)
    i.RCC_IRQHandler                         0x00000ac0   Section        0  interrupts_cw32f030.o(i.RCC_IRQHandler)
    i.RCC_PCLKPRS_Config                     0x00000ac4   Section        0  cw32f030_rcc.o(i.RCC_PCLKPRS_Config)
    i.RCC_PLL_Enable                         0x00000ae4   Section        0  cw32f030_rcc.o(i.RCC_PLL_Enable)
    i.RCC_SysClk_Switch                      0x00000b98   Section        0  cw32f030_rcc.o(i.RCC_SysClk_Switch)
    i.RCC_Sysctrl_GetHClkFreq                0x00000bd8   Section        0  cw32f030_rcc.o(i.RCC_Sysctrl_GetHClkFreq)
    i.RCC_SystemCoreClockUpdate              0x00000cb0   Section        0  cw32f030_rcc.o(i.RCC_SystemCoreClockUpdate)
    i.RTC_IRQHandler                         0x00000cbc   Section        0  interrupts_cw32f030.o(i.RTC_IRQHandler)
    i.SPI1_IRQHandler                        0x00000cbe   Section        0  interrupts_cw32f030.o(i.SPI1_IRQHandler)
    i.SPI2_IRQHandler                        0x00000cc0   Section        0  interrupts_cw32f030.o(i.SPI2_IRQHandler)
    i.SVC_Handler                            0x00000cc2   Section        0  interrupts_cw32f030.o(i.SVC_Handler)
    i.SysTick_Handler                        0x00000cc4   Section        0  cw32f030_systick.o(i.SysTick_Handler)
    i.SystemCoreClockUpdate                  0x00000cdc   Section        0  system_cw32f030.o(i.SystemCoreClockUpdate)
    i.SystemInit                             0x00000cec   Section        0  system_cw32f030.o(i.SystemInit)
    i.UART1_IRQHandler                       0x00000d28   Section        0  main.o(i.UART1_IRQHandler)
    i.UART2_IRQHandler                       0x00000dd0   Section        0  interrupts_cw32f030.o(i.UART2_IRQHandler)
    i.UART_init                              0x00000dd4   Section        0  main.o(i.UART_init)
    i.USART_ClearFlag                        0x00000e80   Section        0  cw32f030_uart.o(i.USART_ClearFlag)
    i.USART_ClearITPendingBit                0x00000e88   Section        0  cw32f030_uart.o(i.USART_ClearITPendingBit)
    i.USART_GetFlagStatus                    0x00000e90   Section        0  cw32f030_uart.o(i.USART_GetFlagStatus)
    i.USART_GetITStatus                      0x00000ea2   Section        0  cw32f030_uart.o(i.USART_GetITStatus)
    i.USART_ITConfig                         0x00000eb4   Section        0  cw32f030_uart.o(i.USART_ITConfig)
    i.USART_Init                             0x00000ed0   Section        0  cw32f030_uart.o(i.USART_Init)
    i.USART_ReceiveData_8bit                 0x00001044   Section        0  cw32f030_uart.o(i.USART_ReceiveData_8bit)
    i.USART_SendData                         0x0000104c   Section        0  cw32f030_uart.o(i.USART_SendData)
    i.VC1_IRQHandler                         0x00001054   Section        0  interrupts_cw32f030.o(i.VC1_IRQHandler)
    i.VC2_IRQHandler                         0x00001056   Section        0  interrupts_cw32f030.o(i.VC2_IRQHandler)
    i.WDT_IRQHandler                         0x00001058   Section        0  interrupts_cw32f030.o(i.WDT_IRQHandler)
    i.__ARM_clz                              0x0000105a   Section        0  depilogue.o(i.__ARM_clz)
    i.__ARM_common_switch8                   0x00001088   Section        0  cw32f030_i2c.o(i.__ARM_common_switch8)
    i.__NVIC_EnableIRQ                       0x000010a4   Section        0  main.o(i.__NVIC_EnableIRQ)
    __NVIC_EnableIRQ                         0x000010a5   Thumb Code    26  main.o(i.__NVIC_EnableIRQ)
    i.__NVIC_SetPriority                     0x000010c4   Section        0  main.o(i.__NVIC_SetPriority)
    __NVIC_SetPriority                       0x000010c5   Thumb Code   110  main.o(i.__NVIC_SetPriority)
    i.__scatterload_copy                     0x0000113c   Section       14  handlers.o(i.__scatterload_copy)
    i.__scatterload_null                     0x0000114a   Section        2  handlers.o(i.__scatterload_null)
    i.__scatterload_zeroinit                 0x0000114c   Section       14  handlers.o(i.__scatterload_zeroinit)
    i.main                                   0x0000115c   Section        0  main.o(i.main)
    .constdata                               0x000011dc   Section      100  cw32f030_rcc.o(.constdata)
    .data                                    0x20000000   Section       16  main.o(.data)
    count2                                   0x2000000c   Data           4  main.o(.data)
    .data                                    0x20000010   Section        9  cw32f030_systick.o(.data)
    .data                                    0x2000001c   Section        4  system_cw32f030.o(.data)
    .bss                                     0x20000020   Section       10  main.o(.bss)
    STACK                                    0x20000030   Section      512  startup_cw32f030.o(STACK)

    Global Symbols

    Symbol Name                              Value     Ov Type        Size  Object(Section)

    BuildAttributes$$THM_ISAv3M$S$PE$A:L22$X:L11$S22$IEEE1$IW$USESV6$~STKCKD$USESV7$~SHL$OTIME$ROPI$EBA8$MICROLIB$REQ8$PRES8$EABIv2 0x00000000   Number         0  anon$$obj.o ABSOLUTE
    __ARM_use_no_argv                        0x00000000   Number         0  main.o ABSOLUTE
    __Vectors                                0x00000000   Data           0  startup_cw32f030.o(RESET)
    __arm_fini_                               - Undefined Weak Reference
    __cpp_initialize__aeabi_                  - Undefined Weak Reference
    __cxa_finalize                            - Undefined Weak Reference
    __decompress                              - Undefined Weak Reference
    _clock_init                               - Undefined Weak Reference
    _microlib_exit                            - Undefined Weak Reference
    __Vectors_End                            0x000000c0   Data           0  startup_cw32f030.o(RESET)
    __Vectors_Size                           0x000000c0   Number         0  startup_cw32f030.o ABSOLUTE
    __main                                   0x000000c1   Thumb Code     0  entry.o(.ARM.Collect$$$$00000000)
    _main_stk                                0x000000c1   Thumb Code     0  entry2.o(.ARM.Collect$$$$00000001)
    _main_scatterload                        0x000000c5   Thumb Code     0  entry5.o(.ARM.Collect$$$$00000004)
    __main_after_scatterload                 0x000000c9   Thumb Code     0  entry5.o(.ARM.Collect$$$$00000004)
    _main_clock                              0x000000c9   Thumb Code     0  entry7b.o(.ARM.Collect$$$$00000008)
    _main_cpp_init                           0x000000c9   Thumb Code     0  entry8b.o(.ARM.Collect$$$$0000000A)
    _main_init                               0x000000c9   Thumb Code     0  entry9a.o(.ARM.Collect$$$$0000000B)
    __rt_lib_shutdown_fini                   0x000000d1   Thumb Code     0  entry12b.o(.ARM.Collect$$$$0000000E)
    __rt_final_cpp                           0x000000d5   Thumb Code     0  entry10a.o(.ARM.Collect$$$$0000000F)
    __rt_final_exit                          0x000000d5   Thumb Code     0  entry11a.o(.ARM.Collect$$$$00000011)
    Reset_Handler                            0x000000d9   Thumb Code    26  startup_cw32f030.o(.text)
    ATIM_IRQHandler                          0x000000fd   Thumb Code     0  startup_cw32f030.o(.text)
    GTIM1_IRQHandler                         0x000000fd   Thumb Code     0  startup_cw32f030.o(.text)
    UART3_IRQHandler                         0x000000fd   Thumb Code     0  startup_cw32f030.o(.text)
    __aeabi_uidiv                            0x00000115   Thumb Code     0  uidiv.o(.text)
    __aeabi_uidivmod                         0x00000115   Thumb Code    44  uidiv.o(.text)
    __aeabi_memcpy                           0x00000141   Thumb Code    36  memcpya.o(.text)
    __aeabi_memcpy4                          0x00000141   Thumb Code     0  memcpya.o(.text)
    __aeabi_memcpy8                          0x00000141   Thumb Code     0  memcpya.o(.text)
    __aeabi_fadd                             0x00000165   Thumb Code   162  fadd.o(.text)
    __aeabi_fsub                             0x00000207   Thumb Code     8  fadd.o(.text)
    __aeabi_frsub                            0x0000020f   Thumb Code     8  fadd.o(.text)
    __aeabi_fmul                             0x00000217   Thumb Code   122  fmul.o(.text)
    __aeabi_fdiv                             0x00000291   Thumb Code   124  fdiv.o(.text)
    __aeabi_dadd                             0x0000030d   Thumb Code   330  dadd.o(.text)
    __aeabi_dsub                             0x00000457   Thumb Code    12  dadd.o(.text)
    __aeabi_drsub                            0x00000463   Thumb Code    12  dadd.o(.text)
    __aeabi_ui2f                             0x00000475   Thumb Code    14  ffltui.o(.text)
    __aeabi_f2uiz                            0x00000483   Thumb Code    40  ffixui.o(.text)
    __aeabi_d2uiz                            0x000004ad   Thumb Code    50  dfixui.o(.text)
    __aeabi_f2d                              0x000004e9   Thumb Code    40  f2d.o(.text)
    __aeabi_llsl                             0x00000511   Thumb Code    32  llshl.o(.text)
    _ll_shift_l                              0x00000511   Thumb Code     0  llshl.o(.text)
    __aeabi_llsr                             0x00000531   Thumb Code    34  llushr.o(.text)
    _ll_ushift_r                             0x00000531   Thumb Code     0  llushr.o(.text)
    __aeabi_lasr                             0x00000553   Thumb Code    38  llsshr.o(.text)
    _ll_sshift_r                             0x00000553   Thumb Code     0  llsshr.o(.text)
    __I$use$fp                               0x00000579   Thumb Code     0  iusefp.o(.text)
    _float_round                             0x00000579   Thumb Code    16  fepilogue.o(.text)
    _float_epilogue                          0x00000589   Thumb Code   114  fepilogue.o(.text)
    _double_round                            0x000005fb   Thumb Code    26  depilogue.o(.text)
    _double_epilogue                         0x00000615   Thumb Code   164  depilogue.o(.text)
    __scatterload                            0x000006b9   Thumb Code    28  init.o(.text)
    __scatterload_rt2                        0x000006b9   Thumb Code     0  init.o(.text)
    ADC_IRQHandler                           0x000006dd   Thumb Code     2  interrupts_cw32f030.o(i.ADC_IRQHandler)
    AWT_IRQHandler                           0x000006df   Thumb Code     2  interrupts_cw32f030.o(i.AWT_IRQHandler)
    BTIM1_IRQHandler                         0x000006e1   Thumb Code    70  main.o(i.BTIM1_IRQHandler)
    BTIM2_IRQHandler                         0x00000739   Thumb Code     2  interrupts_cw32f030.o(i.BTIM2_IRQHandler)
    BTIM3_IRQHandler                         0x0000073b   Thumb Code     2  interrupts_cw32f030.o(i.BTIM3_IRQHandler)
    BTIM_ClearITPendingBit                   0x0000073d   Thumb Code     8  cw32f030_btim.o(i.BTIM_ClearITPendingBit)
    BTIM_Cmd                                 0x00000745   Thumb Code    24  cw32f030_btim.o(i.BTIM_Cmd)
    BTIM_GetITStatus                         0x0000075d   Thumb Code    18  cw32f030_btim.o(i.BTIM_GetITStatus)
    BTIM_ITConfig                            0x0000076f   Thumb Code    20  cw32f030_btim.o(i.BTIM_ITConfig)
    BTIM_TimeBaseInit                        0x00000785   Thumb Code    28  cw32f030_btim.o(i.BTIM_TimeBaseInit)
    BTIM_init                                0x000007a5   Thumb Code    74  main.o(i.BTIM_init)
    DMACH1_IRQHandler                        0x000007f9   Thumb Code    20  interrupts_cw32f030.o(i.DMACH1_IRQHandler)
    DMACH23_IRQHandler                       0x0000080d   Thumb Code     2  interrupts_cw32f030.o(i.DMACH23_IRQHandler)
    DMACH45_IRQHandler                       0x0000080f   Thumb Code     2  interrupts_cw32f030.o(i.DMACH45_IRQHandler)
    DMA_ClearITPendingBit                    0x00000811   Thumb Code    12  cw32f030_dma.o(i.DMA_ClearITPendingBit)
    DMA_GetITStatus                          0x00000821   Thumb Code    20  cw32f030_dma.o(i.DMA_GetITStatus)
    FAULT_IRQHandler                         0x00000839   Thumb Code     2  interrupts_cw32f030.o(i.FAULT_IRQHandler)
    FLASHRAM_IRQHandler                      0x0000083b   Thumb Code     2  interrupts_cw32f030.o(i.FLASHRAM_IRQHandler)
    FLASH_SetLatency                         0x0000083d   Thumb Code    28  cw32f030_flash.o(i.FLASH_SetLatency)
    GPIOA_IRQHandler                         0x00000861   Thumb Code     2  interrupts_cw32f030.o(i.GPIOA_IRQHandler)
    GPIOB_IRQHandler                         0x00000863   Thumb Code     2  interrupts_cw32f030.o(i.GPIOB_IRQHandler)
    GPIOC_IRQHandler                         0x00000865   Thumb Code     2  interrupts_cw32f030.o(i.GPIOC_IRQHandler)
    GPIOF_IRQHandler                         0x00000867   Thumb Code     2  interrupts_cw32f030.o(i.GPIOF_IRQHandler)
    GPIO_Configuration                       0x00000869   Thumb Code    84  main.o(i.GPIO_Configuration)
    GPIO_Init                                0x000008cd   Thumb Code   252  cw32f030_gpio.o(i.GPIO_Init)
    GTIM2_IRQHandler                         0x000009cd   Thumb Code     2  interrupts_cw32f030.o(i.GTIM2_IRQHandler)
    GTIM3_IRQHandler                         0x000009cf   Thumb Code     2  interrupts_cw32f030.o(i.GTIM3_IRQHandler)
    GTIM4_IRQHandler                         0x000009d1   Thumb Code     2  interrupts_cw32f030.o(i.GTIM4_IRQHandler)
    HardFault_Handler                        0x000009d3   Thumb Code     4  interrupts_cw32f030.o(i.HardFault_Handler)
    I2C1_IRQHandler                          0x000009d7   Thumb Code     2  interrupts_cw32f030.o(i.I2C1_IRQHandler)
    I2C2_IRQHandler                          0x000009d9   Thumb Code     2  interrupts_cw32f030.o(i.I2C2_IRQHandler)
    LVD_IRQHandler                           0x000009db   Thumb Code     2  interrupts_cw32f030.o(i.LVD_IRQHandler)
    NMI_Handler                              0x000009dd   Thumb Code     2  interrupts_cw32f030.o(i.NMI_Handler)
    PendSV_Handler                           0x000009df   Thumb Code     2  interrupts_cw32f030.o(i.PendSV_Handler)
    RCC_AHBPeriphClk_Enable                  0x000009e1   Thumb Code    28  cw32f030_rcc.o(i.RCC_AHBPeriphClk_Enable)
    RCC_APBPeriphClk_Enable2                 0x00000a01   Thumb Code    28  cw32f030_rcc.o(i.RCC_APBPeriphClk_Enable2)
    RCC_Configuration                        0x00000a21   Thumb Code    62  main.o(i.RCC_Configuration)
    RCC_HCLKPRS_Config                       0x00000a6d   Thumb Code    20  cw32f030_rcc.o(i.RCC_HCLKPRS_Config)
    RCC_HSI_Enable                           0x00000a8d   Thumb Code    44  cw32f030_rcc.o(i.RCC_HSI_Enable)
    RCC_IRQHandler                           0x00000ac1   Thumb Code     2  interrupts_cw32f030.o(i.RCC_IRQHandler)
    RCC_PCLKPRS_Config                       0x00000ac5   Thumb Code    20  cw32f030_rcc.o(i.RCC_PCLKPRS_Config)
    RCC_PLL_Enable                           0x00000ae5   Thumb Code   168  cw32f030_rcc.o(i.RCC_PLL_Enable)
    RCC_SysClk_Switch                        0x00000b99   Thumb Code    54  cw32f030_rcc.o(i.RCC_SysClk_Switch)
    RCC_Sysctrl_GetHClkFreq                  0x00000bd9   Thumb Code   194  cw32f030_rcc.o(i.RCC_Sysctrl_GetHClkFreq)
    RCC_SystemCoreClockUpdate                0x00000cb1   Thumb Code     6  cw32f030_rcc.o(i.RCC_SystemCoreClockUpdate)
    RTC_IRQHandler                           0x00000cbd   Thumb Code     2  interrupts_cw32f030.o(i.RTC_IRQHandler)
    SPI1_IRQHandler                          0x00000cbf   Thumb Code     2  interrupts_cw32f030.o(i.SPI1_IRQHandler)
    SPI2_IRQHandler                          0x00000cc1   Thumb Code     2  interrupts_cw32f030.o(i.SPI2_IRQHandler)
    SVC_Handler                              0x00000cc3   Thumb Code     2  interrupts_cw32f030.o(i.SVC_Handler)
    SysTick_Handler                          0x00000cc5   Thumb Code    16  cw32f030_systick.o(i.SysTick_Handler)
    SystemCoreClockUpdate                    0x00000cdd   Thumb Code     8  system_cw32f030.o(i.SystemCoreClockUpdate)
    SystemInit                               0x00000ced   Thumb Code    54  system_cw32f030.o(i.SystemInit)
    UART1_IRQHandler                         0x00000d29   Thumb Code   146  main.o(i.UART1_IRQHandler)
    UART2_IRQHandler                         0x00000dd1   Thumb Code     2  interrupts_cw32f030.o(i.UART2_IRQHandler)
    UART_init                                0x00000dd5   Thumb Code   156  main.o(i.UART_init)
    USART_ClearFlag                          0x00000e81   Thumb Code     8  cw32f030_uart.o(i.USART_ClearFlag)
    USART_ClearITPendingBit                  0x00000e89   Thumb Code     8  cw32f030_uart.o(i.USART_ClearITPendingBit)
    USART_GetFlagStatus                      0x00000e91   Thumb Code    18  cw32f030_uart.o(i.USART_GetFlagStatus)
    USART_GetITStatus                        0x00000ea3   Thumb Code    18  cw32f030_uart.o(i.USART_GetITStatus)
    USART_ITConfig                           0x00000eb5   Thumb Code    26  cw32f030_uart.o(i.USART_ITConfig)
    USART_Init                               0x00000ed1   Thumb Code   362  cw32f030_uart.o(i.USART_Init)
    USART_ReceiveData_8bit                   0x00001045   Thumb Code     8  cw32f030_uart.o(i.USART_ReceiveData_8bit)
    USART_SendData                           0x0000104d   Thumb Code     8  cw32f030_uart.o(i.USART_SendData)
    VC1_IRQHandler                           0x00001055   Thumb Code     2  interrupts_cw32f030.o(i.VC1_IRQHandler)
    VC2_IRQHandler                           0x00001057   Thumb Code     2  interrupts_cw32f030.o(i.VC2_IRQHandler)
    WDT_IRQHandler                           0x00001059   Thumb Code     2  interrupts_cw32f030.o(i.WDT_IRQHandler)
    __ARM_clz                                0x0000105b   Thumb Code    46  depilogue.o(i.__ARM_clz)
    __ARM_common_switch8                     0x00001089   Thumb Code    28  cw32f030_i2c.o(i.__ARM_common_switch8)
    __scatterload_copy                       0x0000113d   Thumb Code    14  handlers.o(i.__scatterload_copy)
    __scatterload_null                       0x0000114b   Thumb Code     2  handlers.o(i.__scatterload_null)
    __scatterload_zeroinit                   0x0000114d   Thumb Code    14  handlers.o(i.__scatterload_zeroinit)
    main                                     0x0000115d   Thumb Code   106  main.o(i.main)
    hsiprs_tbl                               0x000011dc   Data          64  cw32f030_rcc.o(.constdata)
    Region$$Table$$Base                      0x00001240   Number         0  anon$$obj.o(Region$$Table)
    Region$$Table$$Limit                     0x00001260   Number         0  anon$$obj.o(Region$$Table)
    counttime                                0x20000000   Data           4  main.o(.data)
    dat                                      0x20000004   Data           5  main.o(.data)
    re_count                                 0x20000009   Data           1  main.o(.data)
    check_flag                               0x2000000a   Data           1  main.o(.data)
    rev_start                                0x2000000b   Data           1  main.o(.data)
    uwTick                                   0x20000010   Data           4  cw32f030_systick.o(.data)
    uwTickPrio                               0x20000014   Data           4  cw32f030_systick.o(.data)
    uwTickFreq                               0x20000018   Data           1  cw32f030_systick.o(.data)
    SystemCoreClock                          0x2000001c   Data           4  system_cw32f030.o(.data)
    rec                                      0x20000020   Data          10  main.o(.bss)
    __initial_sp                             0x20000230   Data           0  startup_cw32f030.o(STACK)



==============================================================================

Memory Map of the image

  Image Entry point : 0x000000c1

  Load Region LR_IROM1 (Base: 0x00000000, Size: 0x00001280, Max: 0x00010000, ABSOLUTE)

    Execution Region ER_IROM1 (Exec base: 0x00000000, Load base: 0x00000000, Size: 0x00001260, Max: 0x00010000, ABSOLUTE)

    Exec Addr    Load Addr    Size         Type   Attr      Idx    E Section Name        Object

    0x00000000   0x00000000   0x000000c0   Data   RO          317    RESET               startup_cw32f030.o
    0x000000c0   0x000000c0   0x00000000   Code   RO         3698  * .ARM.Collect$$$$00000000  mc_p.l(entry.o)
    0x000000c0   0x000000c0   0x00000004   Code   RO         4019    .ARM.Collect$$$$00000001  mc_p.l(entry2.o)
    0x000000c4   0x000000c4   0x00000004   Code   RO         4022    .ARM.Collect$$$$00000004  mc_p.l(entry5.o)
    0x000000c8   0x000000c8   0x00000000   Code   RO         4024    .ARM.Collect$$$$00000008  mc_p.l(entry7b.o)
    0x000000c8   0x000000c8   0x00000000   Code   RO         4026    .ARM.Collect$$$$0000000A  mc_p.l(entry8b.o)
    0x000000c8   0x000000c8   0x00000008   Code   RO         4027    .ARM.Collect$$$$0000000B  mc_p.l(entry9a.o)
    0x000000d0   0x000000d0   0x00000004   Code   RO         4034    .ARM.Collect$$$$0000000E  mc_p.l(entry12b.o)
    0x000000d4   0x000000d4   0x00000000   Code   RO         4029    .ARM.Collect$$$$0000000F  mc_p.l(entry10a.o)
    0x000000d4   0x000000d4   0x00000000   Code   RO         4031    .ARM.Collect$$$$00000011  mc_p.l(entry11a.o)
    0x000000d4   0x000000d4   0x00000004   Code   RO         4020    .ARM.Collect$$$$00002712  mc_p.l(entry2.o)
    0x000000d8   0x000000d8   0x0000003c   Code   RO          318    .text               startup_cw32f030.o
    0x00000114   0x00000114   0x0000002c   Code   RO         3701    .text               mc_p.l(uidiv.o)
    0x00000140   0x00000140   0x00000024   Code   RO         3707    .text               mc_p.l(memcpya.o)
    0x00000164   0x00000164   0x000000b2   Code   RO         3999    .text               mf_p.l(fadd.o)
    0x00000216   0x00000216   0x0000007a   Code   RO         4001    .text               mf_p.l(fmul.o)
    0x00000290   0x00000290   0x0000007c   Code   RO         4003    .text               mf_p.l(fdiv.o)
    0x0000030c   0x0000030c   0x00000168   Code   RO         4005    .text               mf_p.l(dadd.o)
    0x00000474   0x00000474   0x0000000e   Code   RO         4009    .text               mf_p.l(ffltui.o)
    0x00000482   0x00000482   0x00000028   Code   RO         4013    .text               mf_p.l(ffixui.o)
    0x000004aa   0x000004aa   0x00000002   PAD
    0x000004ac   0x000004ac   0x0000003c   Code   RO         4015    .text               mf_p.l(dfixui.o)
    0x000004e8   0x000004e8   0x00000028   Code   RO         4017    .text               mf_p.l(f2d.o)
    0x00000510   0x00000510   0x00000020   Code   RO         4038    .text               mc_p.l(llshl.o)
    0x00000530   0x00000530   0x00000022   Code   RO         4040    .text               mc_p.l(llushr.o)
    0x00000552   0x00000552   0x00000026   Code   RO         4042    .text               mc_p.l(llsshr.o)
    0x00000578   0x00000578   0x00000000   Code   RO         4046    .text               mc_p.l(iusefp.o)
    0x00000578   0x00000578   0x00000082   Code   RO         4047    .text               mf_p.l(fepilogue.o)
    0x000005fa   0x000005fa   0x000000be   Code   RO         4049    .text               mf_p.l(depilogue.o)
    0x000006b8   0x000006b8   0x00000024   Code   RO         4061    .text               mc_p.l(init.o)
    0x000006dc   0x000006dc   0x00000002   Code   RO            3    i.ADC_IRQHandler    interrupts_cw32f030.o
    0x000006de   0x000006de   0x00000002   Code   RO            4    i.AWT_IRQHandler    interrupts_cw32f030.o
    0x000006e0   0x000006e0   0x00000058   Code   RO          324    i.BTIM1_IRQHandler  main.o
    0x00000738   0x00000738   0x00000002   Code   RO            5    i.BTIM2_IRQHandler  interrupts_cw32f030.o
    0x0000073a   0x0000073a   0x00000002   Code   RO            6    i.BTIM3_IRQHandler  interrupts_cw32f030.o
    0x0000073c   0x0000073c   0x00000008   Code   RO         1303    i.BTIM_ClearITPendingBit  cw32f030_btim.o
    0x00000744   0x00000744   0x00000018   Code   RO         1304    i.BTIM_Cmd          cw32f030_btim.o
    0x0000075c   0x0000075c   0x00000012   Code   RO         1310    i.BTIM_GetITStatus  cw32f030_btim.o
    0x0000076e   0x0000076e   0x00000014   Code   RO         1312    i.BTIM_ITConfig     cw32f030_btim.o
    0x00000782   0x00000782   0x00000002   PAD
    0x00000784   0x00000784   0x00000020   Code   RO         1321    i.BTIM_TimeBaseInit  cw32f030_btim.o
    0x000007a4   0x000007a4   0x00000054   Code   RO          325    i.BTIM_init         main.o
    0x000007f8   0x000007f8   0x00000014   Code   RO            7    i.DMACH1_IRQHandler  interrupts_cw32f030.o
    0x0000080c   0x0000080c   0x00000002   Code   RO            8    i.DMACH23_IRQHandler  interrupts_cw32f030.o
    0x0000080e   0x0000080e   0x00000002   Code   RO            9    i.DMACH45_IRQHandler  interrupts_cw32f030.o
    0x00000810   0x00000810   0x00000010   Code   RO         1551    i.DMA_ClearITPendingBit  cw32f030_dma.o
    0x00000820   0x00000820   0x00000018   Code   RO         1555    i.DMA_GetITStatus   cw32f030_dma.o
    0x00000838   0x00000838   0x00000002   Code   RO           10    i.FAULT_IRQHandler  interrupts_cw32f030.o
    0x0000083a   0x0000083a   0x00000002   Code   RO           11    i.FLASHRAM_IRQHandler  interrupts_cw32f030.o
    0x0000083c   0x0000083c   0x00000024   Code   RO         1633    i.FLASH_SetLatency  cw32f030_flash.o
    0x00000860   0x00000860   0x00000002   Code   RO           12    i.GPIOA_IRQHandler  interrupts_cw32f030.o
    0x00000862   0x00000862   0x00000002   Code   RO           13    i.GPIOB_IRQHandler  interrupts_cw32f030.o
    0x00000864   0x00000864   0x00000002   Code   RO           14    i.GPIOC_IRQHandler  interrupts_cw32f030.o
    0x00000866   0x00000866   0x00000002   Code   RO           15    i.GPIOF_IRQHandler  interrupts_cw32f030.o
    0x00000868   0x00000868   0x00000064   Code   RO          326    i.GPIO_Configuration  main.o
    0x000008cc   0x000008cc   0x00000100   Code   RO         1757    i.GPIO_Init         cw32f030_gpio.o
    0x000009cc   0x000009cc   0x00000002   Code   RO           16    i.GTIM2_IRQHandler  interrupts_cw32f030.o
    0x000009ce   0x000009ce   0x00000002   Code   RO           17    i.GTIM3_IRQHandler  interrupts_cw32f030.o
    0x000009d0   0x000009d0   0x00000002   Code   RO           18    i.GTIM4_IRQHandler  interrupts_cw32f030.o
    0x000009d2   0x000009d2   0x00000004   Code   RO           19    i.HardFault_Handler  interrupts_cw32f030.o
    0x000009d6   0x000009d6   0x00000002   Code   RO           20    i.I2C1_IRQHandler   interrupts_cw32f030.o
    0x000009d8   0x000009d8   0x00000002   Code   RO           21    i.I2C2_IRQHandler   interrupts_cw32f030.o
    0x000009da   0x000009da   0x00000002   Code   RO           22    i.LVD_IRQHandler    interrupts_cw32f030.o
    0x000009dc   0x000009dc   0x00000002   Code   RO           23    i.NMI_Handler       interrupts_cw32f030.o
    0x000009de   0x000009de   0x00000002   Code   RO           24    i.PendSV_Handler    interrupts_cw32f030.o
    0x000009e0   0x000009e0   0x00000020   Code   RO         2484    i.RCC_AHBPeriphClk_Enable  cw32f030_rcc.o
    0x00000a00   0x00000a00   0x00000020   Code   RO         2487    i.RCC_APBPeriphClk_Enable2  cw32f030_rcc.o
    0x00000a20   0x00000a20   0x0000004c   Code   RO          327    i.RCC_Configuration  main.o
    0x00000a6c   0x00000a6c   0x00000020   Code   RO         2507    i.RCC_HCLKPRS_Config  cw32f030_rcc.o
    0x00000a8c   0x00000a8c   0x00000034   Code   RO         2513    i.RCC_HSI_Enable    cw32f030_rcc.o
    0x00000ac0   0x00000ac0   0x00000002   Code   RO           25    i.RCC_IRQHandler    interrupts_cw32f030.o
    0x00000ac2   0x00000ac2   0x00000002   PAD
    0x00000ac4   0x00000ac4   0x00000020   Code   RO         2525    i.RCC_PCLKPRS_Config  cw32f030_rcc.o
    0x00000ae4   0x00000ae4   0x000000b4   Code   RO         2528    i.RCC_PLL_Enable    cw32f030_rcc.o
    0x00000b98   0x00000b98   0x00000040   Code   RO         2532    i.RCC_SysClk_Switch  cw32f030_rcc.o
    0x00000bd8   0x00000bd8   0x000000d8   Code   RO         2533    i.RCC_Sysctrl_GetHClkFreq  cw32f030_rcc.o
    0x00000cb0   0x00000cb0   0x0000000c   Code   RO         2535    i.RCC_SystemCoreClockUpdate  cw32f030_rcc.o
    0x00000cbc   0x00000cbc   0x00000002   Code   RO           26    i.RTC_IRQHandler    interrupts_cw32f030.o
    0x00000cbe   0x00000cbe   0x00000002   Code   RO           27    i.SPI1_IRQHandler   interrupts_cw32f030.o
    0x00000cc0   0x00000cc0   0x00000002   Code   RO           28    i.SPI2_IRQHandler   interrupts_cw32f030.o
    0x00000cc2   0x00000cc2   0x00000002   Code   RO           29    i.SVC_Handler       interrupts_cw32f030.o
    0x00000cc4   0x00000cc4   0x00000018   Code   RO         3116    i.SysTick_Handler   cw32f030_systick.o
    0x00000cdc   0x00000cdc   0x00000010   Code   RO         3652    i.SystemCoreClockUpdate  system_cw32f030.o
    0x00000cec   0x00000cec   0x0000003c   Code   RO         3653    i.SystemInit        system_cw32f030.o
    0x00000d28   0x00000d28   0x000000a8   Code   RO          328    i.UART1_IRQHandler  main.o
    0x00000dd0   0x00000dd0   0x00000002   Code   RO           30    i.UART2_IRQHandler  interrupts_cw32f030.o
    0x00000dd2   0x00000dd2   0x00000002   PAD
    0x00000dd4   0x00000dd4   0x000000ac   Code   RO          329    i.UART_init         main.o
    0x00000e80   0x00000e80   0x00000008   Code   RO         3178    i.USART_ClearFlag   cw32f030_uart.o
    0x00000e88   0x00000e88   0x00000008   Code   RO         3179    i.USART_ClearITPendingBit  cw32f030_uart.o
    0x00000e90   0x00000e90   0x00000012   Code   RO         3183    i.USART_GetFlagStatus  cw32f030_uart.o
    0x00000ea2   0x00000ea2   0x00000012   Code   RO         3184    i.USART_GetITStatus  cw32f030_uart.o
    0x00000eb4   0x00000eb4   0x0000001a   Code   RO         3186    i.USART_ITConfig    cw32f030_uart.o
    0x00000ece   0x00000ece   0x00000002   PAD
    0x00000ed0   0x00000ed0   0x00000174   Code   RO         3187    i.USART_Init        cw32f030_uart.o
    0x00001044   0x00001044   0x00000008   Code   RO         3189    i.USART_ReceiveData_8bit  cw32f030_uart.o
    0x0000104c   0x0000104c   0x00000008   Code   RO         3190    i.USART_SendData    cw32f030_uart.o
    0x00001054   0x00001054   0x00000002   Code   RO           31    i.VC1_IRQHandler    interrupts_cw32f030.o
    0x00001056   0x00001056   0x00000002   Code   RO           32    i.VC2_IRQHandler    interrupts_cw32f030.o
    0x00001058   0x00001058   0x00000002   Code   RO           33    i.WDT_IRQHandler    interrupts_cw32f030.o
    0x0000105a   0x0000105a   0x0000002e   Code   RO         4051    i.__ARM_clz         mf_p.l(depilogue.o)
    0x00001088   0x00001088   0x0000001c   Code   RO         2210    i.__ARM_common_switch8  cw32f030_i2c.o
    0x000010a4   0x000010a4   0x00000020   Code   RO          330    i.__NVIC_EnableIRQ  main.o
    0x000010c4   0x000010c4   0x00000078   Code   RO          331    i.__NVIC_SetPriority  main.o
    0x0000113c   0x0000113c   0x0000000e   Code   RO         4065    i.__scatterload_copy  mc_p.l(handlers.o)
    0x0000114a   0x0000114a   0x00000002   Code   RO         4066    i.__scatterload_null  mc_p.l(handlers.o)
    0x0000114c   0x0000114c   0x0000000e   Code   RO         4067    i.__scatterload_zeroinit  mc_p.l(handlers.o)
    0x0000115a   0x0000115a   0x00000002   PAD
    0x0000115c   0x0000115c   0x00000080   Code   RO          333    i.main              main.o
    0x000011dc   0x000011dc   0x00000064   Data   RO         2537    .constdata          cw32f030_rcc.o
    0x00001240   0x00001240   0x00000020   Data   RO         4063    Region$$Table       anon$$obj.o


    Execution Region RW_IRAM1 (Exec base: 0x20000000, Load base: 0x00001260, Size: 0x00000230, Max: 0x00002000, ABSOLUTE)

    Exec Addr    Load Addr    Size         Type   Attr      Idx    E Section Name        Object

    0x20000000   0x00001260   0x00000010   Data   RW          335    .data               main.o
    0x20000010   0x00001270   0x00000009   Data   RW         3118    .data               cw32f030_systick.o
    0x20000019   0x00001279   0x00000003   PAD
    0x2000001c   0x0000127c   0x00000004   Data   RW         3655    .data               system_cw32f030.o
    0x20000020        -       0x0000000a   Zero   RW          334    .bss                main.o
    0x2000002a   0x00001280   0x00000006   PAD
    0x20000030        -       0x00000200   Zero   RW          315    STACK               startup_cw32f030.o


==============================================================================

Image component sizes


      Code (inc. data)   RO Data    RW Data    ZI Data      Debug   Object Name

       102          4          0          0          0       3471   cw32f030_btim.o
        40          8          0          0          0       1166   cw32f030_dma.o
        36          8          0          0          0        583   cw32f030_flash.o
       256          4          0          0          0       1108   cw32f030_gpio.o
        28          0          0          0          0         76   cw32f030_i2c.o
       652         98        100          0          0       6520   cw32f030_rcc.o
        24          8          0          9          0       1961   cw32f030_systick.o
       466         10          0          0          0       5590   cw32f030_uart.o
        82          0          0          0          0     207698   interrupts_cw32f030.o
       968        134          0         16         10      13924   main.o
        60         22        192          0        512        656   startup_cw32f030.o
        76         14          0          4          0       1367   system_cw32f030.o

    ----------------------------------------------------------------------
      2798        310        324         32        528     244120   Object Totals
         0          0         32          0          0          0   (incl. Generated)
         8          0          0          3          6          0   (incl. Padding)

    ----------------------------------------------------------------------

      Code (inc. data)   RO Data    RW Data    ZI Data      Debug   Library Member Name

         0          0          0          0          0          0   entry.o
         0          0          0          0          0          0   entry10a.o
         0          0          0          0          0          0   entry11a.o
         4          0          0          0          0          0   entry12b.o
         8          4          0          0          0          0   entry2.o
         4          0          0          0          0          0   entry5.o
         0          0          0          0          0          0   entry7b.o
         0          0          0          0          0          0   entry8b.o
         8          4          0          0          0          0   entry9a.o
        30          0          0          0          0          0   handlers.o
        36          8          0          0          0         68   init.o
         0          0          0          0          0          0   iusefp.o
        32          0          0          0          0         68   llshl.o
        38          0          0          0          0         68   llsshr.o
        34          0          0          0          0         68   llushr.o
        36          0          0          0          0         60   memcpya.o
        44          0          0          0          0         72   uidiv.o
       360          6          0          0          0        140   dadd.o
       236          0          0          0          0        216   depilogue.o
        60         10          0          0          0         68   dfixui.o
        40          0          0          0          0         60   f2d.o
       178          0          0          0          0        108   fadd.o
       124          0          0          0          0         72   fdiv.o
       130          0          0          0          0        144   fepilogue.o
        40          0          0          0          0         60   ffixui.o
        14          0          0          0          0         68   ffltui.o
       122          0          0          0          0         72   fmul.o

    ----------------------------------------------------------------------
      1582         32          0          0          0       1412   Library Totals
         4          0          0          0          0          0   (incl. Padding)

    ----------------------------------------------------------------------

      Code (inc. data)   RO Data    RW Data    ZI Data      Debug   Library Name

       274         16          0          0          0        404   mc_p.l
      1304         16          0          0          0       1008   mf_p.l

    ----------------------------------------------------------------------
      1582         32          0          0          0       1412   Library Totals

    ----------------------------------------------------------------------

==============================================================================


      Code (inc. data)   RO Data    RW Data    ZI Data      Debug   

      4380        342        324         32        528     242120   Grand Totals
      4380        342        324         32        528     242120   ELF Image Totals
      4380        342        324         32          0          0   ROM Totals

==============================================================================

    Total RO  Size (Code + RO Data)                 4704 (   4.59kB)
    Total RW  Size (RW Data + ZI Data)               560 (   0.55kB)
    Total ROM Size (Code + RO Data + RW Data)       4736 (   4.63kB)

==============================================================================

