Component: ARM Compiler 5.06 update 7 (build 960) Tool: armlink [4d3601]

==============================================================================

Section Cross References

    startup_cw32f030.o(RESET) refers to startup_cw32f030.o(STACK) for __initial_sp
    startup_cw32f030.o(RESET) refers to startup_cw32f030.o(.text) for Reset_Handler
    startup_cw32f030.o(RESET) refers to interrupts_cw32f030.o(i.NMI_Handler) for NMI_Handler
    startup_cw32f030.o(RESET) refers to interrupts_cw32f030.o(i.HardFault_Handler) for HardFault_Handler
    startup_cw32f030.o(RESET) refers to interrupts_cw32f030.o(i.SVC_Handler) for SVC_Handler
    startup_cw32f030.o(RESET) refers to interrupts_cw32f030.o(i.PendSV_Handler) for PendSV_Handler
    startup_cw32f030.o(RESET) refers to cw32f030_systick.o(i.SysTick_Handler) for SysTick_Handler
    startup_cw32f030.o(RESET) refers to interrupts_cw32f030.o(i.WDT_IRQHandler) for WDT_IRQHandler
    startup_cw32f030.o(RESET) refers to interrupts_cw32f030.o(i.LVD_IRQHandler) for LVD_IRQHandler
    startup_cw32f030.o(RESET) refers to interrupts_cw32f030.o(i.RTC_IRQHandler) for RTC_IRQHandler
    startup_cw32f030.o(RESET) refers to interrupts_cw32f030.o(i.FLASHRAM_IRQHandler) for FLASHRAM_IRQHandler
    startup_cw32f030.o(RESET) refers to interrupts_cw32f030.o(i.RCC_IRQHandler) for RCC_IRQHandler
    startup_cw32f030.o(RESET) refers to interrupts_cw32f030.o(i.GPIOA_IRQHandler) for GPIOA_IRQHandler
    startup_cw32f030.o(RESET) refers to interrupts_cw32f030.o(i.GPIOB_IRQHandler) for GPIOB_IRQHandler
    startup_cw32f030.o(RESET) refers to interrupts_cw32f030.o(i.GPIOC_IRQHandler) for GPIOC_IRQHandler
    startup_cw32f030.o(RESET) refers to interrupts_cw32f030.o(i.GPIOF_IRQHandler) for GPIOF_IRQHandler
    startup_cw32f030.o(RESET) refers to interrupts_cw32f030.o(i.DMACH1_IRQHandler) for DMACH1_IRQHandler
    startup_cw32f030.o(RESET) refers to interrupts_cw32f030.o(i.DMACH23_IRQHandler) for DMACH23_IRQHandler
    startup_cw32f030.o(RESET) refers to interrupts_cw32f030.o(i.DMACH45_IRQHandler) for DMACH45_IRQHandler
    startup_cw32f030.o(RESET) refers to interrupts_cw32f030.o(i.ADC_IRQHandler) for ADC_IRQHandler
    startup_cw32f030.o(RESET) refers to interrupts_cw32f030.o(i.VC1_IRQHandler) for VC1_IRQHandler
    startup_cw32f030.o(RESET) refers to interrupts_cw32f030.o(i.VC2_IRQHandler) for VC2_IRQHandler
    startup_cw32f030.o(RESET) refers to main.o(i.GTIM1_IRQHandler) for GTIM1_IRQHandler
    startup_cw32f030.o(RESET) refers to interrupts_cw32f030.o(i.GTIM2_IRQHandler) for GTIM2_IRQHandler
    startup_cw32f030.o(RESET) refers to interrupts_cw32f030.o(i.GTIM3_IRQHandler) for GTIM3_IRQHandler
    startup_cw32f030.o(RESET) refers to interrupts_cw32f030.o(i.GTIM4_IRQHandler) for GTIM4_IRQHandler
    startup_cw32f030.o(RESET) refers to main.o(i.BTIM1_IRQHandler) for BTIM1_IRQHandler
    startup_cw32f030.o(RESET) refers to interrupts_cw32f030.o(i.BTIM2_IRQHandler) for BTIM2_IRQHandler
    startup_cw32f030.o(RESET) refers to interrupts_cw32f030.o(i.BTIM3_IRQHandler) for BTIM3_IRQHandler
    startup_cw32f030.o(RESET) refers to interrupts_cw32f030.o(i.I2C1_IRQHandler) for I2C1_IRQHandler
    startup_cw32f030.o(RESET) refers to interrupts_cw32f030.o(i.I2C2_IRQHandler) for I2C2_IRQHandler
    startup_cw32f030.o(RESET) refers to interrupts_cw32f030.o(i.SPI1_IRQHandler) for SPI1_IRQHandler
    startup_cw32f030.o(RESET) refers to interrupts_cw32f030.o(i.SPI2_IRQHandler) for SPI2_IRQHandler
    startup_cw32f030.o(RESET) refers to interrupts_cw32f030.o(i.UART1_IRQHandler) for UART1_IRQHandler
    startup_cw32f030.o(RESET) refers to interrupts_cw32f030.o(i.UART2_IRQHandler) for UART2_IRQHandler
    startup_cw32f030.o(RESET) refers to interrupts_cw32f030.o(i.UART3_IRQHandler) for UART3_IRQHandler
    startup_cw32f030.o(RESET) refers to interrupts_cw32f030.o(i.AWT_IRQHandler) for AWT_IRQHandler
    startup_cw32f030.o(RESET) refers to interrupts_cw32f030.o(i.FAULT_IRQHandler) for FAULT_IRQHandler
    startup_cw32f030.o(.text) refers to system_cw32f030.o(i.SystemInit) for SystemInit
    startup_cw32f030.o(.text) refers to entry.o(.ARM.Collect$$$$00000000) for __main
    main.o(i.BTIM1_IRQHandler) refers to cw32f030_btim.o(i.BTIM_GetITStatus) for BTIM_GetITStatus
    main.o(i.BTIM1_IRQHandler) refers to cw32f030_btim.o(i.BTIM_ClearITPendingBit) for BTIM_ClearITPendingBit
    main.o(i.BTIM1_IRQHandler) refers to main.o(.data) for count2
    main.o(i.BTIM_init) refers to main.o(i.__NVIC_EnableIRQ) for __NVIC_EnableIRQ
    main.o(i.BTIM_init) refers to cw32f030_btim.o(i.BTIM_TimeBaseInit) for BTIM_TimeBaseInit
    main.o(i.BTIM_init) refers to cw32f030_btim.o(i.BTIM_ITConfig) for BTIM_ITConfig
    main.o(i.BTIM_init) refers to cw32f030_btim.o(i.BTIM_Cmd) for BTIM_Cmd
    main.o(i.GPIO_Configuration) refers to cw32f030_gpio.o(i.GPIO_Init) for GPIO_Init
    main.o(i.GTIM1_IRQHandler) refers to cw32f030_gtim.o(i.GTIM_GetITStatus) for GTIM_GetITStatus
[...]
    main.o(i.RCC_Configuration) refers to cw32f030_rcc.o(i.RCC_SystemCoreClockUpdate) for RCC_SystemCoreClockUpdate
    main.o(i.main) refers to main.o(i.RCC_Configuration) for RCC_Configuration
    main.o(i.main) refers to main.o(i.GPIO_Configuration) for GPIO_Configuration
    main.o(i.main) refers to main.o(i.GTIM_init) for GTIM_init
    main.o(i.main) refers to main.o(i.BTIM_init) for BTIM_init
    main.o(i.main) refers to cw32f030_gpio.o(i.GPIO_ReadPin) for GPIO_ReadPin
    cw32f030_adc.o(i.ADC_DisableIrq) refers to cw32f030_adc.o(i.ADC_DisableNvic) for ADC_DisableNvic
    cw32f030_adc.o(i.ADC_DisableNvic) refers to cw32f030_adc.o(i.__NVIC_ClearPendingIRQ) for __NVIC_ClearPendingIRQ
    cw32f030_adc.o(i.ADC_DisableNvic) refers to cw32f030_adc.o(i.__NVIC_SetPriority) for __NVIC_SetPriority
    cw32f030_adc.o(i.ADC_Enable) refers to cw32f030_adc.o(i.ADC_GetITStatus) for ADC_GetITStatus
    cw32f030_adc.o(i.ADC_EnableIrq) refers to cw32f030_adc.o(i.ADC_EnableNvic) for ADC_EnableNvic
    cw32f030_adc.o(i.ADC_EnableNvic) refers to cw32f030_adc.o(i.__NVIC_ClearPendingIRQ) for __NVIC_ClearPendingIRQ
    cw32f030_adc.o(i.ADC_EnableNvic) refers to cw32f030_adc.o(i.__NVIC_SetPriority) for __NVIC_SetPriority
    cw32f030_adc.o(i.ADC_GetTsVref1V5) refers to cw32f030_adc.o(i.ADC_GetConversionValue) for ADC_GetConversionValue
    cw32f030_adc.o(i.ADC_GetTsVref1V5) refers to ffltui.o(.text) for __aeabi_ui2f
    cw32f030_adc.o(i.ADC_GetTsVref1V5) refers to fmul.o(.text) for __aeabi_fmul
    cw32f030_adc.o(i.ADC_GetTsVref1V5) refers to fadd.o(.text) for __aeabi_fadd
    cw32f030_adc.o(i.ADC_GetTsVref2V5) refers to cw32f030_adc.o(i.ADC_GetConversionValue) for ADC_GetConversionValue
    cw32f030_adc.o(i.ADC_GetTsVref2V5) refers to fflti.o(.text) for __aeabi_i2f
    cw32f030_adc.o(i.ADC_GetTsVref2V5) refers to fmul.o(.text) for __aeabi_fmul
    cw32f030_adc.o(i.ADC_GetTsVref2V5) refers to ffltui.o(.text) for __aeabi_ui2f
    cw32f030_adc.o(i.ADC_GetTsVref2V5) refers to fadd.o(.text) for __aeabi_fadd
    cw32f030_adc.o(i.ADC_SerialChBreakModeCfg) refers to cw32f030_adc.o(i.ADC_SerialChCommon) for ADC_SerialChCommon
    cw32f030_adc.o(i.ADC_SerialChCommon) refers to cw32f030_adc.o(i.ADC_Init) for ADC_Init
    cw32f030_adc.o(i.ADC_SerialChCommon) refers to cw32f030_adc.o(i.ADC_Sqr0ChannelCfg) for ADC_Sqr0ChannelCfg
    cw32f030_adc.o(i.ADC_SerialChCommon) refers to cw32f030_adc.o(i.ADC_Sqr01ChannelCfg) for ADC_Sqr01ChannelCfg
    cw32f030_adc.o(i.ADC_SerialChCommon) refers to cw32f030_adc.o(i.ADC_Sqr02ChannelCfg) for ADC_Sqr02ChannelCfg
    cw32f030_adc.o(i.ADC_SerialChCommon) refers to cw32f030_adc.o(i.ADC_Sqr03ChannelCfg) for ADC_Sqr03ChannelCfg
    cw32f030_adc.o(i.ADC_SerialChContinuousModeCfg) refers to cw32f030_adc.o(i.ADC_SerialChCommon) for ADC_SerialChCommon
    cw32f030_adc.o(i.ADC_SerialChMoreModeCfg) refers to cw32f030_adc.o(i.ADC_SerialChCommon) for ADC_SerialChCommon
    cw32f030_adc.o(i.ADC_SerialChScanModeCfg) refers to cw32f030_adc.o(i.ADC_SerialChCommon) for ADC_SerialChCommon
    cw32f030_adc.o(i.ADC_SingleChCommon) refers to cw32f030_adc.o(i.ADC_Init) for ADC_Init
    cw32f030_adc.o(i.ADC_SingleChCommon) refers to cw32f030_adc.o(i.ADC_BufEnSingleCh) for ADC_BufEnSingleCh
    cw32f030_adc.o(i.ADC_SingleChCommon) refers to cw32f030_adc.o(i.ADC_WdtConfig) for ADC_WdtConfig
    cw32f030_adc.o(i.ADC_SingleChContinuousModeCfg) refers to cw32f030_adc.o(i.ADC_SingleChCommon) for ADC_SingleChCommon
    cw32f030_adc.o(i.ADC_SingleChMoreModeCfg) refers to cw32f030_adc.o(i.ADC_SingleChCommon) for ADC_SingleChCommon
    cw32f030_adc.o(i.ADC_SingleChOneModeCfg) refers to cw32f030_adc.o(i.ADC_SingleChCommon) for ADC_SingleChCommon
    cw32f030_adc.o(i.ADC_Sqr01ChannelCfg) refers to cw32f030_adc.o(i.ADC_BufEnSerialCh) for ADC_BufEnSerialCh
    cw32f030_adc.o(i.ADC_Sqr02ChannelCfg) refers to cw32f030_adc.o(i.ADC_BufEnSerialCh) for ADC_BufEnSerialCh
    cw32f030_adc.o(i.ADC_Sqr03ChannelCfg) refers to cw32f030_adc.o(i.ADC_BufEnSerialCh) for ADC_BufEnSerialCh
    cw32f030_adc.o(i.ADC_Sqr0ChannelCfg) refers to cw32f030_adc.o(i.ADC_BufEnSerialCh) for ADC_BufEnSerialCh
    cw32f030_flash.o(i.FLASH_SetReadOutLevel) refers to cw32f030_flash.o(i.FLASH_GetReadOutLevel) for FLASH_GetReadOutLevel
    cw32f030_i2c.o(i.I2C_MasterReadEepomData) refers to cw32f030_i2c.o(i.I2C_GenerateSTART) for I2C_GenerateSTART
    cw32f030_i2c.o(i.I2C_MasterReadEepomData) refers to cw32f030_i2c.o(i.I2C_GetIrq) for I2C_GetIrq
    cw32f030_i2c.o(i.I2C_MasterReadEepomData) refers to cw32f030_i2c.o(i.I2C_GetState) for I2C_GetState
    cw32f030_i2c.o(i.I2C_MasterReadEepomData) refers to cw32f030_i2c.o(i.__ARM_common_switch8) for __ARM_common_switch8
    cw32f030_i2c.o(i.I2C_MasterReadEepomData) refers to cw32f030_i2c.o(i.I2C_Send7bitAddress) for I2C_Send7bitAddress
    cw32f030_i2c.o(i.I2C_MasterReadEepomData) refers to cw32f030_i2c.o(i.I2C_SendData) for I2C_SendData
    cw32f030_i2c.o(i.I2C_MasterReadEepomData) refers to cw32f030_i2c.o(i.I2C_AcknowledgeConfig) for I2C_AcknowledgeConfig
    cw32f030_i2c.o(i.I2C_MasterReadEepomData) refers to cw32f030_i2c.o(i.I2C_ReceiveData) for I2C_ReceiveData
    cw32f030_i2c.o(i.I2C_MasterReadEepomData) refers to cw32f030_i2c.o(i.I2C_GenerateSTOP) for I2C_GenerateSTOP
    cw32f030_i2c.o(i.I2C_MasterReadEepomData) refers to cw32f030_i2c.o(i.I2C_ClearIrq) for I2C_ClearIrq
    cw32f030_i2c.o(i.I2C_MasterRecDataFromSlave) refers to cw32f030_i2c.o(i.I2C_GenerateSTART) for I2C_GenerateSTART
    cw32f030_i2c.o(i.I2C_MasterRecDataFromSlave) refers to cw32f030_i2c.o(i.I2C_GetIrq) for I2C_GetIrq
    cw32f030_i2c.o(i.I2C_MasterRecDataFromSlave) refers to cw32f030_i2c.o(i.I2C_GetState) for I2C_GetState
    cw32f030_i2c.o(i.I2C_MasterRecDataFromSlave) refers to cw32f030_i2c.o(i.I2C_Send7bitAddress) for I2C_Send7bitAddress
    cw32f030_i2c.o(i.I2C_MasterRecDataFromSlave) refers to cw32f030_i2c.o(i.I2C_AcknowledgeConfig) for I2C_AcknowledgeConfig
    cw32f030_i2c.o(i.I2C_MasterRecDataFromSlave) refers to cw32f030_i2c.o(i.I2C_ReceiveData) for I2C_ReceiveData
    cw32f030_i2c.o(i.I2C_MasterRecDataFromSlave) refers to cw32f030_i2c.o(i.I2C_GenerateSTOP) for I2C_GenerateSTOP
    cw32f030_i2c.o(i.I2C_MasterRecDataFromSlave) refers to cw32f030_i2c.o(i.I2C_ClearIrq) for I2C_ClearIrq
    cw32f030_i2c.o(i.I2C_MasterSendDataToSlave) refers to cw32f030_i2c.o(i.I2C_GenerateSTART) for I2C_GenerateSTART
    cw32f030_i2c.o(i.I2C_MasterSendDataToSlave) refers to cw32f030_i2c.o(i.I2C_GetIrq) for I2C_GetIrq
    cw32f030_i2c.o(i.I2C_MasterSendDataToSlave) refers to cw32f030_i2c.o(i.I2C_GetState) for I2C_GetState
    cw32f030_i2c.o(i.I2C_MasterSendDataToSlave) refers to cw32f030_i2c.o(i.I2C_Send7bitAddress) for I2C_Send7bitAddress
    cw32f030_i2c.o(i.I2C_MasterSendDataToSlave) refers to cw32f030_i2c.o(i.I2C_SendData) for I2C_SendData
    cw32f030_i2c.o(i.I2C_MasterSendDataToSlave) refers to cw32f030_i2c.o(i.I2C_GenerateSTOP) for I2C_GenerateSTOP
    cw32f030_i2c.o(i.I2C_MasterSendDataToSlave) refers to cw32f030_i2c.o(i.I2C_ClearIrq) for I2C_ClearIrq
    cw32f030_i2c.o(i.I2C_MasterWriteEepromData) refers to cw32f030_i2c.o(i.I2C_GenerateSTART) for I2C_GenerateSTART
    cw32f030_i2c.o(i.I2C_MasterWriteEepromData) refers to cw32f030_i2c.o(i.I2C_GetIrq) for I2C_GetIrq
    cw32f030_i2c.o(i.I2C_MasterWriteEepromData) refers to cw32f030_i2c.o(i.I2C_GetState) for I2C_GetState
    cw32f030_i2c.o(i.I2C_MasterWriteEepromData) refers to cw32f030_i2c.o(i.I2C_Send7bitAddress) for I2C_Send7bitAddress
    cw32f030_i2c.o(i.I2C_MasterWriteEepromData) refers to cw32f030_i2c.o(i.I2C_SendData) for I2C_SendData
    cw32f030_i2c.o(i.I2C_MasterWriteEepromData) refers to cw32f030_i2c.o(i.I2C_GenerateSTOP) for I2C_GenerateSTOP
    cw32f030_i2c.o(i.I2C_MasterWriteEepromData) refers to cw32f030_i2c.o(i.I2C_ClearIrq) for I2C_ClearIrq
    cw32f030_i2c.o(i.I2C_Master_Init) refers to cw32f030_i2c.o(i.I2C_SetBaud) for I2C_SetBaud
    cw32f030_i2c.o(i.I2C_Master_Init) refers to cw32f030_i2c.o(i.I2C_BaudGeneratorEnable) for I2C_BaudGeneratorEnable
    cw32f030_i2c.o(i.I2C_Master_Init) refers to cw32f030_i2c.o(i.I2C_FilterConfig) for I2C_FilterConfig
    cw32f030_i2c.o(i.I2C_Master_Init) refers to cw32f030_i2c.o(i.I2C_AcknowledgeConfig) for I2C_AcknowledgeConfig
    cw32f030_i2c.o(i.I2C_SlaveRecDataFromMaster) refers to cw32f030_i2c.o(i.I2C_GetIrq) for I2C_GetIrq
    cw32f030_i2c.o(i.I2C_SlaveRecDataFromMaster) refers to cw32f030_i2c.o(i.I2C_GetState) for I2C_GetState
    cw32f030_i2c.o(i.I2C_SlaveRecDataFromMaster) refers to cw32f030_i2c.o(i.__ARM_common_switch8) for __ARM_common_switch8
    cw32f030_i2c.o(i.I2C_SlaveRecDataFromMaster) refers to cw32f030_i2c.o(i.I2C_ReceiveData) for I2C_ReceiveData
    cw32f030_i2c.o(i.I2C_SlaveRecDataFromMaster) refers to cw32f030_i2c.o(i.I2C_ClearIrq) for I2C_ClearIrq
    cw32f030_i2c.o(i.I2C_SlaveSendDataToMaster) refers to cw32f030_i2c.o(i.I2C_GetIrq) for I2C_GetIrq
    cw32f030_i2c.o(i.I2C_SlaveSendDataToMaster) refers to cw32f030_i2c.o(i.I2C_GetState) for I2C_GetState
    cw32f030_i2c.o(i.I2C_SlaveSendDataToMaster) refers to cw32f030_i2c.o(i.I2C_SendData) for I2C_SendData
    cw32f030_i2c.o(i.I2C_SlaveSendDataToMaster) refers to cw32f030_i2c.o(i.I2C_ClearIrq) for I2C_ClearIrq
    cw32f030_i2c.o(i.I2C_Slave_Init) refers to cw32f030_i2c.o(i.I2C_FilterConfig) for I2C_FilterConfig
    cw32f030_i2c.o(i.I2C_Slave_Init) refers to cw32f030_i2c.o(i.I2C_AcknowledgeConfig) for I2C_AcknowledgeConfig
    cw32f030_i2c.o(i.I2C_Slave_Init) refers to cw32f030_i2c.o(i.I2C_SetOwnSlaveAddress0) for I2C_SetOwnSlaveAddress0
    cw32f030_i2c.o(i.I2C_Slave_Init) refers to cw32f030_i2c.o(i.I2C_GcConfig) for I2C_GcConfig
    cw32f030_i2c.o(i.I2C_Slave_Init) refers to cw32f030_i2c.o(i.I2C_SetOwnSlaveAddress1) for I2C_SetOwnSlaveAddress1
    cw32f030_i2c.o(i.I2C_Slave_Init) refers to cw32f030_i2c.o(i.I2C_SetOwnSlaveAddress2) for I2C_SetOwnSlaveAddress2
    cw32f030_lvd.o(i.LVD_DeInit) refers to cw32f030_lvd.o(i.LVD_DisableIrq) for LVD_DisableIrq
    cw32f030_lvd.o(i.LVD_DeInit) refers to cw32f030_lvd.o(i.LVD_Disable) for LVD_Disable
    cw32f030_lvd.o(i.LVD_DisableIrq) refers to cw32f030_lvd.o(i.LVD_DisableNvic) for LVD_DisableNvic
    cw32f030_lvd.o(i.LVD_DisableNvic) refers to cw32f030_lvd.o(i.__NVIC_ClearPendingIRQ) for __NVIC_ClearPendingIRQ
    cw32f030_lvd.o(i.LVD_EnableIrq) refers to cw32f030_lvd.o(i.LVD_EnableNvic) for LVD_EnableNvic
    cw32f030_lvd.o(i.LVD_EnableNvic) refers to cw32f030_lvd.o(i.__NVIC_ClearPendingIRQ) for __NVIC_ClearPendingIRQ
    cw32f030_lvd.o(i.LVD_EnableNvic) refers to cw32f030_lvd.o(i.__NVIC_SetPriority) for __NVIC_SetPriority
    cw32f030_lvd.o(i.LVD_Init) refers to cw32f030_lvd.o(i.LVD_Disable) for LVD_Disable
    cw32f030_lvd.o(i.LVD_Init) refers to cw32f030_lvd.o(i.LVD_DisableIrq) for LVD_DisableIrq
    cw32f030_rcc.o(i.RCC_HSE_Enable) refers to uidiv.o(.text) for __aeabi_uidivmod
    cw32f030_rcc.o(i.RCC_HSE_Enable) refers to ldiv.o(.text) for __aeabi_ldivmod
    cw32f030_rcc.o(i.RCC_PLL_Enable) refers to memcpya.o(.text) for __aeabi_memcpy4
    cw32f030_rcc.o(i.RCC_PLL_Enable) refers to cw32f030_rcc.o(.constdata) for .constdata
    cw32f030_rcc.o(i.RCC_SYSCLKSRC_Config) refers to cw32f030_rcc.o(i.RCC_Sysctrl_GetHClkFreq) for RCC_Sysctrl_GetHClkFreq
    cw32f030_rcc.o(i.RCC_SYSCLKSRC_Config) refers to cw32f030_rcc.o(i.RCC_SystemCoreClockUpdate) for RCC_SystemCoreClockUpdate
    cw32f030_rcc.o(i.RCC_SysClk_Switch) refers to cw32f030_rcc.o(i.RCC_Sysctrl_GetHClkFreq) for RCC_Sysctrl_GetHClkFreq
    cw32f030_rcc.o(i.RCC_SysClk_Switch) refers to cw32f030_rcc.o(i.RCC_SystemCoreClockUpdate) for RCC_SystemCoreClockUpdate
    cw32f030_rcc.o(i.RCC_Sysctrl_GetHClkFreq) refers to cw32f030_i2c.o(i.__ARM_common_switch8) for __ARM_common_switch8
    cw32f030_rcc.o(i.RCC_Sysctrl_GetHClkFreq) refers to uidiv.o(.text) for __aeabi_uidivmod
    cw32f030_rcc.o(i.RCC_Sysctrl_GetHClkFreq) refers to cw32f030_rcc.o(.constdata) for hsiprs_tbl
    cw32f030_rcc.o(i.RCC_Sysctrl_GetPClkFreq) refers to cw32f030_rcc.o(i.RCC_Sysctrl_GetHClkFreq) for RCC_Sysctrl_GetHClkFreq
    cw32f030_rcc.o(i.RCC_SystemCoreClockUpdate) refers to system_cw32f030.o(.data) for SystemCoreClock
    cw32f030_rtc.o(i.RTC_Init) refers to cw32f030_rtc.o(i.RTC_Cmd) for RTC_Cmd
    cw32f030_rtc.o(i.RTC_Init) refers to cw32f030_rtc.o(i.RTC_SetClockSource) for RTC_SetClockSource
    cw32f030_rtc.o(i.RTC_Init) refers to cw32f030_rcc.o(i.RCC_GetAllRstFlag) for RCC_GetAllRstFlag
    cw32f030_rtc.o(i.RTC_Init) refers to cw32f030_rtc.o(i.RTC_SetDate) for RTC_SetDate
    cw32f030_rtc.o(i.RTC_Init) refers to cw32f030_rtc.o(i.RTC_SetTime) for RTC_SetTime
    cw32f030_systick.o(i.GetTick) refers to cw32f030_systick.o(.data) for uwTick
    cw32f030_systick.o(i.InitTick) refers to uidiv.o(.text) for __aeabi_uidivmod
    cw32f030_systick.o(i.InitTick) refers to cw32f030_systick.o(i.__NVIC_SetPriority) for __NVIC_SetPriority
    cw32f030_systick.o(i.InitTick) refers to cw32f030_systick.o(.data) for uwTickFreq
    cw32f030_systick.o(i.SysTickDelay) refers to cw32f030_systick.o(i.GetTick) for GetTick
    cw32f030_systick.o(i.SysTickDelay) refers to cw32f030_systick.o(.data) for uwTickFreq
    cw32f030_systick.o(i.SysTick_Handler) refers to cw32f030_systick.o(.data) for uwTick
    cw32f030_uart.o(i.USART_Init) refers to ffltui.o(.text) for __aeabi_ui2f
    cw32f030_uart.o(i.USART_Init) refers to fdiv.o(.text) for __aeabi_fdiv
    cw32f030_uart.o(i.USART_Init) refers to ffixui.o(.text) for __aeabi_f2uiz
    cw32f030_uart.o(i.USART_Init) refers to fadd.o(.text) for __aeabi_frsub
    cw32f030_uart.o(i.USART_Init) refers to fmul.o(.text) for __aeabi_fmul
    cw32f030_uart.o(i.USART_Init) refers to f2d.o(.text) for __aeabi_f2d
    cw32f030_uart.o(i.USART_Init) refers to dadd.o(.text) for __aeabi_dadd
    cw32f030_uart.o(i.USART_Init) refers to dfixui.o(.text) for __aeabi_d2uiz
    cw32f030_vc.o(i.VC1VC2_INNInit) refers to cw32f030_adc.o(i.ADC_Enable) for ADC_Enable
    cw32f030_vc.o(i.VC1_ChannelDeInit) refers to cw32f030_vc.o(i.VC_DisableNvic) for VC_DisableNvic
    cw32f030_vc.o(i.VC1_ChannelInit) refers to cw32f030_vc.o(i.VC1VC2_INNInit) for VC1VC2_INNInit
    cw32f030_vc.o(i.VC1_DisableIrq) refers to cw32f030_vc.o(i.VC_DisableNvic) for VC_DisableNvic
    cw32f030_vc.o(i.VC1_EnableChannel) refers to cw32f030_vc.o(i.VC1_GetFlagStatus) for VC1_GetFlagStatus
    cw32f030_vc.o(i.VC1_EnableIrq) refers to cw32f030_vc.o(i.VC_EnableNvic) for VC_EnableNvic
    cw32f030_vc.o(i.VC2_ChannelDeInit) refers to cw32f030_vc.o(i.VC_DisableNvic) for VC_DisableNvic
    cw32f030_vc.o(i.VC2_ChannelInit) refers to cw32f030_vc.o(i.VC1VC2_INNInit) for VC1VC2_INNInit
    cw32f030_vc.o(i.VC2_DisableIrq) refers to cw32f030_vc.o(i.VC_DisableNvic) for VC_DisableNvic
    cw32f030_vc.o(i.VC2_EnableChannel) refers to cw32f030_vc.o(i.VC2_GetFlagStatus) for VC2_GetFlagStatus
    cw32f030_vc.o(i.VC2_EnableIrq) refers to cw32f030_vc.o(i.VC_EnableNvic) for VC_EnableNvic
    cw32f030_vc.o(i.VC_DeInit) refers to cw32f030_vc.o(i.VC1_ChannelDeInit) for VC1_ChannelDeInit
    cw32f030_vc.o(i.VC_DeInit) refers to cw32f030_vc.o(i.VC2_ChannelDeInit) for VC2_ChannelDeInit
    cw32f030_vc.o(i.VC_DisableNvic) refers to cw32f030_vc.o(i.__NVIC_ClearPendingIRQ) for __NVIC_ClearPendingIRQ
    cw32f030_vc.o(i.VC_EnableNvic) refers to cw32f030_vc.o(i.__NVIC_ClearPendingIRQ) for __NVIC_ClearPendingIRQ
    cw32f030_vc.o(i.VC_EnableNvic) refers to cw32f030_vc.o(i.__NVIC_SetPriority) for __NVIC_SetPriority
    system_cw32f030.o(i.SystemCoreClockUpdate) refers to system_cw32f030.o(.data) for SystemCoreClock
    system_cw32f030.o(i.SystemInit) refers to system_cw32f030.o(i.SystemCoreClockUpdate) for SystemCoreClockUpdate
    system_cw32f030.o(i.delay10us) refers to uidiv.o(.text) for __aeabi_uidivmod
    system_cw32f030.o(i.delay10us) refers to system_cw32f030.o(.data) for SystemCoreClock
    system_cw32f030.o(i.delay1ms) refers to uidiv.o(.text) for __aeabi_uidivmod
    system_cw32f030.o(i.delay1ms) refers to system_cw32f030.o(.data) for SystemCoreClock
    entry.o(.ARM.Collect$$$$00000000) refers (Special) to entry10a.o(.ARM.Collect$$$$0000000F) for __rt_final_cpp
    entry.o(.ARM.Collect$$$$00000000) refers (Special) to entry11a.o(.ARM.Collect$$$$00000011) for __rt_final_exit
    entry.o(.ARM.Collect$$$$00000000) refers (Special) to entry12b.o(.ARM.Collect$$$$0000000E) for __rt_lib_shutdown_fini
    entry.o(.ARM.Collect$$$$00000000) refers (Special) to entry7b.o(.ARM.Collect$$$$00000008) for _main_clock
    entry.o(.ARM.Collect$$$$00000000) refers (Special) to entry8b.o(.ARM.Collect$$$$0000000A) for _main_cpp_init
    entry.o(.ARM.Collect$$$$00000000) refers (Special) to entry9a.o(.ARM.Collect$$$$0000000B) for _main_init
    entry.o(.ARM.Collect$$$$00000000) refers (Special) to entry5.o(.ARM.Collect$$$$00000004) for _main_scatterload
    entry.o(.ARM.Collect$$$$00000000) refers (Special) to entry2.o(.ARM.Collect$$$$00000001) for _main_stk
    ldiv.o(.text) refers to uldiv.o(.text) for __aeabi_uldivmod
    fadd.o(.text) refers (Special) to iusefp.o(.text) for __I$use$fp
    fadd.o(.text) refers to fepilogue.o(.text) for _float_epilogue
    fmul.o(.text) refers (Special) to iusefp.o(.text) for __I$use$fp
    fdiv.o(.text) refers (Special) to iusefp.o(.text) for __I$use$fp
    fdiv.o(.text) refers to fepilogue.o(.text) for _float_round
    dadd.o(.text) refers (Special) to iusefp.o(.text) for __I$use$fp
    dadd.o(.text) refers to llshl.o(.text) for __aeabi_llsl
    dadd.o(.text) refers to llsshr.o(.text) for __aeabi_lasr
    dadd.o(.text) refers to depilogue.o(.text) for _double_epilogue
    fflti.o(.text) refers (Special) to iusefp.o(.text) for __I$use$fp
    fflti.o(.text) refers to fepilogue.o(.text) for _float_epilogue
    ffltui.o(.text) refers (Special) to iusefp.o(.text) for __I$use$fp
    ffltui.o(.text) refers to fepilogue.o(.text) for _float_epilogue
    ffixui.o(.text) refers (Special) to iusefp.o(.text) for __I$use$fp
    dfixui.o(.text) refers (Special) to iusefp.o(.text) for __I$use$fp
    dfixui.o(.text) refers to llushr.o(.text) for __aeabi_llsr
    f2d.o(.text) refers (Special) to iusefp.o(.text) for __I$use$fp
    entry2.o(.ARM.Collect$$$$00000001) refers to entry2.o(.ARM.Collect$$$$00002712) for __lit__00000000
    entry2.o(.ARM.Collect$$$$00002712) refers to startup_cw32f030.o(STACK) for __initial_sp
    entry2.o(__vectab_stack_and_reset_area) refers to startup_cw32f030.o(STACK) for __initial_sp
    entry2.o(__vectab_stack_and_reset_area) refers to entry.o(.ARM.Collect$$$$00000000) for __main
    entry5.o(.ARM.Collect$$$$00000004) refers to init.o(.text) for __scatterload
    entry9a.o(.ARM.Collect$$$$0000000B) refers to main.o(i.main) for main
    entry9b.o(.ARM.Collect$$$$0000000C) refers to main.o(i.main) for main
    uldiv.o(.text) refers to llushr.o(.text) for __aeabi_llsr
    uldiv.o(.text) refers to llshl.o(.text) for __aeabi_llsl
    depilogue.o(.text) refers to depilogue.o(i.__ARM_clz) for __ARM_clz
    depilogue.o(.text) refers to llshl.o(.text) for __aeabi_llsl
    depilogue.o(.text) refers to llushr.o(.text) for __aeabi_llsr
    init.o(.text) refers to entry5.o(.ARM.Collect$$$$00000004) for __main_after_scatterload


==============================================================================

Removing Unused input sections from the image.

    Removing interrupts_cw32f030.o(.rev16_text), (4 bytes).
    Removing interrupts_cw32f030.o(.revsh_text), (4 bytes).
    Removing startup_cw32f030.o(HEAP), (512 bytes).
    Removing main.o(.rev16_text), (4 bytes).
    Removing main.o(.revsh_text), (4 bytes).
    Removing cw32f030_adc.o(.rev16_text), (4 bytes).
    Removing cw32f030_adc.o(.revsh_text), (4 bytes).
    Removing cw32f030_adc.o(i.ADC_AutoStop), (20 bytes).
    Removing cw32f030_adc.o(i.ADC_BufEnSerialCh), (68 bytes).
    Removing cw32f030_adc.o(i.ADC_BufEnSingleCh), (68 bytes).
    Removing cw32f030_adc.o(i.ADC_ClearITPendingAll), (20 bytes).
    Removing cw32f030_adc.o(i.ADC_ClearITPendingBit), (16 bytes).
    Removing cw32f030_adc.o(i.ADC_ClrAccResult), (20 bytes).
    Removing cw32f030_adc.o(i.ADC_DMACmd), (36 bytes).
    Removing cw32f030_adc.o(i.ADC_DMADisable), (20 bytes).
    Removing cw32f030_adc.o(i.ADC_DMAEnable), (20 bytes).
    Removing cw32f030_adc.o(i.ADC_DeInit), (32 bytes).
    Removing cw32f030_adc.o(i.ADC_Disable), (20 bytes).
    Removing cw32f030_adc.o(i.ADC_DisableIrq), (24 bytes).
    Removing cw32f030_adc.o(i.ADC_DisableNvic), (52 bytes).
    Removing cw32f030_adc.o(i.ADC_Enable), (32 bytes).
    Removing cw32f030_adc.o(i.ADC_EnableIrq), (12 bytes).
    Removing cw32f030_adc.o(i.ADC_EnableNvic), (56 bytes).
    Removing cw32f030_adc.o(i.ADC_ExtTrigCfg), (40 bytes).
    Removing cw32f030_adc.o(i.ADC_GetAccResult), (20 bytes).
    Removing cw32f030_adc.o(i.ADC_GetConversionValue), (12 bytes).
    Removing cw32f030_adc.o(i.ADC_GetITStatus), (24 bytes).
    Removing cw32f030_adc.o(i.ADC_GetITStatusAll), (12 bytes).
    Removing cw32f030_adc.o(i.ADC_GetSqr0Result), (20 bytes).
    Removing cw32f030_adc.o(i.ADC_GetSqr1Result), (20 bytes).
    Removing cw32f030_adc.o(i.ADC_GetSqr2Result), (20 bytes).
    Removing cw32f030_adc.o(i.ADC_GetSqr3Result), (20 bytes).
    Removing cw32f030_adc.o(i.ADC_GetTsVref1V5), (68 bytes).
    Removing cw32f030_adc.o(i.ADC_GetTsVref2V5), (72 bytes).
    Removing cw32f030_adc.o(i.ADC_ITConfig), (40 bytes).
    Removing cw32f030_adc.o(i.ADC_Init), (96 bytes).
    Removing cw32f030_adc.o(i.ADC_SerialChBreakModeCfg), (32 bytes).
    Removing cw32f030_adc.o(i.ADC_SerialChCommon), (82 bytes).
    Removing cw32f030_adc.o(i.ADC_SerialChContinuousModeCfg), (32 bytes).
    Removing cw32f030_adc.o(i.ADC_SerialChMoreModeCfg), (56 bytes).
    Removing cw32f030_adc.o(i.ADC_SerialChScanModeCfg), (32 bytes).
    Removing cw32f030_adc.o(i.ADC_SetAlign), (20 bytes).
    Removing cw32f030_adc.o(i.ADC_SetDiscard), (20 bytes).
    Removing cw32f030_adc.o(i.ADC_SetTs), (20 bytes).
    Removing cw32f030_adc.o(i.ADC_SetVref), (20 bytes).
    Removing cw32f030_adc.o(i.ADC_SingleChCommon), (64 bytes).
    Removing cw32f030_adc.o(i.ADC_SingleChContinuousModeCfg), (32 bytes).
    Removing cw32f030_adc.o(i.ADC_SingleChMoreModeCfg), (56 bytes).
    Removing cw32f030_adc.o(i.ADC_SingleChOneModeCfg), (28 bytes).
    Removing cw32f030_adc.o(i.ADC_SoftwareStartConvCmd), (36 bytes).
    Removing cw32f030_adc.o(i.ADC_Sqr01ChannelCfg), (52 bytes).
    Removing cw32f030_adc.o(i.ADC_Sqr02ChannelCfg), (64 bytes).
    Removing cw32f030_adc.o(i.ADC_Sqr03ChannelCfg), (72 bytes).
    Removing cw32f030_adc.o(i.ADC_Sqr0ChannelCfg), (40 bytes).
    Removing cw32f030_adc.o(i.ADC_StructInit), (26 bytes).
    Removing cw32f030_adc.o(i.ADC_WdtConfig), (84 bytes).
    Removing cw32f030_adc.o(i.ADC_WdtInit), (28 bytes).
    Removing cw32f030_adc.o(i.__NVIC_ClearPendingIRQ), (24 bytes).
    Removing cw32f030_adc.o(i.__NVIC_SetPriority), (120 bytes).
    Removing cw32f030_atim.o(.rev16_text), (4 bytes).
    Removing cw32f030_atim.o(.revsh_text), (4 bytes).
    Removing cw32f030_atim.o(i.ATIM_ADCTriggerConfig), (36 bytes).
    Removing cw32f030_atim.o(i.ATIM_BrakeConfig), (28 bytes).
    Removing cw32f030_atim.o(i.ATIM_CH1Config), (32 bytes).
    Removing cw32f030_atim.o(i.ATIM_CH2Config), (32 bytes).
    Removing cw32f030_atim.o(i.ATIM_CH3Config), (32 bytes).
    Removing cw32f030_atim.o(i.ATIM_CH4Config), (32 bytes).
    Removing cw32f030_atim.o(i.ATIM_ClearITPendingBit), (12 bytes).
    Removing cw32f030_atim.o(i.ATIM_Cmd), (24 bytes).
    Removing cw32f030_atim.o(i.ATIM_CtrlPWMOutputs), (32 bytes).
    Removing cw32f030_atim.o(i.ATIM_DeInit), (32 bytes).
    Removing cw32f030_atim.o(i.ATIM_ETRConfig), (24 bytes).
    Removing cw32f030_atim.o(i.ATIM_GetCapture1A), (12 bytes).
    Removing cw32f030_atim.o(i.ATIM_GetCapture1B), (12 bytes).
    Removing cw32f030_atim.o(i.ATIM_GetCapture2A), (12 bytes).
    Removing cw32f030_atim.o(i.ATIM_GetCapture2B), (12 bytes).
    Removing cw32f030_atim.o(i.ATIM_GetCapture3A), (12 bytes).
    Removing cw32f030_atim.o(i.ATIM_GetCapture3B), (12 bytes).
    Removing cw32f030_atim.o(i.ATIM_GetITStatus), (24 bytes).
    Removing cw32f030_atim.o(i.ATIM_IC1AInit), (48 bytes).
    Removing cw32f030_atim.o(i.ATIM_IC1BInit), (52 bytes).
    Removing cw32f030_atim.o(i.ATIM_IC2AInit), (52 bytes).
    Removing cw32f030_atim.o(i.ATIM_IC2BInit), (56 bytes).
    Removing cw32f030_atim.o(i.ATIM_IC3AInit), (52 bytes).
    Removing cw32f030_atim.o(i.ATIM_IC3BInit), (56 bytes).
    Removing cw32f030_atim.o(i.ATIM_ITConfig), (32 bytes).
    Removing cw32f030_atim.o(i.ATIM_Init), (104 bytes).
    Removing cw32f030_atim.o(i.ATIM_MasterModeConfig), (24 bytes).
    Removing cw32f030_atim.o(i.ATIM_OC1AInit), (116 bytes).
    Removing cw32f030_atim.o(i.ATIM_OC1BInit), (96 bytes).
    Removing cw32f030_atim.o(i.ATIM_OC2AInit), (120 bytes).
    Removing cw32f030_atim.o(i.ATIM_OC2BInit), (100 bytes).
    Removing cw32f030_atim.o(i.ATIM_OC3AInit), (120 bytes).
    Removing cw32f030_atim.o(i.ATIM_OC3BInit), (100 bytes).
    Removing cw32f030_atim.o(i.ATIM_OC4Init), (64 bytes).
    Removing cw32f030_atim.o(i.ATIM_PWMOutputConfig), (76 bytes).
    Removing cw32f030_atim.o(i.ATIM_SetCompare1A), (12 bytes).
    Removing cw32f030_atim.o(i.ATIM_SetCompare1B), (12 bytes).
    Removing cw32f030_atim.o(i.ATIM_SetCompare2A), (12 bytes).
    Removing cw32f030_atim.o(i.ATIM_SetCompare2B), (12 bytes).
    Removing cw32f030_atim.o(i.ATIM_SetCompare3A), (12 bytes).
    Removing cw32f030_atim.o(i.ATIM_SetCompare3B), (12 bytes).
    Removing cw32f030_atim.o(i.ATIM_SetCompare4), (12 bytes).
    Removing cw32f030_atim.o(i.ATIM_SetReloadValue), (12 bytes).
    Removing cw32f030_atim.o(i.ATIM_SlaverModeConfig), (32 bytes).
    Removing cw32f030_atim.o(i.ATIM_TriggerSelect), (28 bytes).
    Removing cw32f030_atim.o(i.ATIM_UpdateEventSelect), (32 bytes).
    Removing cw32f030_awt.o(.rev16_text), (4 bytes).
    Removing cw32f030_awt.o(.revsh_text), (4 bytes).
    Removing cw32f030_awt.o(i.AWT_ClearITPendingBit), (16 bytes).
    Removing cw32f030_awt.o(i.AWT_ClkSourceConfig), (24 bytes).
    Removing cw32f030_awt.o(i.AWT_Cmd), (36 bytes).
    Removing cw32f030_awt.o(i.AWT_DeInit), (28 bytes).
    Removing cw32f030_awt.o(i.AWT_GetAutoreload), (12 bytes).
    Removing cw32f030_awt.o(i.AWT_GetClkSource), (16 bytes).
    Removing cw32f030_awt.o(i.AWT_GetCounter), (12 bytes).
    Removing cw32f030_awt.o(i.AWT_GetITStatus), (24 bytes).
    Removing cw32f030_awt.o(i.AWT_GetPrescaler), (16 bytes).
    Removing cw32f030_awt.o(i.AWT_ITConfig), (32 bytes).
    Removing cw32f030_awt.o(i.AWT_PrescalerConfig), (20 bytes).
    Removing cw32f030_awt.o(i.AWT_TimeCntInit), (40 bytes).
    Removing cw32f030_awt.o(i.AWT_TimeCntStructInit), (24 bytes).
    Removing cw32f030_btim.o(.rev16_text), (4 bytes).
    Removing cw32f030_btim.o(.revsh_text), (4 bytes).
    Removing cw32f030_btim.o(i.BTIM_DMACmd), (20 bytes).
    Removing cw32f030_btim.o(i.BTIM_DeInit), (28 bytes).
    Removing cw32f030_btim.o(i.BTIM_ETRConfig), (24 bytes).
    Removing cw32f030_btim.o(i.BTIM_GetAutoreload), (8 bytes).
    Removing cw32f030_btim.o(i.BTIM_GetCounter), (8 bytes).
    Removing cw32f030_btim.o(i.BTIM_GetPrescaler), (10 bytes).
    Removing cw32f030_btim.o(i.BTIM_ModeConfig), (12 bytes).
    Removing cw32f030_btim.o(i.BTIM_OutputToggleCmd), (24 bytes).
    Removing cw32f030_btim.o(i.BTIM_PrescalerConfig), (34 bytes).
    Removing cw32f030_btim.o(i.BTIM_SelectETRInputPolarity), (12 bytes).
    Removing cw32f030_btim.o(i.BTIM_SelectInputTrigger), (12 bytes).
    Removing cw32f030_btim.o(i.BTIM_SelectOnePulseMode), (12 bytes).
    Removing cw32f030_btim.o(i.BTIM_SetAutoreload), (4 bytes).
    Removing cw32f030_btim.o(i.BTIM_SetCounter), (4 bytes).
    Removing cw32f030_btim.o(i.BTIM_TimeBaseStructInit), (12 bytes).
    Removing cw32f030_crc.o(.rev16_text), (4 bytes).
    Removing cw32f030_crc.o(.revsh_text), (4 bytes).
    Removing cw32f030_crc.o(i.CRC16_Calc_16bit), (36 bytes).
    Removing cw32f030_crc.o(i.CRC16_Calc_32bit), (36 bytes).
    Removing cw32f030_crc.o(i.CRC16_Calc_8bit), (36 bytes).
    Removing cw32f030_crc.o(i.CRC32_Calc_16bit), (36 bytes).
    Removing cw32f030_crc.o(i.CRC32_Calc_32bit), (36 bytes).
    Removing cw32f030_crc.o(i.CRC32_Calc_8bit), (36 bytes).
    Removing cw32f030_debug.o(.rev16_text), (4 bytes).
    Removing cw32f030_debug.o(.revsh_text), (4 bytes).
    Removing cw32f030_debug.o(i.DBGMCU_Config), (32 bytes).
    Removing cw32f030_digitalsign.o(.rev16_text), (4 bytes).
    Removing cw32f030_digitalsign.o(.revsh_text), (4 bytes).
    Removing cw32f030_digitalsign.o(i.DIGITALSIGN_GetChipType), (26 bytes).
    Removing cw32f030_digitalsign.o(i.DIGITALSIGN_GetChipUid), (28 bytes).
    Removing cw32f030_digitalsign.o(i.DIGITALSIGN_GetFlashSize), (8 bytes).
    Removing cw32f030_digitalsign.o(i.DIGITALSIGN_GetPinCount), (12 bytes).
    Removing cw32f030_digitalsign.o(i.DIGITALSIGN_GetRamSize), (8 bytes).
    Removing cw32f030_dma.o(.rev16_text), (4 bytes).
    Removing cw32f030_dma.o(.revsh_text), (4 bytes).
    Removing cw32f030_dma.o(i.DMA_ClearITPendingBit), (16 bytes).
    Removing cw32f030_dma.o(i.DMA_Cmd), (24 bytes).
    Removing cw32f030_dma.o(i.DMA_DeInit), (28 bytes).
    Removing cw32f030_dma.o(i.DMA_GetFlagStatus), (10 bytes).
    Removing cw32f030_dma.o(i.DMA_GetITStatus), (24 bytes).
    Removing cw32f030_dma.o(i.DMA_ITConfig), (20 bytes).
    Removing cw32f030_dma.o(i.DMA_Init), (60 bytes).
    Removing cw32f030_dma.o(i.DMA_SWTrigCmd), (10 bytes).
    Removing cw32f030_dma.o(i.DMA_StructInit), (24 bytes).
    Removing cw32f030_flash.o(.rev16_text), (4 bytes).
    Removing cw32f030_flash.o(.revsh_text), (4 bytes).
    Removing cw32f030_flash.o(i.FLASH_CacheCmd), (20 bytes).
    Removing cw32f030_flash.o(i.FLASH_ClearITPendingBit), (16 bytes).
    Removing cw32f030_flash.o(i.FLASH_ErasePage), (120 bytes).
    Removing cw32f030_flash.o(i.FLASH_ErasePages), (140 bytes).
    Removing cw32f030_flash.o(i.FLASH_GetCacheStatus), (16 bytes).
    Removing cw32f030_flash.o(i.FLASH_GetITStatus), (24 bytes).
    Removing cw32f030_flash.o(i.FLASH_GetPrefetchStatus), (16 bytes).
    Removing cw32f030_flash.o(i.FLASH_GetReadOutLevel), (16 bytes).
    Removing cw32f030_flash.o(i.FLASH_GetStatus), (64 bytes).
    Removing cw32f030_flash.o(i.FLASH_ITConfig), (32 bytes).
    Removing cw32f030_flash.o(i.FLASH_LockAllPages), (16 bytes).
    Removing cw32f030_flash.o(i.FLASH_LockPage), (48 bytes).
    Removing cw32f030_flash.o(i.FLASH_LockPages), (68 bytes).
    Removing cw32f030_flash.o(i.FLASH_PrefetchCmd), (20 bytes).
    Removing cw32f030_flash.o(i.FLASH_SetReadOutLevel), (52 bytes).
    Removing cw32f030_flash.o(i.FLASH_UnlockAllPages), (16 bytes).
    Removing cw32f030_flash.o(i.FLASH_UnlockPage), (48 bytes).
    Removing cw32f030_flash.o(i.FLASH_UnlockPages), (68 bytes).
    Removing cw32f030_flash.o(i.FLASH_WirteBytes), (140 bytes).
    Removing cw32f030_gpio.o(.rev16_text), (4 bytes).
    Removing cw32f030_gpio.o(.revsh_text), (4 bytes).
    Removing cw32f030_gpio.o(i.GPIO_ConfigFilter), (8 bytes).
    Removing cw32f030_gpio.o(i.GPIO_DeInit), (56 bytes).
    Removing cw32f030_gpio.o(i.GPIO_GPIO2SWD), (28 bytes).
    Removing cw32f030_gpio.o(i.GPIO_HighByte_Write), (6 bytes).
    Removing cw32f030_gpio.o(i.GPIO_LockPin), (8 bytes).
    Removing cw32f030_gpio.o(i.GPIO_LowByte_Write), (6 bytes).
    Removing cw32f030_gpio.o(i.GPIO_SWD2GPIO), (24 bytes).
    Removing cw32f030_gpio.o(i.GPIO_TogglePin), (4 bytes).
    Removing cw32f030_gpio.o(i.GPIO_WritePin), (12 bytes).
    Removing cw32f030_gtim.o(.rev16_text), (4 bytes).
    Removing cw32f030_gtim.o(.revsh_text), (4 bytes).
    Removing cw32f030_gtim.o(i.GTIM1_DeInit), (32 bytes).
    Removing cw32f030_gtim.o(i.GTIM1_ITRConfig), (44 bytes).
    Removing cw32f030_gtim.o(i.GTIM2_DeInit), (32 bytes).
    Removing cw32f030_gtim.o(i.GTIM2_ITRConfig), (48 bytes).
    Removing cw32f030_gtim.o(i.GTIM3_DeInit), (36 bytes).
    Removing cw32f030_gtim.o(i.GTIM3_ITRConfig), (48 bytes).
    Removing cw32f030_gtim.o(i.GTIM4_DeInit), (36 bytes).
    Removing cw32f030_gtim.o(i.GTIM4_ITRConfig), (44 bytes).
    Removing cw32f030_gtim.o(i.GTIM_DMAConfig), (46 bytes).
    Removing cw32f030_gtim.o(i.GTIM_ETRConfig), (46 bytes).
    Removing cw32f030_gtim.o(i.GTIM_EncodeInit), (94 bytes).
    Removing cw32f030_gtim.o(i.GTIM_GetCapture1), (12 bytes).
    Removing cw32f030_gtim.o(i.GTIM_GetCapture2), (12 bytes).
    Removing cw32f030_gtim.o(i.GTIM_GetCapture3), (12 bytes).
    Removing cw32f030_gtim.o(i.GTIM_GetCapture4), (12 bytes).
    Removing cw32f030_gtim.o(i.GTIM_ICChannelConfig), (34 bytes).
    Removing cw32f030_gtim.o(i.GTIM_ICInit), (72 bytes).
    Removing cw32f030_gtim.o(i.GTIM_OCInit), (32 bytes).
    Removing cw32f030_gtim.o(i.GTIM_SetCompare1), (12 bytes).
    Removing cw32f030_gtim.o(i.GTIM_SetCompare2), (12 bytes).
    Removing cw32f030_gtim.o(i.GTIM_SetCompare3), (12 bytes).
    Removing cw32f030_gtim.o(i.GTIM_SetCompare4), (12 bytes).
    Removing cw32f030_gtim.o(i.GTIM_SetCounterValue), (10 bytes).
    Removing cw32f030_gtim.o(i.GTIM_SetPrescaler), (26 bytes).
    Removing cw32f030_gtim.o(i.GTIM_SetReloadValue), (10 bytes).
    Removing cw32f030_i2c.o(.rev16_text), (4 bytes).
    Removing cw32f030_i2c.o(.revsh_text), (4 bytes).
    Removing cw32f030_i2c.o(i.I2C1_DeInit), (44 bytes).
    Removing cw32f030_i2c.o(i.I2C1_SoftwareResetCmd), (44 bytes).
    Removing cw32f030_i2c.o(i.I2C2_DeInit), (44 bytes).
    Removing cw32f030_i2c.o(i.I2C2_SoftwareResetCmd), (44 bytes).
    Removing cw32f030_i2c.o(i.I2C_AcknowledgeConfig), (26 bytes).
    Removing cw32f030_i2c.o(i.I2C_BaudGeneratorEnable), (26 bytes).
    Removing cw32f030_i2c.o(i.I2C_ClearIrq), (10 bytes).
    Removing cw32f030_i2c.o(i.I2C_Cmd), (26 bytes).
    Removing cw32f030_i2c.o(i.I2C_FilterConfig), (26 bytes).
    Removing cw32f030_i2c.o(i.I2C_GcConfig), (26 bytes).
    Removing cw32f030_i2c.o(i.I2C_GenerateSTART), (52 bytes).
    Removing cw32f030_i2c.o(i.I2C_GenerateSTOP), (26 bytes).
    Removing cw32f030_i2c.o(i.I2C_GetIrq), (12 bytes).
    Removing cw32f030_i2c.o(i.I2C_GetState), (8 bytes).
    Removing cw32f030_i2c.o(i.I2C_MasterReadEepomData), (256 bytes).
    Removing cw32f030_i2c.o(i.I2C_MasterRecDataFromSlave), (220 bytes).
    Removing cw32f030_i2c.o(i.I2C_MasterSendDataToSlave), (166 bytes).
    Removing cw32f030_i2c.o(i.I2C_MasterWriteEepromData), (174 bytes).
    Removing cw32f030_i2c.o(i.I2C_Master_Init), (54 bytes).
    Removing cw32f030_i2c.o(i.I2C_ReceiveData), (8 bytes).
    Removing cw32f030_i2c.o(i.I2C_Send7bitAddress), (18 bytes).
    Removing cw32f030_i2c.o(i.I2C_SendData), (4 bytes).
    Removing cw32f030_i2c.o(i.I2C_SetBaud), (4 bytes).
    Removing cw32f030_i2c.o(i.I2C_SetOwnSlaveAddress0), (22 bytes).
    Removing cw32f030_i2c.o(i.I2C_SetOwnSlaveAddress1), (22 bytes).
    Removing cw32f030_i2c.o(i.I2C_SetOwnSlaveAddress2), (22 bytes).
    Removing cw32f030_i2c.o(i.I2C_SlaveRecDataFromMaster), (118 bytes).
    Removing cw32f030_i2c.o(i.I2C_SlaveSendDataToMaster), (124 bytes).
    Removing cw32f030_i2c.o(i.I2C_Slave_Init), (56 bytes).
    Removing cw32f030_iwdt.o(.rev16_text), (4 bytes).
    Removing cw32f030_iwdt.o(.revsh_text), (4 bytes).
    Removing cw32f030_iwdt.o(i.IWDT_DeInit), (32 bytes).
    Removing cw32f030_iwdt.o(i.IWDT_GetCounterValue), (20 bytes).
    Removing cw32f030_iwdt.o(i.IWDT_GetFlagStatus), (16 bytes).
    Removing cw32f030_iwdt.o(i.IWDT_ITConfig), (72 bytes).
    Removing cw32f030_iwdt.o(i.IWDT_Init), (84 bytes).
    Removing cw32f030_iwdt.o(i.IWDT_SetPrescaler), (56 bytes).
    Removing cw32f030_iwdt.o(i.IWDT_SetReloadValue), (44 bytes).
    Removing cw32f030_iwdt.o(i.IWDT_SetWindowValue), (44 bytes).
    Removing cw32f030_lvd.o(.rev16_text), (4 bytes).
    Removing cw32f030_lvd.o(.revsh_text), (4 bytes).
    Removing cw32f030_lvd.o(i.LVD_ClearIrq), (20 bytes).
    Removing cw32f030_lvd.o(i.LVD_DeInit), (12 bytes).
    Removing cw32f030_lvd.o(i.LVD_Disable), (20 bytes).
    Removing cw32f030_lvd.o(i.LVD_DisableIrq), (40 bytes).
    Removing cw32f030_lvd.o(i.LVD_DisableNvic), (44 bytes).
    Removing cw32f030_lvd.o(i.LVD_Enable), (20 bytes).
    Removing cw32f030_lvd.o(i.LVD_EnableIrq), (32 bytes).
    Removing cw32f030_lvd.o(i.LVD_EnableNvic), (52 bytes).
    Removing cw32f030_lvd.o(i.LVD_GetFilterResult), (16 bytes).
    Removing cw32f030_lvd.o(i.LVD_GetFlagStatus), (24 bytes).
    Removing cw32f030_lvd.o(i.LVD_GetIrqStatus), (16 bytes).
    Removing cw32f030_lvd.o(i.LVD_Init), (68 bytes).
    Removing cw32f030_lvd.o(i.LVD_TrigConfig), (40 bytes).
    Removing cw32f030_lvd.o(i.__NVIC_ClearPendingIRQ), (24 bytes).
    Removing cw32f030_lvd.o(i.__NVIC_SetPriority), (120 bytes).
    Removing cw32f030_pwr.o(.rev16_text), (4 bytes).
    Removing cw32f030_pwr.o(.revsh_text), (4 bytes).
    Removing cw32f030_pwr.o(i.PWR_Config), (32 bytes).
    Removing cw32f030_pwr.o(i.PWR_GotoLpmMode), (4 bytes).
    Removing cw32f030_ram.o(.rev16_text), (4 bytes).
    Removing cw32f030_ram.o(.revsh_text), (4 bytes).
    Removing cw32f030_ram.o(i.RAM_ClearITPendingBit), (16 bytes).
    Removing cw32f030_ram.o(i.RAM_GetErrorAddress), (12 bytes).
    Removing cw32f030_ram.o(i.RAM_GetITStatus), (24 bytes).
    Removing cw32f030_ram.o(i.RAM_ITConfig), (32 bytes).
    Removing cw32f030_rcc.o(.rev16_text), (4 bytes).
    Removing cw32f030_rcc.o(.revsh_text), (4 bytes).
    Removing cw32f030_rcc.o(i.RCC_AHBPeriphClk_Enable), (32 bytes).
    Removing cw32f030_rcc.o(i.RCC_AHBPeriphReset), (32 bytes).
    Removing cw32f030_rcc.o(i.RCC_APBPeriphClk_Enable1), (32 bytes).
    Removing cw32f030_rcc.o(i.RCC_APBPeriphClk_Enable2), (32 bytes).
    Removing cw32f030_rcc.o(i.RCC_APBPeriphReset1), (32 bytes).
    Removing cw32f030_rcc.o(i.RCC_APBPeriphReset2), (32 bytes).
    Removing cw32f030_rcc.o(i.RCC_ATIMITRSelect), (24 bytes).
    Removing cw32f030_rcc.o(i.RCC_BTIM1ITRSelect), (32 bytes).
    Removing cw32f030_rcc.o(i.RCC_BTIM2ITRSelect), (32 bytes).
    Removing cw32f030_rcc.o(i.RCC_BTIM3ITRSelect), (32 bytes).
    Removing cw32f030_rcc.o(i.RCC_CCS_Config), (48 bytes).
    Removing cw32f030_rcc.o(i.RCC_ClearITPendingBit), (16 bytes).
    Removing cw32f030_rcc.o(i.RCC_ClearRstFlag), (16 bytes).
    Removing cw32f030_rcc.o(i.RCC_DeInit), (132 bytes).
    Removing cw32f030_rcc.o(i.RCC_GTIM1ITRSelect), (28 bytes).
    Removing cw32f030_rcc.o(i.RCC_GTIM2ITRSelect), (32 bytes).
    Removing cw32f030_rcc.o(i.RCC_GTIM3ITRSelect), (32 bytes).
    Removing cw32f030_rcc.o(i.RCC_GTIM4ITRSelect), (32 bytes).
    Removing cw32f030_rcc.o(i.RCC_GetAllRstFlag), (12 bytes).
    Removing cw32f030_rcc.o(i.RCC_GetAllStableFlag), (12 bytes).
    Removing cw32f030_rcc.o(i.RCC_GetITStatus), (24 bytes).
    Removing cw32f030_rcc.o(i.RCC_GetRstFlag), (24 bytes).
    Removing cw32f030_rcc.o(i.RCC_GetStableFlag), (24 bytes).
    Removing cw32f030_rcc.o(i.RCC_HCLK_OUT), (72 bytes).
    Removing cw32f030_rcc.o(i.RCC_HSE_Disable), (28 bytes).
    Removing cw32f030_rcc.o(i.RCC_HSE_Enable), (204 bytes).
    Removing cw32f030_rcc.o(i.RCC_HSE_OUT), (68 bytes).
    Removing cw32f030_rcc.o(i.RCC_HSI_Disable), (28 bytes).
    Removing cw32f030_rcc.o(i.RCC_HSI_OUT), (56 bytes).
    Removing cw32f030_rcc.o(i.RCC_ITConfig), (48 bytes).
    Removing cw32f030_rcc.o(i.RCC_LOCKUP_Config), (32 bytes).
    Removing cw32f030_rcc.o(i.RCC_LSELOCK_Config), (28 bytes).
    Removing cw32f030_rcc.o(i.RCC_LSE_Disable), (28 bytes).
    Removing cw32f030_rcc.o(i.RCC_LSE_Enable), (144 bytes).
    Removing cw32f030_rcc.o(i.RCC_LSE_OUT), (68 bytes).
    Removing cw32f030_rcc.o(i.RCC_LSI_Disable), (28 bytes).
    Removing cw32f030_rcc.o(i.RCC_LSI_Enable), (64 bytes).
    Removing cw32f030_rcc.o(i.RCC_LSI_OUT), (68 bytes).
    Removing cw32f030_rcc.o(i.RCC_MCO_OUT), (72 bytes).
    Removing cw32f030_rcc.o(i.RCC_PCLK_OUT), (72 bytes).
    Removing cw32f030_rcc.o(i.RCC_PLL_Disable), (28 bytes).
    Removing cw32f030_rcc.o(i.RCC_PLL_OUT), (68 bytes).
    Removing cw32f030_rcc.o(i.RCC_SWDIO_Config), (32 bytes).
    Removing cw32f030_rcc.o(i.RCC_SYSCLKSRC_Config), (48 bytes).
    Removing cw32f030_rcc.o(i.RCC_Sysctrl_GetPClkFreq), (32 bytes).
    Removing cw32f030_rcc.o(i.RCC_WAKEUPCLK_Config), (32 bytes).
    Removing cw32f030_rtc.o(.rev16_text), (4 bytes).
    Removing cw32f030_rtc.o(.revsh_text), (4 bytes).
    Removing cw32f030_rtc.o(i.RTC_AWTCmd), (136 bytes).
    Removing cw32f030_rtc.o(i.RTC_AWTConfig), (140 bytes).
    Removing cw32f030_rtc.o(i.RTC_AlarmCmd), (172 bytes).
    Removing cw32f030_rtc.o(i.RTC_BCDToBin), (24 bytes).
    Removing cw32f030_rtc.o(i.RTC_BinToBCD), (28 bytes).
    Removing cw32f030_rtc.o(i.RTC_CalibrationCmd), (140 bytes).
    Removing cw32f030_rtc.o(i.RTC_CalibrationConfig), (140 bytes).
    Removing cw32f030_rtc.o(i.RTC_ClearITPendingBit), (68 bytes).
    Removing cw32f030_rtc.o(i.RTC_Cmd), (84 bytes).
    Removing cw32f030_rtc.o(i.RTC_DeInit), (124 bytes).
    Removing cw32f030_rtc.o(i.RTC_GetAlarm), (124 bytes).
    Removing cw32f030_rtc.o(i.RTC_GetDate), (60 bytes).
    Removing cw32f030_rtc.o(i.RTC_GetITState), (36 bytes).
    Removing cw32f030_rtc.o(i.RTC_GetTamperDate), (48 bytes).
    Removing cw32f030_rtc.o(i.RTC_GetTamperTime), (72 bytes).
    Removing cw32f030_rtc.o(i.RTC_GetTime), (84 bytes).
    Removing cw32f030_rtc.o(i.RTC_ITConfig), (92 bytes).
    Removing cw32f030_rtc.o(i.RTC_Init), (164 bytes).
    Removing cw32f030_rtc.o(i.RTC_OutputConfig), (136 bytes).
    Removing cw32f030_rtc.o(i.RTC_SetAlarm), (156 bytes).
    Removing cw32f030_rtc.o(i.RTC_SetClockSource), (68 bytes).
    Removing cw32f030_rtc.o(i.RTC_SetDate), (88 bytes).
    Removing cw32f030_rtc.o(i.RTC_SetInterval), (132 bytes).
    Removing cw32f030_rtc.o(i.RTC_SetTime), (160 bytes).
    Removing cw32f030_rtc.o(i.RTC_TamperCmd), (136 bytes).
    Removing cw32f030_rtc.o(i.RTC_TamperTriggerConfig), (136 bytes).
    Removing cw32f030_spi.o(.rev16_text), (4 bytes).
    Removing cw32f030_spi.o(.revsh_text), (4 bytes).
    Removing cw32f030_spi.o(i.SPI1_DeInit), (36 bytes).
    Removing cw32f030_spi.o(i.SPI2_DeInit), (32 bytes).
    Removing cw32f030_spi.o(i.SPI_BiDirectionalLineConfig), (4 bytes).
    Removing cw32f030_spi.o(i.SPI_ClearFlag), (8 bytes).
    Removing cw32f030_spi.o(i.SPI_ClearITPendingBit), (8 bytes).
    Removing cw32f030_spi.o(i.SPI_Cmd), (20 bytes).
    Removing cw32f030_spi.o(i.SPI_DMACmd), (20 bytes).
    Removing cw32f030_spi.o(i.SPI_DataSizeConfig), (14 bytes).
    Removing cw32f030_spi.o(i.SPI_FlushSendBuff), (10 bytes).
    Removing cw32f030_spi.o(i.SPI_GetFlagStatus), (18 bytes).
    Removing cw32f030_spi.o(i.SPI_GetITStatus), (18 bytes).
    Removing cw32f030_spi.o(i.SPI_ITConfig), (20 bytes).
    Removing cw32f030_spi.o(i.SPI_Init), (52 bytes).
    Removing cw32f030_spi.o(i.SPI_MISOOutputConfig), (24 bytes).
    Removing cw32f030_spi.o(i.SPI_NSSInternalSoftwareConfig), (4 bytes).
    Removing cw32f030_spi.o(i.SPI_ReceiveData), (8 bytes).
    Removing cw32f030_spi.o(i.SPI_SendData), (4 bytes).
    Removing cw32f030_spi.o(i.SPI_StructInit), (28 bytes).
    Removing cw32f030_systick.o(.rev16_text), (4 bytes).
    Removing cw32f030_systick.o(.revsh_text), (4 bytes).
    Removing cw32f030_systick.o(i.GetTick), (12 bytes).
    Removing cw32f030_systick.o(i.InitTick), (108 bytes).
    Removing cw32f030_systick.o(i.ResumeTick), (20 bytes).
    Removing cw32f030_systick.o(i.SuspendTick), (20 bytes).
    Removing cw32f030_systick.o(i.SysTickDelay), (44 bytes).
    Removing cw32f030_systick.o(i.__NVIC_SetPriority), (120 bytes).
    Removing cw32f030_uart.o(.rev16_text), (4 bytes).
    Removing cw32f030_uart.o(.revsh_text), (4 bytes).
    Removing cw32f030_uart.o(i.UART1_DeInit), (36 bytes).
    Removing cw32f030_uart.o(i.UART2_DeInit), (32 bytes).
    Removing cw32f030_uart.o(i.UART3_DeInit), (36 bytes).
    Removing cw32f030_uart.o(i.USART_ClearFlag), (8 bytes).
    Removing cw32f030_uart.o(i.USART_ClearITPendingBit), (8 bytes).
    Removing cw32f030_uart.o(i.USART_ClockInit), (28 bytes).
    Removing cw32f030_uart.o(i.USART_ClockStructInit), (8 bytes).
    Removing cw32f030_uart.o(i.USART_DMACmd), (26 bytes).
    Removing cw32f030_uart.o(i.USART_GetFlagStatus), (18 bytes).
    Removing cw32f030_uart.o(i.USART_GetITStatus), (18 bytes).
    Removing cw32f030_uart.o(i.USART_HalfDuplexCmd), (20 bytes).
    Removing cw32f030_uart.o(i.USART_ITConfig), (26 bytes).
    Removing cw32f030_uart.o(i.USART_Init), (372 bytes).
    Removing cw32f030_uart.o(i.USART_ReceiveData), (10 bytes).
    Removing cw32f030_uart.o(i.USART_ReceiveData_8bit), (8 bytes).
    Removing cw32f030_uart.o(i.USART_SendData), (8 bytes).
    Removing cw32f030_uart.o(i.USART_SendData_8bit), (4 bytes).
    Removing cw32f030_uart.o(i.USART_SetMultiMode), (32 bytes).
    Removing cw32f030_uart.o(i.USART_StructInit), (28 bytes).
    Removing cw32f030_uart.o(i.USART_TxRxEN), (26 bytes).
    Removing cw32f030_uart.o(i.USART_TxRxINV), (26 bytes).
    Removing cw32f030_vc.o(.rev16_text), (4 bytes).
    Removing cw32f030_vc.o(.revsh_text), (4 bytes).
    Removing cw32f030_vc.o(i.VC1VC2_BlankInit), (12 bytes).
    Removing cw32f030_vc.o(i.VC1VC2_DIVDeInit), (16 bytes).
    Removing cw32f030_vc.o(i.VC1VC2_DIVInit), (92 bytes).
    Removing cw32f030_vc.o(i.VC1VC2_INNInit), (112 bytes).
    Removing cw32f030_vc.o(i.VC1VC2_OutInit), (8 bytes).
    Removing cw32f030_vc.o(i.VC1_BlankCfg), (36 bytes).
    Removing cw32f030_vc.o(i.VC1_ChannelDeInit), (24 bytes).
    Removing cw32f030_vc.o(i.VC1_ChannelInit), (80 bytes).
    Removing cw32f030_vc.o(i.VC1_ClearIrq), (20 bytes).
    Removing cw32f030_vc.o(i.VC1_DisableChannel), (20 bytes).
    Removing cw32f030_vc.o(i.VC1_DisableFilter), (20 bytes).
    Removing cw32f030_vc.o(i.VC1_DisableIrq), (28 bytes).
    Removing cw32f030_vc.o(i.VC1_EnableChannel), (32 bytes).
    Removing cw32f030_vc.o(i.VC1_EnableFilter), (20 bytes).
    Removing cw32f030_vc.o(i.VC1_EnableIrq), (32 bytes).
    Removing cw32f030_vc.o(i.VC1_GetFlagStatus), (24 bytes).
    Removing cw32f030_vc.o(i.VC1_ITConfig), (32 bytes).
    Removing cw32f030_vc.o(i.VC1_OutputCfg), (28 bytes).
    Removing cw32f030_vc.o(i.VC1_PolarityCfg), (36 bytes).
    Removing cw32f030_vc.o(i.VC1_WindowEnable), (36 bytes).
    Removing cw32f030_vc.o(i.VC2_BlankCfg), (36 bytes).
    Removing cw32f030_vc.o(i.VC2_ChannelDeInit), (24 bytes).
    Removing cw32f030_vc.o(i.VC2_ChannelInit), (80 bytes).
    Removing cw32f030_vc.o(i.VC2_ClearIrq), (20 bytes).
    Removing cw32f030_vc.o(i.VC2_DisableChannel), (20 bytes).
    Removing cw32f030_vc.o(i.VC2_DisableFilter), (20 bytes).
    Removing cw32f030_vc.o(i.VC2_DisableIrq), (28 bytes).
    Removing cw32f030_vc.o(i.VC2_EnableChannel), (32 bytes).
    Removing cw32f030_vc.o(i.VC2_EnableFilter), (20 bytes).
    Removing cw32f030_vc.o(i.VC2_EnableIrq), (32 bytes).
    Removing cw32f030_vc.o(i.VC2_GetFlagStatus), (24 bytes).
    Removing cw32f030_vc.o(i.VC2_ITConfig), (40 bytes).
    Removing cw32f030_vc.o(i.VC2_OutputCfg), (28 bytes).
    Removing cw32f030_vc.o(i.VC2_PolarityCfg), (36 bytes).
    Removing cw32f030_vc.o(i.VC2_WindowEnable), (36 bytes).
    Removing cw32f030_vc.o(i.VC_DeInit), (40 bytes).
    Removing cw32f030_vc.o(i.VC_DisableNvic), (44 bytes).
    Removing cw32f030_vc.o(i.VC_EnableNvic), (60 bytes).
    Removing cw32f030_vc.o(i.__NVIC_ClearPendingIRQ), (24 bytes).
    Removing cw32f030_vc.o(i.__NVIC_SetPriority), (120 bytes).
    Removing cw32f030_wwdt.o(.rev16_text), (4 bytes).
    Removing cw32f030_wwdt.o(.revsh_text), (4 bytes).
    Removing cw32f030_wwdt.o(i.WWDT_ClearFlag), (20 bytes).
    Removing cw32f030_wwdt.o(i.WWDT_Cmd), (20 bytes).
    Removing cw32f030_wwdt.o(i.WWDT_DeInit), (32 bytes).
    Removing cw32f030_wwdt.o(i.WWDT_EnableIT), (24 bytes).
    Removing cw32f030_wwdt.o(i.WWDT_GetCounterValue), (16 bytes).
    Removing cw32f030_wwdt.o(i.WWDT_GetFlagStatus), (12 bytes).
    Removing cw32f030_wwdt.o(i.WWDT_GetWindowValue), (16 bytes).
    Removing cw32f030_wwdt.o(i.WWDT_Init), (76 bytes).
    Removing cw32f030_wwdt.o(i.WWDT_Refresh), (24 bytes).
    Removing cw32f030_wwdt.o(i.WWDT_SetPrescaler), (24 bytes).
    Removing cw32f030_wwdt.o(i.WWDT_SetWindowValue), (24 bytes).
    Removing system_cw32f030.o(.rev16_text), (4 bytes).
    Removing system_cw32f030.o(.revsh_text), (4 bytes).
    Removing system_cw32f030.o(i.FirmwareDelay), (18 bytes).
    Removing system_cw32f030.o(i.MemClr), (32 bytes).
    Removing system_cw32f030.o(i.delay10us), (92 bytes).
    Removing system_cw32f030.o(i.delay1ms), (88 bytes).
    Removing fadd.o(.text), (178 bytes).
    Removing fmul.o(.text), (122 bytes).
    Removing fdiv.o(.text), (124 bytes).
    Removing dadd.o(.text), (360 bytes).
    Removing fflti.o(.text), (22 bytes).
    Removing ffltui.o(.text), (14 bytes).
    Removing ffixui.o(.text), (40 bytes).
    Removing dfixui.o(.text), (60 bytes).
    Removing f2d.o(.text), (40 bytes).
    Removing fepilogue.o(.text), (130 bytes).
    Removing depilogue.o(.text), (190 bytes).
    Removing cw32f030_iwdt.o(i.IWDT_Cmd), (16 bytes).
    Removing cw32f030_iwdt.o(i.IWDT_Refresh), (16 bytes).
    Removing cw32f030_iwdt.o(i.IWDT_Unlock), (16 bytes).
    Removing cw32f030_iwdt.o(i.IWDT_Lock), (16 bytes).
    Removing cw32f030_iwdt.o(i.IWDT_Stop), (28 bytes).
    Removing cw32f030_iwdt.o(i.IWDT_ClearOVFlag), (20 bytes).
    Removing depilogue.o(i.__ARM_clz), (46 bytes).

501 unused section(s) (total 19972 bytes) removed from the image.

==============================================================================

Image Symbol Table

    Local Symbols

    Symbol Name                              Value     Ov Type        Size  Object(Section)

    RESET                                    0x00000000   Section      192  startup_cw32f030.o(RESET)
    ../clib/microlib/division.c              0x00000000   Number         0  uldiv.o ABSOLUTE
    ../clib/microlib/division.c              0x00000000   Number         0  uidiv.o ABSOLUTE
    ../clib/microlib/division.c              0x00000000   Number         0  ldiv.o ABSOLUTE
    ../clib/microlib/init/entry.s            0x00000000   Number         0  entry.o ABSOLUTE
    ../clib/microlib/init/entry.s            0x00000000   Number         0  entry5.o ABSOLUTE
    ../clib/microlib/init/entry.s            0x00000000   Number         0  entry9b.o ABSOLUTE
    ../clib/microlib/init/entry.s            0x00000000   Number         0  entry7b.o ABSOLUTE
    ../clib/microlib/init/entry.s            0x00000000   Number         0  entry7a.o ABSOLUTE
    ../clib/microlib/init/entry.s            0x00000000   Number         0  entry2.o ABSOLUTE
    ../clib/microlib/init/entry.s            0x00000000   Number         0  entry12b.o ABSOLUTE
    ../clib/microlib/init/entry.s            0x00000000   Number         0  entry12a.o ABSOLUTE
    ../clib/microlib/init/entry.s            0x00000000   Number         0  entry11b.o ABSOLUTE
    ../clib/microlib/init/entry.s            0x00000000   Number         0  entry11a.o ABSOLUTE
    ../clib/microlib/init/entry.s            0x00000000   Number         0  entry10b.o ABSOLUTE
    ../clib/microlib/init/entry.s            0x00000000   Number         0  entry10a.o ABSOLUTE
    ../clib/microlib/init/entry.s            0x00000000   Number         0  entry9a.o ABSOLUTE
    ../clib/microlib/init/entry.s            0x00000000   Number         0  entry8b.o ABSOLUTE
    ../clib/microlib/init/entry.s            0x00000000   Number         0  entry8a.o ABSOLUTE
    ../clib/microlib/longlong.c              0x00000000   Number         0  llsshr.o ABSOLUTE
    ../clib/microlib/longlong.c              0x00000000   Number         0  llushr.o ABSOLUTE
    ../clib/microlib/longlong.c              0x00000000   Number         0  llshl.o ABSOLUTE
    ../clib/microlib/string/memcpy.c         0x00000000   Number         0  memcpya.o ABSOLUTE
    ../clib/microlib/string/memcpy.c         0x00000000   Number         0  memcpyb.o ABSOLUTE
    ../clib/microlib/stubs.s                 0x00000000   Number         0  iusefp.o ABSOLUTE
    ../fplib/microlib/f2d.c                  0x00000000   Number         0  f2d.o ABSOLUTE
    ../fplib/microlib/fpadd.c                0x00000000   Number         0  dadd.o ABSOLUTE
    ../fplib/microlib/fpadd.c                0x00000000   Number         0  fadd.o ABSOLUTE
    ../fplib/microlib/fpdiv.c                0x00000000   Number         0  fdiv.o ABSOLUTE
    ../fplib/microlib/fpepilogue.c           0x00000000   Number         0  fepilogue.o ABSOLUTE
    ../fplib/microlib/fpepilogue.c           0x00000000   Number         0  depilogue.o ABSOLUTE
    ../fplib/microlib/fpfix.c                0x00000000   Number         0  ffixui.o ABSOLUTE
    ../fplib/microlib/fpfix.c                0x00000000   Number         0  dfixui.o ABSOLUTE
    ../fplib/microlib/fpflt.c                0x00000000   Number         0  fflti.o ABSOLUTE
    ../fplib/microlib/fpflt.c                0x00000000   Number         0  ffltui.o ABSOLUTE
    ../fplib/microlib/fpmul.c                0x00000000   Number         0  fmul.o ABSOLUTE
    ..\Libraries\src\cw32f030_adc.c          0x00000000   Number         0  cw32f030_adc.o ABSOLUTE
    ..\Libraries\src\cw32f030_atim.c         0x00000000   Number         0  cw32f030_atim.o ABSOLUTE
    ..\Libraries\src\cw32f030_awt.c          0x00000000   Number         0  cw32f030_awt.o ABSOLUTE
    ..\Libraries\src\cw32f030_btim.c         0x00000000   Number         0  cw32f030_btim.o ABSOLUTE
    ..\Libraries\src\cw32f030_crc.c          0x00000000   Number         0  cw32f030_crc.o ABSOLUTE
    ..\Libraries\src\cw32f030_debug.c        0x00000000   Number         0  cw32f030_debug.o ABSOLUTE
    ..\Libraries\src\cw32f030_digitalsign.c  0x00000000   Number         0  cw32f030_digitalsign.o ABSOLUTE
    ..\Libraries\src\cw32f030_dma.c          0x00000000   Number         0  cw32f030_dma.o ABSOLUTE
    ..\Libraries\src\cw32f030_flash.c        0x00000000   Number         0  cw32f030_flash.o ABSOLUTE
    ..\Libraries\src\cw32f030_gpio.c         0x00000000   Number         0  cw32f030_gpio.o ABSOLUTE
    ..\Libraries\src\cw32f030_gtim.c         0x00000000   Number         0  cw32f030_gtim.o ABSOLUTE
    ..\Libraries\src\cw32f030_i2c.c          0x00000000   Number         0  cw32f030_i2c.o ABSOLUTE
    ..\Libraries\src\cw32f030_iwdt.c         0x00000000   Number         0  cw32f030_iwdt.o ABSOLUTE
    ..\Libraries\src\cw32f030_lvd.c          0x00000000   Number         0  cw32f030_lvd.o ABSOLUTE
    ..\Libraries\src\cw32f030_pwr.c          0x00000000   Number         0  cw32f030_pwr.o ABSOLUTE
    ..\Libraries\src\cw32f030_ram.c          0x00000000   Number         0  cw32f030_ram.o ABSOLUTE
    ..\Libraries\src\cw32f030_rcc.c          0x00000000   Number         0  cw32f030_rcc.o ABSOLUTE
    ..\Libraries\src\cw32f030_rtc.c          0x00000000   Number         0  cw32f030_rtc.o ABSOLUTE
    ..\Libraries\src\cw32f030_spi.c          0x00000000   Number         0  cw32f030_spi.o ABSOLUTE
    ..\Libraries\src\cw32f030_systick.c      0x00000000   Number         0  cw32f030_systick.o ABSOLUTE
    ..\Libraries\src\cw32f030_uart.c         0x00000000   Number         0  cw32f030_uart.o ABSOLUTE
    ..\Libraries\src\cw32f030_vc.c           0x00000000   Number         0  cw32f030_vc.o ABSOLUTE
    ..\Libraries\src\cw32f030_wwdt.c         0x00000000   Number         0  cw32f030_wwdt.o ABSOLUTE
    ..\Libraries\src\system_cw32f030.c       0x00000000   Number         0  system_cw32f030.o ABSOLUTE
    ..\\Libraries\\src\\cw32f030_adc.c       0x00000000   Number         0  cw32f030_adc.o ABSOLUTE
    ..\\Libraries\\src\\cw32f030_atim.c      0x00000000   Number         0  cw32f030_atim.o ABSOLUTE
    ..\\Libraries\\src\\cw32f030_awt.c       0x00000000   Number         0  cw32f030_awt.o ABSOLUTE
    ..\\Libraries\\src\\cw32f030_btim.c      0x00000000   Number         0  cw32f030_btim.o ABSOLUTE
    ..\\Libraries\\src\\cw32f030_crc.c       0x00000000   Number         0  cw32f030_crc.o ABSOLUTE
    ..\\Libraries\\src\\cw32f030_debug.c     0x00000000   Number         0  cw32f030_debug.o ABSOLUTE
    ..\\Libraries\\src\\cw32f030_digitalsign.c 0x00000000   Number         0  cw32f030_digitalsign.o ABSOLUTE
    ..\\Libraries\\src\\cw32f030_dma.c       0x00000000   Number         0  cw32f030_dma.o ABSOLUTE
    ..\\Libraries\\src\\cw32f030_flash.c     0x00000000   Number         0  cw32f030_flash.o ABSOLUTE
    ..\\Libraries\\src\\cw32f030_gpio.c      0x00000000   Number         0  cw32f030_gpio.o ABSOLUTE
    ..\\Libraries\\src\\cw32f030_gtim.c      0x00000000   Number         0  cw32f030_gtim.o ABSOLUTE
    ..\\Libraries\\src\\cw32f030_i2c.c       0x00000000   Number         0  cw32f030_i2c.o ABSOLUTE
    ..\\Libraries\\src\\cw32f030_iwdt.c      0x00000000   Number         0  cw32f030_iwdt.o ABSOLUTE
    ..\\Libraries\\src\\cw32f030_lvd.c       0x00000000   Number         0  cw32f030_lvd.o ABSOLUTE
    ..\\Libraries\\src\\cw32f030_pwr.c       0x00000000   Number         0  cw32f030_pwr.o ABSOLUTE
    ..\\Libraries\\src\\cw32f030_ram.c       0x00000000   Number         0  cw32f030_ram.o ABSOLUTE
    ..\\Libraries\\src\\cw32f030_rcc.c       0x00000000   Number         0  cw32f030_rcc.o ABSOLUTE
    ..\\Libraries\\src\\cw32f030_rtc.c       0x00000000   Number         0  cw32f030_rtc.o ABSOLUTE
    ..\\Libraries\\src\\cw32f030_spi.c       0x00000000   Number         0  cw32f030_spi.o ABSOLUTE
    ..\\Libraries\\src\\cw32f030_systick.c   0x00000000   Number         0  cw32f030_systick.o ABSOLUTE
    ..\\Libraries\\src\\cw32f030_uart.c      0x00000000   Number         0  cw32f030_uart.o ABSOLUTE
    ..\\Libraries\\src\\cw32f030_vc.c        0x00000000   Number         0  cw32f030_vc.o ABSOLUTE
    ..\\Libraries\\src\\cw32f030_wwdt.c      0x00000000   Number         0  cw32f030_wwdt.o ABSOLUTE
    ..\\Libraries\\src\\system_cw32f030.c    0x00000000   Number         0  system_cw32f030.o ABSOLUTE
    USER\MAIN.c                              0x00000000   Number         0  main.o ABSOLUTE
    USER\\MAIN.c                             0x00000000   Number         0  main.o ABSOLUTE
    USER\\interrupts_cw32f030.c              0x00000000   Number         0  interrupts_cw32f030.o ABSOLUTE
    USER\interrupts_cw32f030.c               0x00000000   Number         0  interrupts_cw32f030.o ABSOLUTE
    USER\startup_cw32f030.s                  0x00000000   Number         0  startup_cw32f030.o ABSOLUTE
    dc.s                                     0x00000000   Number         0  dc.o ABSOLUTE
    handlers.s                               0x00000000   Number         0  handlers.o ABSOLUTE
    init.s                                   0x00000000   Number         0  init.o ABSOLUTE
    .ARM.Collect$$$$00000000                 0x000000c0   Section        0  entry.o(.ARM.Collect$$$$00000000)
    .ARM.Collect$$$$00000001                 0x000000c0   Section        4  entry2.o(.ARM.Collect$$$$00000001)
    .ARM.Collect$$$$00000004                 0x000000c4   Section        4  entry5.o(.ARM.Collect$$$$00000004)
    .ARM.Collect$$$$00000008                 0x000000c8   Section        0  entry7b.o(.ARM.Collect$$$$00000008)
    .ARM.Collect$$$$0000000A                 0x000000c8   Section        0  entry8b.o(.ARM.Collect$$$$0000000A)
    .ARM.Collect$$$$0000000B                 0x000000c8   Section        8  entry9a.o(.ARM.Collect$$$$0000000B)
    .ARM.Collect$$$$0000000E                 0x000000d0   Section        4  entry12b.o(.ARM.Collect$$$$0000000E)
    .ARM.Collect$$$$0000000F                 0x000000d4   Section        0  entry10a.o(.ARM.Collect$$$$0000000F)
    .ARM.Collect$$$$00000011                 0x000000d4   Section        0  entry11a.o(.ARM.Collect$$$$00000011)
    .ARM.Collect$$$$00002712                 0x000000d4   Section        4  entry2.o(.ARM.Collect$$$$00002712)
    __lit__00000000                          0x000000d4   Data           4  entry2.o(.ARM.Collect$$$$00002712)
    .text                                    0x000000d8   Section       60  startup_cw32f030.o(.text)
    .text                                    0x00000114   Section        0  uidiv.o(.text)
    .text                                    0x00000140   Section        0  memcpya.o(.text)
    .text                                    0x00000164   Section       36  init.o(.text)
    i.ADC_IRQHandler                         0x00000188   Section        0  interrupts_cw32f030.o(i.ADC_IRQHandler)
    i.AWT_IRQHandler                         0x0000018a   Section        0  interrupts_cw32f030.o(i.AWT_IRQHandler)
    i.BTIM1_IRQHandler                       0x0000018c   Section        0  main.o(i.BTIM1_IRQHandler)
    i.BTIM2_IRQHandler                       0x000001d4   Section        0  interrupts_cw32f030.o(i.BTIM2_IRQHandler)
    i.BTIM3_IRQHandler                       0x000001d6   Section        0  interrupts_cw32f030.o(i.BTIM3_IRQHandler)
    i.BTIM_ClearITPendingBit                 0x000001d8   Section        0  cw32f030_btim.o(i.BTIM_ClearITPendingBit)
    i.BTIM_Cmd                               0x000001e0   Section        0  cw32f030_btim.o(i.BTIM_Cmd)
    i.BTIM_GetITStatus                       0x000001f8   Section        0  cw32f030_btim.o(i.BTIM_GetITStatus)
    i.BTIM_ITConfig                          0x0000020a   Section        0  cw32f030_btim.o(i.BTIM_ITConfig)
    i.BTIM_TimeBaseInit                      0x00000220   Section        0  cw32f030_btim.o(i.BTIM_TimeBaseInit)
    i.BTIM_init                              0x00000240   Section        0  main.o(i.BTIM_init)
    i.DMACH1_IRQHandler                      0x00000294   Section        0  interrupts_cw32f030.o(i.DMACH1_IRQHandler)
    i.DMACH23_IRQHandler                     0x00000296   Section        0  interrupts_cw32f030.o(i.DMACH23_IRQHandler)
    i.DMACH45_IRQHandler                     0x00000298   Section        0  interrupts_cw32f030.o(i.DMACH45_IRQHandler)
    i.FAULT_IRQHandler                       0x0000029a   Section        0  interrupts_cw32f030.o(i.FAULT_IRQHandler)
    i.FLASHRAM_IRQHandler                    0x0000029c   Section        0  interrupts_cw32f030.o(i.FLASHRAM_IRQHandler)
    i.FLASH_SetLatency                       0x000002a0   Section        0  cw32f030_flash.o(i.FLASH_SetLatency)
    i.GPIOA_IRQHandler                       0x000002c4   Section        0  interrupts_cw32f030.o(i.GPIOA_IRQHandler)
    i.GPIOB_IRQHandler                       0x000002c6   Section        0  interrupts_cw32f030.o(i.GPIOB_IRQHandler)
    i.GPIOC_IRQHandler                       0x000002c8   Section        0  interrupts_cw32f030.o(i.GPIOC_IRQHandler)
    i.GPIOF_IRQHandler                       0x000002ca   Section        0  interrupts_cw32f030.o(i.GPIOF_IRQHandler)
    i.GPIO_Configuration                     0x000002cc   Section        0  main.o(i.GPIO_Configuration)
    i.GPIO_Init                              0x00000358   Section        0  cw32f030_gpio.o(i.GPIO_Init)
    i.GPIO_ReadPin                           0x00000458   Section        0  cw32f030_gpio.o(i.GPIO_ReadPin)
    i.GTIM1_IRQHandler                       0x0000046c   Section        0  main.o(i.GTIM1_IRQHandler)
    i.GTIM2_IRQHandler                       0x000004b4   Section        0  interrupts_cw32f030.o(i.GTIM2_IRQHandler)
    i.GTIM3_IRQHandler                       0x000004b6   Section        0  interrupts_cw32f030.o(i.GTIM3_IRQHandler)
    i.GTIM4_IRQHandler                       0x000004b8   Section        0  interrupts_cw32f030.o(i.GTIM4_IRQHandler)
    i.GTIM_ClearITPendingBit                 0x000004ba   Section        0  cw32f030_gtim.o(i.GTIM_ClearITPendingBit)
    i.GTIM_Cmd                               0x000004c6   Section        0  cw32f030_gtim.o(i.GTIM_Cmd)
    i.GTIM_GetITStatus                       0x000004e2   Section        0  cw32f030_gtim.o(i.GTIM_GetITStatus)
    i.GTIM_ITConfig                          0x000004fa   Section        0  cw32f030_gtim.o(i.GTIM_ITConfig)
    i.GTIM_TimeBaseInit                      0x00000528   Section        0  cw32f030_gtim.o(i.GTIM_TimeBaseInit)
    i.GTIM_init                              0x00000568   Section        0  main.o(i.GTIM_init)
    i.HardFault_Handler                      0x000005c0   Section        0  interrupts_cw32f030.o(i.HardFault_Handler)
    i.I2C1_IRQHandler                        0x000005c4   Section        0  interrupts_cw32f030.o(i.I2C1_IRQHandler)
    i.I2C2_IRQHandler                        0x000005c6   Section        0  interrupts_cw32f030.o(i.I2C2_IRQHandler)
    i.LVD_IRQHandler                         0x000005c8   Section        0  interrupts_cw32f030.o(i.LVD_IRQHandler)
    i.NMI_Handler                            0x000005ca   Section        0  interrupts_cw32f030.o(i.NMI_Handler)
    i.PendSV_Handler                         0x000005cc   Section        0  interrupts_cw32f030.o(i.PendSV_Handler)
    i.RCC_Configuration                      0x000005d0   Section        0  main.o(i.RCC_Configuration)
    i.RCC_HCLKPRS_Config                     0x0000061c   Section        0  cw32f030_rcc.o(i.RCC_HCLKPRS_Config)
    i.RCC_HSI_Enable                         0x0000063c   Section        0  cw32f030_rcc.o(i.RCC_HSI_Enable)
    i.RCC_IRQHandler                         0x00000670   Section        0  interrupts_cw32f030.o(i.RCC_IRQHandler)
    i.RCC_PCLKPRS_Config                     0x00000674   Section        0  cw32f030_rcc.o(i.RCC_PCLKPRS_Config)
    i.RCC_PLL_Enable                         0x00000694   Section        0  cw32f030_rcc.o(i.RCC_PLL_Enable)
    i.RCC_SysClk_Switch                      0x00000748   Section        0  cw32f030_rcc.o(i.RCC_SysClk_Switch)
    i.RCC_Sysctrl_GetHClkFreq                0x00000788   Section        0  cw32f030_rcc.o(i.RCC_Sysctrl_GetHClkFreq)
    i.RCC_SystemCoreClockUpdate              0x00000860   Section        0  cw32f030_rcc.o(i.RCC_SystemCoreClockUpdate)
    i.RTC_IRQHandler                         0x0000086c   Section        0  interrupts_cw32f030.o(i.RTC_IRQHandler)
    i.SPI1_IRQHandler                        0x0000086e   Section        0  interrupts_cw32f030.o(i.SPI1_IRQHandler)
    i.SPI2_IRQHandler                        0x00000870   Section        0  interrupts_cw32f030.o(i.SPI2_IRQHandler)
    i.SVC_Handler                            0x00000872   Section        0  interrupts_cw32f030.o(i.SVC_Handler)
    i.SysTick_Handler                        0x00000874   Section        0  cw32f030_systick.o(i.SysTick_Handler)
    i.SystemCoreClockUpdate                  0x0000088c   Section        0  system_cw32f030.o(i.SystemCoreClockUpdate)
    i.SystemInit                             0x0000089c   Section        0  system_cw32f030.o(i.SystemInit)
    i.UART1_IRQHandler                       0x000008d8   Section        0  interrupts_cw32f030.o(i.UART1_IRQHandler)
    i.UART2_IRQHandler                       0x000008da   Section        0  interrupts_cw32f030.o(i.UART2_IRQHandler)
    i.UART3_IRQHandler                       0x000008dc   Section        0  interrupts_cw32f030.o(i.UART3_IRQHandler)
    i.VC1_IRQHandler                         0x000008de   Section        0  interrupts_cw32f030.o(i.VC1_IRQHandler)
    i.VC2_IRQHandler                         0x000008e0   Section        0  interrupts_cw32f030.o(i.VC2_IRQHandler)
    i.WDT_IRQHandler                         0x000008e2   Section        0  interrupts_cw32f030.o(i.WDT_IRQHandler)
    i.__ARM_common_switch8                   0x000008e4   Section        0  cw32f030_i2c.o(i.__ARM_common_switch8)
    i.__NVIC_EnableIRQ                       0x00000900   Section        0  main.o(i.__NVIC_EnableIRQ)
    __NVIC_EnableIRQ                         0x00000901   Thumb Code    26  main.o(i.__NVIC_EnableIRQ)
    i.__scatterload_copy                     0x00000920   Section       14  handlers.o(i.__scatterload_copy)
    i.__scatterload_null                     0x0000092e   Section        2  handlers.o(i.__scatterload_null)
    i.__scatterload_zeroinit                 0x00000930   Section       14  handlers.o(i.__scatterload_zeroinit)
    i.main                                   0x00000940   Section        0  main.o(i.main)
    .constdata                               0x00000994   Section      100  cw32f030_rcc.o(.constdata)
    .data                                    0x20000000   Section        8  main.o(.data)
    count1                                   0x20000000   Data           4  main.o(.data)
    count2                                   0x20000004   Data           4  main.o(.data)
    .data                                    0x20000008   Section        9  cw32f030_systick.o(.data)
    .data                                    0x20000014   Section        4  system_cw32f030.o(.data)
    STACK                                    0x20000018   Section      512  startup_cw32f030.o(STACK)

    Global Symbols

    Symbol Name                              Value     Ov Type        Size  Object(Section)

    BuildAttributes$$THM_ISAv3M$S$PE$A:L22$X:L11$S22$IEEE1$IW$USESV6$~STKCKD$USESV7$~SHL$OTIME$ROPI$EBA8$MICROLIB$REQ8$PRES8$EABIv2 0x00000000   Number         0  anon$$obj.o ABSOLUTE
    __ARM_use_no_argv                        0x00000000   Number         0  main.o ABSOLUTE
    __Vectors                                0x00000000   Data           0  startup_cw32f030.o(RESET)
    __arm_fini_                               - Undefined Weak Reference
    __cpp_initialize__aeabi_                  - Undefined Weak Reference
    __cxa_finalize                            - Undefined Weak Reference
    __decompress                              - Undefined Weak Reference
    _clock_init                               - Undefined Weak Reference
    _microlib_exit                            - Undefined Weak Reference
    __Vectors_End                            0x000000c0   Data           0  startup_cw32f030.o(RESET)
    __Vectors_Size                           0x000000c0   Number         0  startup_cw32f030.o ABSOLUTE
    __main                                   0x000000c1   Thumb Code     0  entry.o(.ARM.Collect$$$$00000000)
    _main_stk                                0x000000c1   Thumb Code     0  entry2.o(.ARM.Collect$$$$00000001)
    _main_scatterload                        0x000000c5   Thumb Code     0  entry5.o(.ARM.Collect$$$$00000004)
    __main_after_scatterload                 0x000000c9   Thumb Code     0  entry5.o(.ARM.Collect$$$$00000004)
    _main_clock                              0x000000c9   Thumb Code     0  entry7b.o(.ARM.Collect$$$$00000008)
    _main_cpp_init                           0x000000c9   Thumb Code     0  entry8b.o(.ARM.Collect$$$$0000000A)
    _main_init                               0x000000c9   Thumb Code     0  entry9a.o(.ARM.Collect$$$$0000000B)
    __rt_lib_shutdown_fini                   0x000000d1   Thumb Code     0  entry12b.o(.ARM.Collect$$$$0000000E)
    __rt_final_cpp                           0x000000d5   Thumb Code     0  entry10a.o(.ARM.Collect$$$$0000000F)
    __rt_final_exit                          0x000000d5   Thumb Code     0  entry11a.o(.ARM.Collect$$$$00000011)
    Reset_Handler                            0x000000d9   Thumb Code    26  startup_cw32f030.o(.text)
    ATIM_IRQHandler                          0x000000fd   Thumb Code     0  startup_cw32f030.o(.text)
    __aeabi_uidiv                            0x00000115   Thumb Code     0  uidiv.o(.text)
    __aeabi_uidivmod                         0x00000115   Thumb Code    44  uidiv.o(.text)
    __aeabi_memcpy                           0x00000141   Thumb Code    36  memcpya.o(.text)
    __aeabi_memcpy4                          0x00000141   Thumb Code     0  memcpya.o(.text)
    __aeabi_memcpy8                          0x00000141   Thumb Code     0  memcpya.o(.text)
    __scatterload                            0x00000165   Thumb Code    28  init.o(.text)
    __scatterload_rt2                        0x00000165   Thumb Code     0  init.o(.text)
    ADC_IRQHandler                           0x00000189   Thumb Code     2  interrupts_cw32f030.o(i.ADC_IRQHandler)
    AWT_IRQHandler                           0x0000018b   Thumb Code     2  interrupts_cw32f030.o(i.AWT_IRQHandler)
    BTIM1_IRQHandler                         0x0000018d   Thumb Code    60  main.o(i.BTIM1_IRQHandler)
    BTIM2_IRQHandler                         0x000001d5   Thumb Code     2  interrupts_cw32f030.o(i.BTIM2_IRQHandler)
    BTIM3_IRQHandler                         0x000001d7   Thumb Code     2  interrupts_cw32f030.o(i.BTIM3_IRQHandler)
    BTIM_ClearITPendingBit                   0x000001d9   Thumb Code     8  cw32f030_btim.o(i.BTIM_ClearITPendingBit)
    BTIM_Cmd                                 0x000001e1   Thumb Code    24  cw32f030_btim.o(i.BTIM_Cmd)
    BTIM_GetITStatus                         0x000001f9   Thumb Code    18  cw32f030_btim.o(i.BTIM_GetITStatus)
    BTIM_ITConfig                            0x0000020b   Thumb Code    20  cw32f030_btim.o(i.BTIM_ITConfig)
    BTIM_TimeBaseInit                        0x00000221   Thumb Code    28  cw32f030_btim.o(i.BTIM_TimeBaseInit)
    BTIM_init                                0x00000241   Thumb Code    74  main.o(i.BTIM_init)
    DMACH1_IRQHandler                        0x00000295   Thumb Code     2  interrupts_cw32f030.o(i.DMACH1_IRQHandler)
    DMACH23_IRQHandler                       0x00000297   Thumb Code     2  interrupts_cw32f030.o(i.DMACH23_IRQHandler)
    DMACH45_IRQHandler                       0x00000299   Thumb Code     2  interrupts_cw32f030.o(i.DMACH45_IRQHandler)
    FAULT_IRQHandler                         0x0000029b   Thumb Code     2  interrupts_cw32f030.o(i.FAULT_IRQHandler)
    FLASHRAM_IRQHandler                      0x0000029d   Thumb Code     2  interrupts_cw32f030.o(i.FLASHRAM_IRQHandler)
    FLASH_SetLatency                         0x000002a1   Thumb Code    28  cw32f030_flash.o(i.FLASH_SetLatency)
    GPIOA_IRQHandler                         0x000002c5   Thumb Code     2  interrupts_cw32f030.o(i.GPIOA_IRQHandler)
    GPIOB_IRQHandler                         0x000002c7   Thumb Code     2  interrupts_cw32f030.o(i.GPIOB_IRQHandler)
    GPIOC_IRQHandler                         0x000002c9   Thumb Code     2  interrupts_cw32f030.o(i.GPIOC_IRQHandler)
    GPIOF_IRQHandler                         0x000002cb   Thumb Code     2  interrupts_cw32f030.o(i.GPIOF_IRQHandler)
    GPIO_Configuration                       0x000002cd   Thumb Code   120  main.o(i.GPIO_Configuration)
    GPIO_Init                                0x00000359   Thumb Code   252  cw32f030_gpio.o(i.GPIO_Init)
    GPIO_ReadPin                             0x00000459   Thumb Code    18  cw32f030_gpio.o(i.GPIO_ReadPin)
    GTIM1_IRQHandler                         0x0000046d   Thumb Code    60  main.o(i.GTIM1_IRQHandler)
    GTIM2_IRQHandler                         0x000004b5   Thumb Code     2  interrupts_cw32f030.o(i.GTIM2_IRQHandler)
    GTIM3_IRQHandler                         0x000004b7   Thumb Code     2  interrupts_cw32f030.o(i.GTIM3_IRQHandler)
    GTIM4_IRQHandler                         0x000004b9   Thumb Code     2  interrupts_cw32f030.o(i.GTIM4_IRQHandler)
    GTIM_ClearITPendingBit                   0x000004bb   Thumb Code    12  cw32f030_gtim.o(i.GTIM_ClearITPendingBit)
    GTIM_Cmd                                 0x000004c7   Thumb Code    28  cw32f030_gtim.o(i.GTIM_Cmd)
    GTIM_GetITStatus                         0x000004e3   Thumb Code    24  cw32f030_gtim.o(i.GTIM_GetITStatus)
    GTIM_ITConfig                            0x000004fb   Thumb Code    46  cw32f030_gtim.o(i.GTIM_ITConfig)
    GTIM_TimeBaseInit                        0x00000529   Thumb Code    60  cw32f030_gtim.o(i.GTIM_TimeBaseInit)
    GTIM_init                                0x00000569   Thumb Code    78  main.o(i.GTIM_init)
    HardFault_Handler                        0x000005c1   Thumb Code     4  interrupts_cw32f030.o(i.HardFault_Handler)
    I2C1_IRQHandler                          0x000005c5   Thumb Code     2  interrupts_cw32f030.o(i.I2C1_IRQHandler)
    I2C2_IRQHandler                          0x000005c7   Thumb Code     2  interrupts_cw32f030.o(i.I2C2_IRQHandler)
    LVD_IRQHandler                           0x000005c9   Thumb Code     2  interrupts_cw32f030.o(i.LVD_IRQHandler)
    NMI_Handler                              0x000005cb   Thumb Code     2  interrupts_cw32f030.o(i.NMI_Handler)
    PendSV_Handler                           0x000005cd   Thumb Code     2  interrupts_cw32f030.o(i.PendSV_Handler)
    RCC_Configuration                        0x000005d1   Thumb Code    62  main.o(i.RCC_Configuration)
    RCC_HCLKPRS_Config                       0x0000061d   Thumb Code    20  cw32f030_rcc.o(i.RCC_HCLKPRS_Config)
    RCC_HSI_Enable                           0x0000063d   Thumb Code    44  cw32f030_rcc.o(i.RCC_HSI_Enable)
    RCC_IRQHandler                           0x00000671   Thumb Code     2  interrupts_cw32f030.o(i.RCC_IRQHandler)
    RCC_PCLKPRS_Config                       0x00000675   Thumb Code    20  cw32f030_rcc.o(i.RCC_PCLKPRS_Config)
    RCC_PLL_Enable                           0x00000695   Thumb Code   168  cw32f030_rcc.o(i.RCC_PLL_Enable)
    RCC_SysClk_Switch                        0x00000749   Thumb Code    54  cw32f030_rcc.o(i.RCC_SysClk_Switch)
    RCC_Sysctrl_GetHClkFreq                  0x00000789   Thumb Code   194  cw32f030_rcc.o(i.RCC_Sysctrl_GetHClkFreq)
    RCC_SystemCoreClockUpdate                0x00000861   Thumb Code     6  cw32f030_rcc.o(i.RCC_SystemCoreClockUpdate)
    RTC_IRQHandler                           0x0000086d   Thumb Code     2  interrupts_cw32f030.o(i.RTC_IRQHandler)
    SPI1_IRQHandler                          0x0000086f   Thumb Code     2  interrupts_cw32f030.o(i.SPI1_IRQHandler)
    SPI2_IRQHandler                          0x00000871   Thumb Code     2  interrupts_cw32f030.o(i.SPI2_IRQHandler)
    SVC_Handler                              0x00000873   Thumb Code     2  interrupts_cw32f030.o(i.SVC_Handler)
    SysTick_Handler                          0x00000875   Thumb Code    16  cw32f030_systick.o(i.SysTick_Handler)
    SystemCoreClockUpdate                    0x0000088d   Thumb Code     8  system_cw32f030.o(i.SystemCoreClockUpdate)
    SystemInit                               0x0000089d   Thumb Code    54  system_cw32f030.o(i.SystemInit)
    UART1_IRQHandler                         0x000008d9   Thumb Code     2  interrupts_cw32f030.o(i.UART1_IRQHandler)
    UART2_IRQHandler                         0x000008db   Thumb Code     2  interrupts_cw32f030.o(i.UART2_IRQHandler)
    UART3_IRQHandler                         0x000008dd   Thumb Code     2  interrupts_cw32f030.o(i.UART3_IRQHandler)
    VC1_IRQHandler                           0x000008df   Thumb Code     2  interrupts_cw32f030.o(i.VC1_IRQHandler)
    VC2_IRQHandler                           0x000008e1   Thumb Code     2  interrupts_cw32f030.o(i.VC2_IRQHandler)
    WDT_IRQHandler                           0x000008e3   Thumb Code     2  interrupts_cw32f030.o(i.WDT_IRQHandler)
    __ARM_common_switch8                     0x000008e5   Thumb Code    28  cw32f030_i2c.o(i.__ARM_common_switch8)
    __scatterload_copy                       0x00000921   Thumb Code    14  handlers.o(i.__scatterload_copy)
    __scatterload_null                       0x0000092f   Thumb Code     2  handlers.o(i.__scatterload_null)
    __scatterload_zeroinit                   0x00000931   Thumb Code    14  handlers.o(i.__scatterload_zeroinit)
    main                                     0x00000941   Thumb Code    80  main.o(i.main)
    hsiprs_tbl                               0x00000994   Data          64  cw32f030_rcc.o(.constdata)
    Region$$Table$$Base                      0x000009f8   Number         0  anon$$obj.o(Region$$Table)
    Region$$Table$$Limit                     0x00000a18   Number         0  anon$$obj.o(Region$$Table)
    uwTick                                   0x20000008   Data           4  cw32f030_systick.o(.data)
    uwTickPrio                               0x2000000c   Data           4  cw32f030_systick.o(.data)
    uwTickFreq                               0x20000010   Data           1  cw32f030_systick.o(.data)
    SystemCoreClock                          0x20000014   Data           4  system_cw32f030.o(.data)
    __initial_sp                             0x20000218   Data           0  startup_cw32f030.o(STACK)



==============================================================================

Memory Map of the image

  Image Entry point : 0x000000c1

  Load Region LR_IROM1 (Base: 0x00000000, Size: 0x00000a30, Max: 0x00001000, ABSOLUTE)

    Execution Region ER_IROM1 (Exec base: 0x00000000, Load base: 0x00000000, Size: 0x00000a18, Max: 0x00001000, ABSOLUTE)

    Exec Addr    Load Addr    Size         Type   Attr      Idx    E Section Name        Object

    0x00000000   0x00000000   0x000000c0   Data   RO          329    RESET               startup_cw32f030.o
    0x000000c0   0x000000c0   0x00000000   Code   RO         3511  * .ARM.Collect$$$$00000000  mc_p.l(entry.o)
    0x000000c0   0x000000c0   0x00000004   Code   RO         3540    .ARM.Collect$$$$00000001  mc_p.l(entry2.o)
    0x000000c4   0x000000c4   0x00000004   Code   RO         3543    .ARM.Collect$$$$00000004  mc_p.l(entry5.o)
    0x000000c8   0x000000c8   0x00000000   Code   RO         3545    .ARM.Collect$$$$00000008  mc_p.l(entry7b.o)
    0x000000c8   0x000000c8   0x00000000   Code   RO         3547    .ARM.Collect$$$$0000000A  mc_p.l(entry8b.o)
    0x000000c8   0x000000c8   0x00000008   Code   RO         3548    .ARM.Collect$$$$0000000B  mc_p.l(entry9a.o)
    0x000000d0   0x000000d0   0x00000004   Code   RO         3555    .ARM.Collect$$$$0000000E  mc_p.l(entry12b.o)
    0x000000d4   0x000000d4   0x00000000   Code   RO         3550    .ARM.Collect$$$$0000000F  mc_p.l(entry10a.o)
    0x000000d4   0x000000d4   0x00000000   Code   RO         3552    .ARM.Collect$$$$00000011  mc_p.l(entry11a.o)
    0x000000d4   0x000000d4   0x00000004   Code   RO         3541    .ARM.Collect$$$$00002712  mc_p.l(entry2.o)
    0x000000d8   0x000000d8   0x0000003c   Code   RO          330    .text               startup_cw32f030.o
    0x00000114   0x00000114   0x0000002c   Code   RO         3514    .text               mc_p.l(uidiv.o)
    0x00000140   0x00000140   0x00000024   Code   RO         3518    .text               mc_p.l(memcpya.o)
    0x00000164   0x00000164   0x00000024   Code   RO         3571    .text               mc_p.l(init.o)
    0x00000188   0x00000188   0x00000002   Code   RO            3    i.ADC_IRQHandler    interrupts_cw32f030.o
    0x0000018a   0x0000018a   0x00000002   Code   RO            4    i.AWT_IRQHandler    interrupts_cw32f030.o
    0x0000018c   0x0000018c   0x00000048   Code   RO          336    i.BTIM1_IRQHandler  main.o
    0x000001d4   0x000001d4   0x00000002   Code   RO            5    i.BTIM2_IRQHandler  interrupts_cw32f030.o
    0x000001d6   0x000001d6   0x00000002   Code   RO            6    i.BTIM3_IRQHandler  interrupts_cw32f030.o
    0x000001d8   0x000001d8   0x00000008   Code   RO         1110    i.BTIM_ClearITPendingBit  cw32f030_btim.o
    0x000001e0   0x000001e0   0x00000018   Code   RO         1111    i.BTIM_Cmd          cw32f030_btim.o
    0x000001f8   0x000001f8   0x00000012   Code   RO         1117    i.BTIM_GetITStatus  cw32f030_btim.o
    0x0000020a   0x0000020a   0x00000014   Code   RO         1119    i.BTIM_ITConfig     cw32f030_btim.o
    0x0000021e   0x0000021e   0x00000002   PAD
    0x00000220   0x00000220   0x00000020   Code   RO         1128    i.BTIM_TimeBaseInit  cw32f030_btim.o
    0x00000240   0x00000240   0x00000054   Code   RO          337    i.BTIM_init         main.o
    0x00000294   0x00000294   0x00000002   Code   RO            7    i.DMACH1_IRQHandler  interrupts_cw32f030.o
    0x00000296   0x00000296   0x00000002   Code   RO            8    i.DMACH23_IRQHandler  interrupts_cw32f030.o
    0x00000298   0x00000298   0x00000002   Code   RO            9    i.DMACH45_IRQHandler  interrupts_cw32f030.o
    0x0000029a   0x0000029a   0x00000002   Code   RO           10    i.FAULT_IRQHandler  interrupts_cw32f030.o
    0x0000029c   0x0000029c   0x00000002   Code   RO           11    i.FLASHRAM_IRQHandler  interrupts_cw32f030.o
    0x0000029e   0x0000029e   0x00000002   PAD
    0x000002a0   0x000002a0   0x00000024   Code   RO         1440    i.FLASH_SetLatency  cw32f030_flash.o
    0x000002c4   0x000002c4   0x00000002   Code   RO           12    i.GPIOA_IRQHandler  interrupts_cw32f030.o
    0x000002c6   0x000002c6   0x00000002   Code   RO           13    i.GPIOB_IRQHandler  interrupts_cw32f030.o
    0x000002c8   0x000002c8   0x00000002   Code   RO           14    i.GPIOC_IRQHandler  interrupts_cw32f030.o
    0x000002ca   0x000002ca   0x00000002   Code   RO           15    i.GPIOF_IRQHandler  interrupts_cw32f030.o
    0x000002cc   0x000002cc   0x0000008c   Code   RO          338    i.GPIO_Configuration  main.o
    0x00000358   0x00000358   0x00000100   Code   RO         1564    i.GPIO_Init         cw32f030_gpio.o
    0x00000458   0x00000458   0x00000012   Code   RO         1567    i.GPIO_ReadPin      cw32f030_gpio.o
    0x0000046a   0x0000046a   0x00000002   PAD
    0x0000046c   0x0000046c   0x00000048   Code   RO          339    i.GTIM1_IRQHandler  main.o
    0x000004b4   0x000004b4   0x00000002   Code   RO           16    i.GTIM2_IRQHandler  interrupts_cw32f030.o
    0x000004b6   0x000004b6   0x00000002   Code   RO           17    i.GTIM3_IRQHandler  interrupts_cw32f030.o
    0x000004b8   0x000004b8   0x00000002   Code   RO           18    i.GTIM4_IRQHandler  interrupts_cw32f030.o
    0x000004ba   0x000004ba   0x0000000c   Code   RO         1648    i.GTIM_ClearITPendingBit  cw32f030_gtim.o
    0x000004c6   0x000004c6   0x0000001c   Code   RO         1649    i.GTIM_Cmd          cw32f030_gtim.o
    0x000004e2   0x000004e2   0x00000018   Code   RO         1657    i.GTIM_GetITStatus  cw32f030_gtim.o
    0x000004fa   0x000004fa   0x0000002e   Code   RO         1660    i.GTIM_ITConfig     cw32f030_gtim.o
    0x00000528   0x00000528   0x00000040   Code   RO         1669    i.GTIM_TimeBaseInit  cw32f030_gtim.o
    0x00000568   0x00000568   0x00000058   Code   RO          340    i.GTIM_init         main.o
    0x000005c0   0x000005c0   0x00000004   Code   RO           19    i.HardFault_Handler  interrupts_cw32f030.o
    0x000005c4   0x000005c4   0x00000002   Code   RO           20    i.I2C1_IRQHandler   interrupts_cw32f030.o
    0x000005c6   0x000005c6   0x00000002   Code   RO           21    i.I2C2_IRQHandler   interrupts_cw32f030.o
    0x000005c8   0x000005c8   0x00000002   Code   RO           22    i.LVD_IRQHandler    interrupts_cw32f030.o
    0x000005ca   0x000005ca   0x00000002   Code   RO           23    i.NMI_Handler       interrupts_cw32f030.o
    0x000005cc   0x000005cc   0x00000002   Code   RO           24    i.PendSV_Handler    interrupts_cw32f030.o
    0x000005ce   0x000005ce   0x00000002   PAD
    0x000005d0   0x000005d0   0x0000004c   Code   RO          341    i.RCC_Configuration  main.o
    0x0000061c   0x0000061c   0x00000020   Code   RO         2314    i.RCC_HCLKPRS_Config  cw32f030_rcc.o
    0x0000063c   0x0000063c   0x00000034   Code   RO         2320    i.RCC_HSI_Enable    cw32f030_rcc.o
    0x00000670   0x00000670   0x00000002   Code   RO           25    i.RCC_IRQHandler    interrupts_cw32f030.o
    0x00000672   0x00000672   0x00000002   PAD
    0x00000674   0x00000674   0x00000020   Code   RO         2332    i.RCC_PCLKPRS_Config  cw32f030_rcc.o
    0x00000694   0x00000694   0x000000b4   Code   RO         2335    i.RCC_PLL_Enable    cw32f030_rcc.o
    0x00000748   0x00000748   0x00000040   Code   RO         2339    i.RCC_SysClk_Switch  cw32f030_rcc.o
    0x00000788   0x00000788   0x000000d8   Code   RO         2340    i.RCC_Sysctrl_GetHClkFreq  cw32f030_rcc.o
    0x00000860   0x00000860   0x0000000c   Code   RO         2342    i.RCC_SystemCoreClockUpdate  cw32f030_rcc.o
    0x0000086c   0x0000086c   0x00000002   Code   RO           26    i.RTC_IRQHandler    interrupts_cw32f030.o
    0x0000086e   0x0000086e   0x00000002   Code   RO           27    i.SPI1_IRQHandler   interrupts_cw32f030.o
    0x00000870   0x00000870   0x00000002   Code   RO           28    i.SPI2_IRQHandler   interrupts_cw32f030.o
    0x00000872   0x00000872   0x00000002   Code   RO           29    i.SVC_Handler       interrupts_cw32f030.o
    0x00000874   0x00000874   0x00000018   Code   RO         2923    i.SysTick_Handler   cw32f030_systick.o
    0x0000088c   0x0000088c   0x00000010   Code   RO         3459    i.SystemCoreClockUpdate  system_cw32f030.o
    0x0000089c   0x0000089c   0x0000003c   Code   RO         3460    i.SystemInit        system_cw32f030.o
    0x000008d8   0x000008d8   0x00000002   Code   RO           30    i.UART1_IRQHandler  interrupts_cw32f030.o
    0x000008da   0x000008da   0x00000002   Code   RO           31    i.UART2_IRQHandler  interrupts_cw32f030.o
    0x000008dc   0x000008dc   0x00000002   Code   RO           32    i.UART3_IRQHandler  interrupts_cw32f030.o
    0x000008de   0x000008de   0x00000002   Code   RO           33    i.VC1_IRQHandler    interrupts_cw32f030.o
    0x000008e0   0x000008e0   0x00000002   Code   RO           34    i.VC2_IRQHandler    interrupts_cw32f030.o
    0x000008e2   0x000008e2   0x00000002   Code   RO           35    i.WDT_IRQHandler    interrupts_cw32f030.o
    0x000008e4   0x000008e4   0x0000001c   Code   RO         2017    i.__ARM_common_switch8  cw32f030_i2c.o
    0x00000900   0x00000900   0x00000020   Code   RO          342    i.__NVIC_EnableIRQ  main.o
    0x00000920   0x00000920   0x0000000e   Code   RO         3575    i.__scatterload_copy  mc_p.l(handlers.o)
    0x0000092e   0x0000092e   0x00000002   Code   RO         3576    i.__scatterload_null  mc_p.l(handlers.o)
    0x00000930   0x00000930   0x0000000e   Code   RO         3577    i.__scatterload_zeroinit  mc_p.l(handlers.o)
    0x0000093e   0x0000093e   0x00000002   PAD
    0x00000940   0x00000940   0x00000054   Code   RO          343    i.main              main.o
    0x00000994   0x00000994   0x00000064   Data   RO         2344    .constdata          cw32f030_rcc.o
    0x000009f8   0x000009f8   0x00000020   Data   RO         3573    Region$$Table       anon$$obj.o


    Execution Region RW_IRAM1 (Exec base: 0x20000000, Load base: 0x00000a18, Size: 0x00000218, Max: 0x00020000, ABSOLUTE)

    Exec Addr    Load Addr    Size         Type   Attr      Idx    E Section Name        Object

    0x20000000   0x00000a18   0x00000008   Data   RW          344    .data               main.o
    0x20000008   0x00000a20   0x00000009   Data   RW         2925    .data               cw32f030_systick.o
    0x20000011   0x00000a29   0x00000003   PAD
    0x20000014   0x00000a2c   0x00000004   Data   RW         3463    .data               system_cw32f030.o
    0x20000018        -       0x00000200   Zero   RW          327    STACK               startup_cw32f030.o


==============================================================================

Image component sizes


      Code (inc. data)   RO Data    RW Data    ZI Data      Debug   Object Name

       102          4          0          0          0       3111   cw32f030_btim.o
        36          8          0          0          0        523   cw32f030_flash.o
       274          4          0          0          0       1567   cw32f030_gpio.o
       174          4          0          0          0       3127   cw32f030_gtim.o
        28          0          0          0          0         76   cw32f030_i2c.o
       588         90        100          0          0       4767   cw32f030_rcc.o
        24          8          0          9          0       1721   cw32f030_systick.o
        68          0          0          0          0     208972   interrupts_cw32f030.o
       648         88          0          8          0      11858   main.o
        60         22        192          0        512        616   startup_cw32f030.o
        76         14          0          4          0       1187   system_cw32f030.o

    ----------------------------------------------------------------------
      2088        242        324         24        512     237525   Object Totals
         0          0         32          0          0          0   (incl. Generated)
        10          0          0          3          0          0   (incl. Padding)

    ----------------------------------------------------------------------

      Code (inc. data)   RO Data    RW Data    ZI Data      Debug   Library Member Name

         0          0          0          0          0          0   entry.o
         0          0          0          0          0          0   entry10a.o
         0          0          0          0          0          0   entry11a.o
         4          0          0          0          0          0   entry12b.o
         8          4          0          0          0          0   entry2.o
         4          0          0          0          0          0   entry5.o
         0          0          0          0          0          0   entry7b.o
         0          0          0          0          0          0   entry8b.o
         8          4          0          0          0          0   entry9a.o
        30          0          0          0          0          0   handlers.o
        36          8          0          0          0         68   init.o
        36          0          0          0          0         60   memcpya.o
        44          0          0          0          0         72   uidiv.o

    ----------------------------------------------------------------------
       172         16          0          0          0        200   Library Totals
         2          0          0          0          0          0   (incl. Padding)

    ----------------------------------------------------------------------

      Code (inc. data)   RO Data    RW Data    ZI Data      Debug   Library Name

       170         16          0          0          0        200   mc_p.l

    ----------------------------------------------------------------------
       172         16          0          0          0        200   Library Totals

    ----------------------------------------------------------------------

==============================================================================


      Code (inc. data)   RO Data    RW Data    ZI Data      Debug   

      2260        258        324         24        512     235149   Grand Totals
      2260        258        324         24        512     235149   ELF Image Totals
      2260        258        324         24          0          0   ROM Totals

==============================================================================

    Total RO  Size (Code + RO Data)                 2584 (   2.52kB)
    Total RW  Size (RW Data + ZI Data)               536 (   0.52kB)
    Total ROM Size (Code + RO Data + RW Data)       2608 (   2.55kB)

==============================================================================

